Flow report for elevator_fsm_reset
Tue Sep 25 18:38:57 2018
Quartus Prime Version 18.0.0 Build 614 04/24/2018 SJ Lite Edition


---------------------
; Table of Contents ;
---------------------
  1. Legal Notice
  2. Flow Summary
  3. Flow Settings
  4. Flow Non-Default Global Settings
  5. Flow Elapsed Time
  6. Flow OS Summary
  7. Flow Log
  8. Flow Messages
  9. Flow Suppressed Messages



----------------
; Legal Notice ;
----------------
Copyright (C) 2018  Intel Corporation. All rights reserved.
Your use of Intel Corporation's design tools, logic functions 
and other software and tools, and its AMPP partner logic 
functions, and any output files from any of the foregoing 
(including device programming or simulation files), and any 
associated documentation or information are expressly subject 
to the terms and conditions of the Intel Program License 
Subscription Agreement, the Intel Quartus Prime License Agreement,
the Intel FPGA IP License Agreement, or other applicable license
agreement, including, without limitation, that your use is for
the sole purpose of programming logic devices manufactured by
Intel and sold by Intel or its authorized distributors.  Please
refer to the applicable agreement for further details.



+----------------------------------------------------------------------------------+
; Flow Summary                                                                     ;
+------------------------------------+---------------------------------------------+
; Flow Status                        ; Successful - Tue Sep 25 18:38:57 2018       ;
; Quartus Prime Version              ; 18.0.0 Build 614 04/24/2018 SJ Lite Edition ;
; Revision Name                      ; elevator_fsm_reset                          ;
; Top-level Entity Name              ; elevator_fsm_reset                          ;
; Family                             ; MAX 10                                      ;
; Device                             ; 10M50DAF484C7G                              ;
; Timing Models                      ; Final                                       ;
; Total logic elements               ; 53                                          ;
;     Total combinational functions  ; 47                                          ;
;     Dedicated logic registers      ; 16                                          ;
; Total registers                    ; 16                                          ;
; Total pins                         ; 14                                          ;
; Total virtual pins                 ; 0                                           ;
; Total memory bits                  ; 0                                           ;
; Embedded Multiplier 9-bit elements ; 0                                           ;
; Total PLLs                         ; 0                                           ;
; UFM blocks                         ; 0                                           ;
; ADC blocks                         ; 0                                           ;
+------------------------------------+---------------------------------------------+


+-----------------------------------------+
; Flow Settings                           ;
+-------------------+---------------------+
; Option            ; Setting             ;
+-------------------+---------------------+
; Start date & time ; 09/25/2018 18:38:43 ;
; Main task         ; Compilation         ;
; Revision Name     ; elevator_fsm_reset  ;
+-------------------+---------------------+


+-------------------------------------------------------------------------------------------------------------------------------------+
; Flow Non-Default Global Settings                                                                                                    ;
+--------------------------------------+----------------------------------------+---------------+-------------+-----------------------+
; Assignment Name                      ; Value                                  ; Default Value ; Entity Name ; Section Id            ;
+--------------------------------------+----------------------------------------+---------------+-------------+-----------------------+
; COMPILER_SIGNATURE_ID                ; 2543711158273.153791872324004          ; --            ; --          ; --                    ;
; EDA_DESIGN_INSTANCE_NAME             ; NA                                     ; --            ; --          ; elevator_fsm_reset_tb ;
; EDA_NATIVELINK_SIMULATION_TEST_BENCH ; elevator_fsm_reset_tb                  ; --            ; --          ; eda_simulation        ;
; EDA_OUTPUT_DATA_FORMAT               ; Vhdl                                   ; --            ; --          ; eda_simulation        ;
; EDA_SIMULATION_TOOL                  ; ModelSim-Altera (VHDL)                 ; <None>        ; --          ; --                    ;
; EDA_TEST_BENCH_ENABLE_STATUS         ; TEST_BENCH_MODE                        ; --            ; --          ; eda_simulation        ;
; EDA_TEST_BENCH_FILE                  ; elevator_fsm_reset_tb.vhdl             ; --            ; --          ; elevator_fsm_reset_tb ;
; EDA_TEST_BENCH_MODULE_NAME           ; elevator_fsm_reset_tb                  ; --            ; --          ; elevator_fsm_reset_tb ;
; EDA_TEST_BENCH_NAME                  ; elevator_fsm_reset_tb                  ; --            ; --          ; eda_simulation        ;
; EDA_TEST_BENCH_RUN_SIM_FOR           ; 4000 ns                                ; --            ; --          ; elevator_fsm_reset_tb ;
; EDA_TIME_SCALE                       ; 1 ps                                   ; --            ; --          ; eda_simulation        ;
; MAX_CORE_JUNCTION_TEMP               ; 85                                     ; --            ; --          ; --                    ;
; MIN_CORE_JUNCTION_TEMP               ; 0                                      ; --            ; --          ; --                    ;
; PARTITION_COLOR                      ; -- (Not supported for targeted family) ; --            ; --          ; Top                   ;
; PARTITION_FITTER_PRESERVATION_LEVEL  ; -- (Not supported for targeted family) ; --            ; --          ; Top                   ;
; PARTITION_NETLIST_TYPE               ; -- (Not supported for targeted family) ; --            ; --          ; Top                   ;
; POWER_BOARD_THERMAL_MODEL            ; None (CONSERVATIVE)                    ; --            ; --          ; --                    ;
; POWER_PRESET_COOLING_SOLUTION        ; 23 MM HEAT SINK WITH 200 LFPM AIRFLOW  ; --            ; --          ; --                    ;
; PROJECT_OUTPUT_DIRECTORY             ; output_files                           ; --            ; --          ; --                    ;
; VHDL_INPUT_VERSION                   ; VHDL_2008                              ; VHDL_1993     ; --          ; --                    ;
; VHDL_SHOW_LMF_MAPPING_MESSAGES       ; Off                                    ; --            ; --          ; --                    ;
+--------------------------------------+----------------------------------------+---------------+-------------+-----------------------+


+--------------------------------------------------------------------------------------------------------------------------+
; Flow Elapsed Time                                                                                                        ;
+----------------------+--------------+-------------------------+---------------------+------------------------------------+
; Module Name          ; Elapsed Time ; Average Processors Used ; Peak Virtual Memory ; Total CPU Time (on all processors) ;
+----------------------+--------------+-------------------------+---------------------+------------------------------------+
; Analysis & Synthesis ; 00:00:14     ; 1.0                     ; 4805 MB             ; 00:00:30                           ;
; Total                ; 00:00:14     ; --                      ; --                  ; 00:00:30                           ;
+----------------------+--------------+-------------------------+---------------------+------------------------------------+


+------------------------------------------------------------------------------------+
; Flow OS Summary                                                                    ;
+----------------------+------------------+------------+------------+----------------+
; Module Name          ; Machine Hostname ; OS Name    ; OS Version ; Processor type ;
+----------------------+------------------+------------+------------+----------------+
; Analysis & Synthesis ; MSOE-C7216Q2     ; Windows 10 ; 10.0       ; x86_64         ;
+----------------------+------------------+------------+------------+----------------+


------------
; Flow Log ;
------------
quartus_map --read_settings_files=on --write_settings_files=off elevator_fsm_reset -c elevator_fsm_reset



