Archive member included to satisfy reference by file (symbol)

c:/intelfpga_lite/18.0/nios2eds/bin/gnu/h-x86_64-mingw32/bin/../lib/gcc/nios2-elf/5.3.0/../../../../../H-x86_64-mingw32/nios2-elf/lib\libsmallc.a(lib_a-printf.o)
                              obj/default/accel.o (printf)
c:/intelfpga_lite/18.0/nios2eds/bin/gnu/h-x86_64-mingw32/bin/../lib/gcc/nios2-elf/5.3.0/../../../../../H-x86_64-mingw32/nios2-elf/lib\libsmallc.a(lib_a-puts.o)
                              obj/default/accel.o (puts)
c:/intelfpga_lite/18.0/nios2eds/bin/gnu/h-x86_64-mingw32/bin/../lib/gcc/nios2-elf/5.3.0/../../../../../H-x86_64-mingw32/nios2-elf/lib\libsmallc.a(lib_a-strlen.o)
                              c:/intelfpga_lite/18.0/nios2eds/bin/gnu/h-x86_64-mingw32/bin/../lib/gcc/nios2-elf/5.3.0/../../../../../H-x86_64-mingw32/nios2-elf/lib\libsmallc.a(lib_a-puts.o) (strlen)
c:/intelfpga_lite/18.0/nios2eds/bin/gnu/h-x86_64-mingw32/bin/../lib/gcc/nios2-elf/5.3.0/../../../../../H-x86_64-mingw32/nios2-elf/lib\libsmallc.a(lib_a-vfprintf.o)
                              c:/intelfpga_lite/18.0/nios2eds/bin/gnu/h-x86_64-mingw32/bin/../lib/gcc/nios2-elf/5.3.0/../../../../../H-x86_64-mingw32/nios2-elf/lib\libsmallc.a(lib_a-printf.o) (___vfprintf_internal_r)
c:/intelfpga_lite/18.0/nios2eds/bin/gnu/h-x86_64-mingw32/bin/../lib/gcc/nios2-elf/5.3.0/../../../../../H-x86_64-mingw32/nios2-elf/lib\libsmallc.a(lib_a-fvwrite_small_dev.o)
                              c:/intelfpga_lite/18.0/nios2eds/bin/gnu/h-x86_64-mingw32/bin/../lib/gcc/nios2-elf/5.3.0/../../../../../H-x86_64-mingw32/nios2-elf/lib\libsmallc.a(lib_a-printf.o) (__sfvwrite_small_dev)
c:/intelfpga_lite/18.0/nios2eds/bin/gnu/h-x86_64-mingw32/bin/../lib/gcc/nios2-elf/5.3.0/../../../../../H-x86_64-mingw32/nios2-elf/lib\libsmallc.a(lib_a-impure.o)
                              c:/intelfpga_lite/18.0/nios2eds/bin/gnu/h-x86_64-mingw32/bin/../lib/gcc/nios2-elf/5.3.0/../../../../../H-x86_64-mingw32/nios2-elf/lib\libsmallc.a(lib_a-printf.o) (_impure_ptr)
c:/intelfpga_lite/18.0/nios2eds/bin/gnu/h-x86_64-mingw32/bin/../lib/gcc/nios2-elf/5.3.0/../../../../../H-x86_64-mingw32/nios2-elf/lib\libsmallc.a(lib_a-writer.o)
                              c:/intelfpga_lite/18.0/nios2eds/bin/gnu/h-x86_64-mingw32/bin/../lib/gcc/nios2-elf/5.3.0/../../../../../H-x86_64-mingw32/nios2-elf/lib\libsmallc.a(lib_a-fvwrite_small_dev.o) (_write_r)
c:/intelfpga_lite/18.0/nios2eds/bin/gnu/h-x86_64-mingw32/bin/../lib/gcc/nios2-elf/5.3.0/../../../../../H-x86_64-mingw32/nios2-elf/lib\libsmallc.a(lib_a-int_errno.o)
                              c:/intelfpga_lite/18.0/nios2eds/bin/gnu/h-x86_64-mingw32/bin/../lib/gcc/nios2-elf/5.3.0/../../../../../H-x86_64-mingw32/nios2-elf/lib\libsmallc.a(lib_a-writer.o) (errno)
c:/intelfpga_lite/18.0/nios2eds/bin/gnu/h-x86_64-mingw32/bin/../lib/gcc/nios2-elf/5.3.0\libgcc.a(lib2-divmod.o)
                              c:/intelfpga_lite/18.0/nios2eds/bin/gnu/h-x86_64-mingw32/bin/../lib/gcc/nios2-elf/5.3.0/../../../../../H-x86_64-mingw32/nios2-elf/lib\libsmallc.a(lib_a-vfprintf.o) (__udivsi3)
../accel_bsp/\libhal_bsp.a(alt_load.o)
                              ../accel_bsp//obj/HAL/src/crt0.o (alt_load)
../accel_bsp/\libhal_bsp.a(alt_main.o)
                              ../accel_bsp//obj/HAL/src/crt0.o (alt_main)
../accel_bsp/\libhal_bsp.a(alt_usleep.o)
                              obj/default/accel.o (usleep)
../accel_bsp/\libhal_bsp.a(alt_write.o)
                              c:/intelfpga_lite/18.0/nios2eds/bin/gnu/h-x86_64-mingw32/bin/../lib/gcc/nios2-elf/5.3.0/../../../../../H-x86_64-mingw32/nios2-elf/lib\libsmallc.a(lib_a-writer.o) (write)
../accel_bsp/\libhal_bsp.a(alt_sys_init.o)
                              ../accel_bsp/\libhal_bsp.a(alt_main.o) (alt_irq_init)
../accel_bsp/\libhal_bsp.a(altera_avalon_jtag_uart_fd.o)
                              ../accel_bsp/\libhal_bsp.a(alt_sys_init.o) (altera_avalon_jtag_uart_read_fd)
../accel_bsp/\libhal_bsp.a(altera_avalon_jtag_uart_read.o)
                              ../accel_bsp/\libhal_bsp.a(altera_avalon_jtag_uart_fd.o) (altera_avalon_jtag_uart_read)
../accel_bsp/\libhal_bsp.a(altera_avalon_jtag_uart_write.o)
                              ../accel_bsp/\libhal_bsp.a(altera_avalon_jtag_uart_fd.o) (altera_avalon_jtag_uart_write)
../accel_bsp/\libhal_bsp.a(altera_avalon_timer_sc.o)
                              ../accel_bsp/\libhal_bsp.a(alt_sys_init.o) (alt_avalon_timer_sc_init)
../accel_bsp/\libhal_bsp.a(altera_up_avalon_accelerometer_spi.o)
                              obj/default/accel.o (alt_up_accelerometer_spi_open_dev)
../accel_bsp/\libhal_bsp.a(alt_busy_sleep.o)
                              ../accel_bsp/\libhal_bsp.a(alt_usleep.o) (alt_busy_sleep)
../accel_bsp/\libhal_bsp.a(alt_close.o)
                              ../accel_bsp/\libhal_bsp.a(alt_main.o) (close)
../accel_bsp/\libhal_bsp.a(alt_dcache_flush_all.o)
                              ../accel_bsp/\libhal_bsp.a(alt_load.o) (alt_dcache_flush_all)
[...]
Memory Configuration

Name             Origin             Length             Attributes
reset            0x0000000000020000 0x0000000000000020
onchip_memory2_0 0x0000000000020020 0x0000000000018680
*default*        0x0000000000000000 0xffffffffffffffff

Linker script and memory map

LOAD ../accel_bsp//obj/HAL/src/crt0.o
LOAD obj/default/accel.o
LOAD c:/intelfpga_lite/18.0/nios2eds/bin/gnu/h-x86_64-mingw32/bin/../lib/gcc/nios2-elf/5.3.0/../../../../../H-x86_64-mingw32/nios2-elf/lib\libstdc++.a
LOAD c:/intelfpga_lite/18.0/nios2eds/bin/gnu/h-x86_64-mingw32/bin/../lib/gcc/nios2-elf/5.3.0/../../../../../H-x86_64-mingw32/nios2-elf/lib\libm.a
LOAD c:/intelfpga_lite/18.0/nios2eds/bin/gnu/h-x86_64-mingw32/bin/../lib/gcc/nios2-elf/5.3.0\libgcc.a
START GROUP
LOAD c:/intelfpga_lite/18.0/nios2eds/bin/gnu/h-x86_64-mingw32/bin/../lib/gcc/nios2-elf/5.3.0/../../../../../H-x86_64-mingw32/nios2-elf/lib\libsmallc.a
LOAD c:/intelfpga_lite/18.0/nios2eds/bin/gnu/h-x86_64-mingw32/bin/../lib/gcc/nios2-elf/5.3.0\libgcc.a
LOAD ../accel_bsp/\libhal_bsp.a
LOAD c:/intelfpga_lite/18.0/nios2eds/bin/gnu/h-x86_64-mingw32/bin/../lib/gcc/nios2-elf/5.3.0/../../../../../H-x86_64-mingw32/nios2-elf/lib\libm.a
END GROUP
LOAD c:/intelfpga_lite/18.0/nios2eds/bin/gnu/h-x86_64-mingw32/bin/../lib/gcc/nios2-elf/5.3.0\libgcc.a
                0x0000000000020000                __alt_mem_onchip_memory2_0 = 0x20000

.entry          0x0000000000020000       0x20
 *(.entry)
 .entry         0x0000000000020000       0x20 ../accel_bsp//obj/HAL/src/crt0.o
                0x0000000000020000                __reset

.exceptions     0x0000000000020020      0x228
                0x0000000000020020                PROVIDE (__ram_exceptions_start, ABSOLUTE (.))
                0x0000000000020020                . = ALIGN (0x20)
 *(.irq)
 *(.exceptions.entry.label)
 .exceptions.entry.label
                0x0000000000020020        0x0 ../accel_bsp/\libhal_bsp.a(alt_irq_entry.o)
                0x0000000000020020                alt_irq_entry
 .exceptions.entry.label
                0x0000000000020020        0x0 ../accel_bsp/\libhal_bsp.a(alt_exception_entry.o)
                0x0000000000020020                alt_exception
 *(.exceptions.entry.user)
 *(.exceptions.entry.ecc_fatal)
 *(.exceptions.entry)
 .exceptions.entry
                0x0000000000020020       0x54 ../accel_bsp/\libhal_bsp.a(alt_exception_entry.o)
 *(.exceptions.irqtest.user)
 *(.exceptions.irqtest)
 .exceptions.irqtest
                0x0000000000020074       0x10 ../accel_bsp/\libhal_bsp.a(alt_irq_entry.o)
 *(.exceptions.irqhandler.user)
 *(.exceptions.irqhandler)
 .exceptions.irqhandler
                0x0000000000020084        0x4 ../accel_bsp/\libhal_bsp.a(alt_irq_entry.o)
 *(.exceptions.irqreturn.user)
 *(.exceptions.irqreturn)
 .exceptions.irqreturn
                0x0000000000020088        0x4 ../accel_bsp/\libhal_bsp.a(alt_irq_entry.o)
 *(.exceptions.notirq.label)
 .exceptions.notirq.label
                0x000000000002008c        0x0 ../accel_bsp/\libhal_bsp.a(alt_irq_entry.o)
 *(.exceptions.notirq.user)
 *(.exceptions.notirq)
 .exceptions.notirq
                0x000000000002008c        0x8 ../accel_bsp/\libhal_bsp.a(alt_exception_entry.o)
 *(.exceptions.soft.user)
 *(.exceptions.soft)
 *(.exceptions.unknown.user)
 *(.exceptions.unknown)
 .exceptions.unknown
                0x0000000000020094       0x14 ../accel_bsp/\libhal_bsp.a(alt_exception_entry.o)
 *(.exceptions.exit.label)
 .exceptions.exit.label
                0x00000000000200a8        0x0 ../accel_bsp/\libhal_bsp.a(alt_irq_entry.o)
 .exceptions.exit.label
                0x00000000000200a8        0x0 ../accel_bsp/\libhal_bsp.a(alt_exception_entry.o)
 *(.exceptions.exit.user)
 *(.exceptions.exit)
 .exceptions.exit
                0x00000000000200a8       0x54 ../accel_bsp/\libhal_bsp.a(alt_exception_entry.o)
 *(.exceptions)
 .exceptions    0x00000000000200fc       0xd8 ../accel_bsp/\libhal_bsp.a(alt_irq_handler.o)
                0x00000000000200fc                alt_irq_handler
 .exceptions    0x00000000000201d4       0x74 ../accel_bsp/\libhal_bsp.a(alt_instruction_exception_entry.o)
                0x00000000000201d4                alt_instruction_exception_entry
                0x0000000000020248                PROVIDE (__ram_exceptions_end, ABSOLUTE (.))
                0x0000000000020020                PROVIDE (__flash_exceptions_start, LOADADDR (.exceptions))

.text           0x0000000000020248     0x27f0
                [!provide]                        PROVIDE (stext, ABSOLUTE (.))
 *(.interp)
 *(.hash)
 *(.dynsym)
 *(.dynstr)
 *(.gnu.version)
 *(.gnu.version_d)
 *(.gnu.version_r)
 *(.rel.init)
 *(.rela.init)
 *(.rel.text .rel.text.* .rel.gnu.linkonce.t.*)
 *(.rela.text .rela.text.* .rela.gnu.linkonce.t.*)
 *(.rel.fini)
 *(.rela.fini)
 *(.rel.rodata .rel.rodata.* .rel.gnu.linkonce.r.*)
 *(.rela.rodata .rela.rodata.* .rela.gnu.linkonce.r.*)
 *(.rel.data .rel.data.* .rel.gnu.linkonce.d.*)
 *(.rela.data .rela.data.* .rela.gnu.linkonce.d.*)
 *(.rel.tdata .rel.tdata.* .rel.gnu.linkonce.td.*)
 *(.rela.tdata .rela.tdata.* .rela.gnu.linkonce.td.*)
 *(.rel.tbss .rel.tbss.* .rel.gnu.linkonce.tb.*)
 *(.rela.tbss .rela.tbss.* .rela.gnu.linkonce.tb.*)
 *(.rel.ctors)
 *(.rela.ctors)
 *(.rel.dtors)
 *(.rela.dtors)
 *(.rel.got)
 *(.rela.got)
 *(.rel.sdata .rel.sdata.* .rel.gnu.linkonce.s.*)
 *(.rela.sdata .rela.sdata.* .rela.gnu.linkonce.s.*)
 *(.rel.sbss .rel.sbss.* .rel.gnu.linkonce.sb.*)
 *(.rela.sbss .rela.sbss.* .rela.gnu.linkonce.sb.*)
 *(.rel.sdata2 .rel.sdata2.* .rel.gnu.linkonce.s2.*)
 *(.rela.sdata2 .rela.sdata2.* .rela.gnu.linkonce.s2.*)
 *(.rel.sbss2 .rel.sbss2.* .rel.gnu.linkonce.sb2.*)
 *(.rela.sbss2 .rela.sbss2.* .rela.gnu.linkonce.sb2.*)
 *(.rel.bss .rel.bss.* .rel.gnu.linkonce.b.*)
 *(.rela.bss .rela.bss.* .rela.gnu.linkonce.b.*)
 *(.rel.plt)
 *(.rela.plt)
 *(.rel.dyn)
 *(.init)
 *(.plt)
 *(.text .stub .text.* .gnu.linkonce.t.*)
 .text          0x0000000000020248       0x4c ../accel_bsp//obj/HAL/src/crt0.o
                0x0000000000020248                _start
 .text          0x0000000000020294       0xb4 obj/default/accel.o
                0x0000000000020294                main
 .text          0x0000000000020348        0x0 c:/intelfpga_lite/18.0/nios2eds/bin/gnu/h-x86_64-mingw32/bin/../lib/gcc/nios2-elf/5.3.0/../../../../../H-x86_64-mingw32/nios2-elf/lib\libsmallc.a(lib_a-printf.o)
 .text._printf_r
                0x0000000000020348       0x3c c:/intelfpga_lite/18.0/nios2eds/bin/gnu/h-x86_64-mingw32/bin/../lib/gcc/nios2-elf/5.3.0/../../../../../H-x86_64-mingw32/nios2-elf/lib\libsmallc.a(lib_a-printf.o)
                0x0000000000020348                _printf_r
 .text.printf   0x0000000000020384       0x4c c:/intelfpga_lite/18.0/nios2eds/bin/gnu/h-x86_64-mingw32/bin/../lib/gcc/nios2-elf/5.3.0/../../../../../H-x86_64-mingw32/nios2-elf/lib\libsmallc.a(lib_a-printf.o)
                0x0000000000020384                printf
 .text          0x00000000000203d0        0x0 c:/intelfpga_lite/18.0/nios2eds/bin/gnu/h-x86_64-mingw32/bin/../lib/gcc/nios2-elf/5.3.0/../../../../../H-x86_64-mingw32/nios2-elf/lib\libsmallc.a(lib_a-puts.o)
 .text._puts_r  0x00000000000203d0       0x80 c:/intelfpga_lite/18.0/nios2eds/bin/gnu/h-x86_64-mingw32/bin/../lib/gcc/nios2-elf/5.3.0/../../../../../H-x86_64-mingw32/nios2-elf/lib\libsmallc.a(lib_a-puts.o)
                0x00000000000203d0                _puts_r
 .text.puts     0x0000000000020450       0x14 c:/intelfpga_lite/18.0/nios2eds/bin/gnu/h-x86_64-mingw32/bin/../lib/gcc/nios2-elf/5.3.0/../../../../../H-x86_64-mingw32/nios2-elf/lib\libsmallc.a(lib_a-puts.o)
                0x0000000000020450                puts
 .text          0x0000000000020464        0x0 c:/intelfpga_lite/18.0/nios2eds/bin/gnu/h-x86_64-mingw32/bin/../lib/gcc/nios2-elf/5.3.0/../../../../../H-x86_64-mingw32/nios2-elf/lib\libsmallc.a(lib_a-strlen.o)
 .text.strlen   0x0000000000020464       0x1c c:/intelfpga_lite/18.0/nios2eds/bin/gnu/h-x86_64-mingw32/bin/../lib/gcc/nios2-elf/5.3.0/../../../../../H-x86_64-mingw32/nios2-elf/lib\libsmallc.a(lib_a-strlen.o)
                0x0000000000020464                strlen
 .text          0x0000000000020480        0x0 c:/intelfpga_lite/18.0/nios2eds/bin/gnu/h-x86_64-mingw32/bin/../lib/gcc/nios2-elf/5.3.0/../../../../../H-x86_64-mingw32/nios2-elf/lib\libsmallc.a(lib_a-vfprintf.o)
 .text.print_repeat
                0x0000000000020480       0x6c c:/intelfpga_lite/18.0/nios2eds/bin/gnu/h-x86_64-mingw32/bin/../lib/gcc/nios2-elf/5.3.0/../../../../../H-x86_64-mingw32/nios2-elf/lib\libsmallc.a(lib_a-vfprintf.o)
 .text.___vfprintf_internal_r
                0x00000000000204ec      0x524 c:/intelfpga_lite/18.0/nios2eds/bin/gnu/h-x86_64-mingw32/bin/../lib/gcc/nios2-elf/5.3.0/../../../../../H-x86_64-mingw32/nios2-elf/lib\libsmallc.a(lib_a-vfprintf.o)
                0x00000000000204ec                ___vfprintf_internal_r
 .text.__vfprintf_internal
                0x0000000000020a10       0x1c c:/intelfpga_lite/18.0/nios2eds/bin/gnu/h-x86_64-mingw32/bin/../lib/gcc/nios2-elf/5.3.0/../../../../../H-x86_64-mingw32/nios2-elf/lib\libsmallc.a(lib_a-vfprintf.o)
                0x0000000000020a10                __vfprintf_internal
 .text          0x0000000000020a2c        0x0 c:/intelfpga_lite/18.0/nios2eds/bin/gnu/h-x86_64-mingw32/bin/../lib/gcc/nios2-elf/5.3.0/../../../../../H-x86_64-mingw32/nios2-elf/lib\libsmallc.a(lib_a-fvwrite_small_dev.o)
 .text.__sfvwrite_small_dev
                0x0000000000020a2c       0xb8 c:/intelfpga_lite/18.0/nios2eds/bin/gnu/h-x86_64-mingw32/bin/../lib/gcc/nios2-elf/5.3.0/../../../../../H-x86_64-mingw32/nios2-elf/lib\libsmallc.a(lib_a-fvwrite_small_dev.o)
                0x0000000000020a2c                __sfvwrite_small_dev
 .text          0x0000000000020ae4        0x0 c:/intelfpga_lite/18.0/nios2eds/bin/gnu/h-x86_64-mingw32/bin/../lib/gcc/nios2-elf/5.3.0/../../../../../H-x86_64-mingw32/nios2-elf/lib\libsmallc.a(lib_a-impure.o)
 .text          0x0000000000020ae4        0x0 c:/intelfpga_lite/18.0/nios2eds/bin/gnu/h-x86_64-mingw32/bin/../lib/gcc/nios2-elf/5.3.0/../../../../../H-x86_64-mingw32/nios2-elf/lib\libsmallc.a(lib_a-writer.o)
 .text._write_r
                0x0000000000020ae4       0x58 c:/intelfpga_lite/18.0/nios2eds/bin/gnu/h-x86_64-mingw32/bin/../lib/gcc/nios2-elf/5.3.0/../../../../../H-x86_64-mingw32/nios2-elf/lib\libsmallc.a(lib_a-writer.o)
                0x0000000000020ae4                _write_r
 .text          0x0000000000020b3c        0x0 c:/intelfpga_lite/18.0/nios2eds/bin/gnu/h-x86_64-mingw32/bin/../lib/gcc/nios2-elf/5.3.0/../../../../../H-x86_64-mingw32/nios2-elf/lib\libsmallc.a(lib_a-int_errno.o)
 .text          0x0000000000020b3c      0x1b4 c:/intelfpga_lite/18.0/nios2eds/bin/gnu/h-x86_64-mingw32/bin/../lib/gcc/nios2-elf/5.3.0\libgcc.a(lib2-divmod.o)
                0x0000000000020b3c                __divsi3
                0x0000000000020bc0                __modsi3
                0x0000000000020c34                __udivsi3
                0x0000000000020c98                __umodsi3
 .text          0x0000000000020cf0       0xec ../accel_bsp/\libhal_bsp.a(alt_load.o)
                0x0000000000020d58                alt_load
 .text          0x0000000000020ddc       0x7c ../accel_bsp/\libhal_bsp.a(alt_main.o)
                0x0000000000020ddc                alt_main
 .text          0x0000000000020e58       0x30 ../accel_bsp/\libhal_bsp.a(alt_usleep.o)
                0x0000000000020e58                usleep
 .text          0x0000000000020e88      0x134 ../accel_bsp/\libhal_bsp.a(alt_write.o)
                0x0000000000020ec4                write
 .text          0x0000000000020fbc       0xc8 ../accel_bsp/\libhal_bsp.a(alt_sys_init.o)
                0x0000000000020ff0                alt_irq_init
                0x0000000000021028                alt_sys_init
 .text          0x0000000000021084       0xc0 ../accel_bsp/\libhal_bsp.a(altera_avalon_jtag_uart_fd.o)
                0x0000000000021084                altera_avalon_jtag_uart_read_fd
                0x00000000000210e4                altera_avalon_jtag_uart_write_fd
 .text          0x0000000000021144       0xec ../accel_bsp/\libhal_bsp.a(altera_avalon_jtag_uart_read.o)
                0x0000000000021144                altera_avalon_jtag_uart_read
 .text          0x0000000000021230       0x94 ../accel_bsp/\libhal_bsp.a(altera_avalon_jtag_uart_write.o)
                0x0000000000021230                altera_avalon_jtag_uart_write
 .text          0x00000000000212c4       0xf0 ../accel_bsp/\libhal_bsp.a(altera_avalon_timer_sc.o)
                0x0000000000021340                alt_avalon_timer_sc_init
 .text          0x00000000000213b4      0x3b0 ../accel_bsp/\libhal_bsp.a(altera_up_avalon_accelerometer_spi.o)
                0x00000000000213b4                alt_up_accelerometer_spi_open_dev
                0x00000000000213f0                alt_up_accelerometer_spi_read_address_register
                0x0000000000021434                alt_up_accelerometer_spi_read
                0x000000000002149c                alt_up_accelerometer_spi_write
                0x0000000000021500                alt_up_accelerometer_spi_read_x_axis
                0x00000000000215cc                alt_up_accelerometer_spi_read_y_axis
                0x0000000000021698                alt_up_accelerometer_spi_read_z_axis
 .text          0x0000000000021764      0x158 ../accel_bsp/\libhal_bsp.a(alt_busy_sleep.o)
                0x0000000000021764                alt_busy_sleep
 .text          0x00000000000218bc      0x10c ../accel_bsp/\libhal_bsp.a(alt_close.o)
                0x00000000000218f8                close
 .text          0x00000000000219c8       0x48 ../accel_bsp/\libhal_bsp.a(alt_dcache_flush_all.o)
                0x00000000000219c8                alt_dcache_flush_all
 .text          0x0000000000021a10       0x2c ../accel_bsp/\libhal_bsp.a(alt_dev.o)
 .text          0x0000000000021a3c       0xe0 ../accel_bsp/\libhal_bsp.a(alt_dev_llist_insert.o)
                0x0000000000021a78                alt_dev_llist_insert
 .text          0x0000000000021b1c       0x60 ../accel_bsp/\libhal_bsp.a(alt_do_ctors.o)
                0x0000000000021b1c                _do_ctors
 .text          0x0000000000021b7c       0x60 ../accel_bsp/\libhal_bsp.a(alt_do_dtors.o)
                0x0000000000021b7c                _do_dtors
 .text          0x0000000000021bdc        0x0 ../accel_bsp/\libhal_bsp.a(alt_errno.o)
 .text          0x0000000000021bdc       0x90 ../accel_bsp/\libhal_bsp.a(alt_find_dev.o)
                0x0000000000021bdc                alt_find_dev
 .text          0x0000000000021c6c       0x34 ../accel_bsp/\libhal_bsp.a(alt_icache_flush_all.o)
                0x0000000000021c6c                alt_icache_flush_all
 .text          0x0000000000021ca0      0x140 ../accel_bsp/\libhal_bsp.a(alt_io_redirect.o)
                0x0000000000021d64                alt_io_redirect
 .text          0x0000000000021de0      0x180 ../accel_bsp/\libhal_bsp.a(alt_irq_register.o)
                0x0000000000021de0                alt_irq_register
 .text          0x0000000000021f60        0x0 ../accel_bsp/\libhal_bsp.a(alt_irq_vars.o)
 .text          0x0000000000021f60      0x254 ../accel_bsp/\libhal_bsp.a(alt_open.o)
                0x0000000000022060                open
 .text          0x00000000000221b4       0x64 ../accel_bsp/\libhal_bsp.a(alt_release_fd.o)
                0x00000000000221b4                alt_release_fd
 .text          0x0000000000022218      0x1a4 ../accel_bsp/\libhal_bsp.a(alt_tick.o)
                0x0000000000022218                alt_alarm_stop
                0x00000000000222b4                alt_tick
 .text          0x00000000000223bc       0x24 ../accel_bsp/\libhal_bsp.a(altera_nios2_gen2_irq.o)
                0x00000000000223bc                altera_nios2_gen2_irq_init
 .text          0x00000000000223e0      0x108 ../accel_bsp/\libhal_bsp.a(alt_find_file.o)
                0x00000000000223e0                alt_find_file
 .text          0x00000000000224e8       0xa4 ../accel_bsp/\libhal_bsp.a(alt_get_fd.o)
                0x00000000000224e8                alt_get_fd
 .text          0x000000000002258c       0x90 ../accel_bsp/\libhal_bsp.a(alt_icache_flush.o)
                0x000000000002258c                alt_icache_flush
 .text          0x000000000002261c        0x0 ../accel_bsp/\libhal_bsp.a(alt_irq_entry.o)
 .text          0x000000000002261c        0x0 ../accel_bsp/\libhal_bsp.a(alt_irq_handler.o)
 .text          0x000000000002261c        0x0 ../accel_bsp/\libhal_bsp.a(alt_exception_entry.o)
 .text          0x000000000002261c       0x9c ../accel_bsp/\libhal_bsp.a(alt_instruction_exception_entry.o)
                0x000000000002261c                alt_exception_cause_generated_bad_addr
 .text          0x00000000000226b8        0x0 c:/intelfpga_lite/18.0/nios2eds/bin/gnu/h-x86_64-mingw32/bin/../lib/gcc/nios2-elf/5.3.0/../../../../../H-x86_64-mingw32/nios2-elf/lib\libsmallc.a(lib_a-atexit.o)
 .text.atexit   0x00000000000226b8       0x14 c:/intelfpga_lite/18.0/nios2eds/bin/gnu/h-x86_64-mingw32/bin/../lib/gcc/nios2-elf/5.3.0/../../../../../H-x86_64-mingw32/nios2-elf/lib\libsmallc.a(lib_a-atexit.o)
                0x00000000000226b8                atexit
 .text          0x00000000000226cc        0x0 c:/intelfpga_lite/18.0/nios2eds/bin/gnu/h-x86_64-mingw32/bin/../lib/gcc/nios2-elf/5.3.0/../../../../../H-x86_64-mingw32/nios2-elf/lib\libsmallc.a(lib_a-exit.o)
 .text.exit     0x00000000000226cc       0x20 c:/intelfpga_lite/18.0/nios2eds/bin/gnu/h-x86_64-mingw32/bin/../lib/gcc/nios2-elf/5.3.0/../../../../../H-x86_64-mingw32/nios2-elf/lib\libsmallc.a(lib_a-exit.o)
                0x00000000000226cc                exit
 .text          0x00000000000226ec        0x0 c:/intelfpga_lite/18.0/nios2eds/bin/gnu/h-x86_64-mingw32/bin/../lib/gcc/nios2-elf/5.3.0/../../../../../H-x86_64-mingw32/nios2-elf/lib\libsmallc.a(lib_a-memcmp.o)
 .text.memcmp   0x00000000000226ec       0x30 c:/intelfpga_lite/18.0/nios2eds/bin/gnu/h-x86_64-mingw32/bin/../lib/gcc/nios2-elf/5.3.0/../../../../../H-x86_64-mingw32/nios2-elf/lib\libsmallc.a(lib_a-memcmp.o)
                0x00000000000226ec                memcmp
 .text          0x000000000002271c        0x0 c:/intelfpga_lite/18.0/nios2eds/bin/gnu/h-x86_64-mingw32/bin/../lib/gcc/nios2-elf/5.3.0/../../../../../H-x86_64-mingw32/nios2-elf/lib\libsmallc.a(lib_a-__atexit.o)
 .text.__register_exitproc
                0x000000000002271c      0x158 c:/intelfpga_lite/18.0/nios2eds/bin/gnu/h-x86_64-mingw32/bin/../lib/gcc/nios2-elf/5.3.0/../../../../../H-x86_64-mingw32/nios2-elf/lib\libsmallc.a(lib_a-__atexit.o)
                0x000000000002271c                __register_exitproc
 .text          0x0000000000022874        0x0 c:/intelfpga_lite/18.0/nios2eds/bin/gnu/h-x86_64-mingw32/bin/../lib/gcc/nios2-elf/5.3.0/../../../../../H-x86_64-mingw32/nios2-elf/lib\libsmallc.a(lib_a-__call_atexit.o)
 .text.__call_exitprocs
                0x0000000000022874      0x190 c:/intelfpga_lite/18.0/nios2eds/bin/gnu/h-x86_64-mingw32/bin/../lib/gcc/nios2-elf/5.3.0/../../../../../H-x86_64-mingw32/nios2-elf/lib\libsmallc.a(lib_a-__call_atexit.o)
                0x0000000000022874                __call_exitprocs
 .text          0x0000000000022a04       0x34 ../accel_bsp/\libhal_bsp.a(alt_exit.o)
                0x0000000000022a04                _exit
 *(.gnu.warning.*)
 *(.fini)
                [!provide]                        PROVIDE (__etext, ABSOLUTE (.))
                [!provide]                        PROVIDE (_etext, ABSOLUTE (.))
                [!provide]                        PROVIDE (etext, ABSOLUTE (.))
 *(.eh_frame_hdr)
                0x0000000000022a38                . = ALIGN (0x4)
                [!provide]                        PROVIDE (__preinit_array_start, ABSOLUTE (.))
 *(.preinit_array)
                [!provide]                        PROVIDE (__preinit_array_end, ABSOLUTE (.))
                [!provide]                        PROVIDE (__init_array_start, ABSOLUTE (.))
 *(.init_array)
                [!provide]                        PROVIDE (__init_array_end, ABSOLUTE (.))
                [!provide]                        PROVIDE (__fini_array_start, ABSOLUTE (.))
 *(.fini_array)
                [!provide]                        PROVIDE (__fini_array_end, ABSOLUTE (.))
 *(.eh_frame)
 *(.gcc_except_table .gcc_except_table.*)
 *(.dynamic)
                0x0000000000022a38                PROVIDE (__CTOR_LIST__, ABSOLUTE (.))
 *(.ctors)
 *(SORT(.ctors.*))
                0x0000000000022a38                PROVIDE (__CTOR_END__, ABSOLUTE (.))
                0x0000000000022a38                PROVIDE (__DTOR_LIST__, ABSOLUTE (.))
 *(.dtors)
 *(SORT(.dtors.*))
                0x0000000000022a38                PROVIDE (__DTOR_END__, ABSOLUTE (.))
 *(.jcr)
                0x0000000000022a38                . = ALIGN (0x4)

.rodata         0x0000000000022a38       0xb8
                0x0000000000022a38                PROVIDE (__ram_rodata_start, ABSOLUTE (.))
                0x0000000000022a38                . = ALIGN (0x4)
 *(.rodata .rodata.* .gnu.linkonce.r.*)
 .rodata        0x0000000000022a38       0x61 obj/default/accel.o
 *fill*         0x0000000000022a99        0x3 
 .rodata.str1.4
                0x0000000000022a9c        0x4 c:/intelfpga_lite/18.0/nios2eds/bin/gnu/h-x86_64-mingw32/bin/../lib/gcc/nios2-elf/5.3.0/../../../../../H-x86_64-mingw32/nios2-elf/lib\libsmallc.a(lib_a-puts.o)
                                          0x2 (size before relaxing)
 .rodata        0x0000000000022aa0       0x11 ../accel_bsp/\libhal_bsp.a(alt_main.o)
 *fill*         0x0000000000022ab1        0x3 
 .rodata        0x0000000000022ab4       0x2d ../accel_bsp/\libhal_bsp.a(alt_sys_init.o)
 *fill*         0x0000000000022ae1        0x3 
 .rodata        0x0000000000022ae4        0xa ../accel_bsp/\libhal_bsp.a(alt_dev.o)
 *(.rodata1)
                0x0000000000022af0                . = ALIGN (0x4)
 *fill*         0x0000000000022aee        0x2 
                0x0000000000022af0                PROVIDE (__ram_rodata_end, ABSOLUTE (.))
                0x0000000000022a38                PROVIDE (__flash_rodata_start, LOADADDR (.rodata))

.rwdata         0x0000000000022af0      0x30c load address 0x0000000000022dfc
                0x0000000000022af0                PROVIDE (__ram_rwdata_start, ABSOLUTE (.))
                0x0000000000022af0                . = ALIGN (0x4)
 *(.got.plt)
 *(.got)
 *(.data1)
 *(.data .data.* .gnu.linkonce.d.*)
 .data          0x0000000000022af0        0x0 ../accel_bsp//obj/HAL/src/crt0.o
 .data          0x0000000000022af0        0x0 obj/default/accel.o
 .data          0x0000000000022af0        0x0 c:/intelfpga_lite/18.0/nios2eds/bin/gnu/h-x86_64-mingw32/bin/../lib/gcc/nios2-elf/5.3.0/../../../../../H-x86_64-mingw32/nios2-elf/lib\libsmallc.a(lib_a-printf.o)
 .data          0x0000000000022af0        0x0 c:/intelfpga_lite/18.0/nios2eds/bin/gnu/h-x86_64-mingw32/bin/../lib/gcc/nios2-elf/5.3.0/../../../../../H-x86_64-mingw32/nios2-elf/lib\libsmallc.a(lib_a-puts.o)
 .data          0x0000000000022af0        0x0 c:/intelfpga_lite/18.0/nios2eds/bin/gnu/h-x86_64-mingw32/bin/../lib/gcc/nios2-elf/5.3.0/../../../../../H-x86_64-mingw32/nios2-elf/lib\libsmallc.a(lib_a-strlen.o)
 .data          0x0000000000022af0        0x0 c:/intelfpga_lite/18.0/nios2eds/bin/gnu/h-x86_64-mingw32/bin/../lib/gcc/nios2-elf/5.3.0/../../../../../H-x86_64-mingw32/nios2-elf/lib\libsmallc.a(lib_a-vfprintf.o)
 .data          0x0000000000022af0        0x0 c:/intelfpga_lite/18.0/nios2eds/bin/gnu/h-x86_64-mingw32/bin/../lib/gcc/nios2-elf/5.3.0/../../../../../H-x86_64-mingw32/nios2-elf/lib\libsmallc.a(lib_a-fvwrite_small_dev.o)
 .data          0x0000000000022af0        0x0 c:/intelfpga_lite/18.0/nios2eds/bin/gnu/h-x86_64-mingw32/bin/../lib/gcc/nios2-elf/5.3.0/../../../../../H-x86_64-mingw32/nios2-elf/lib\libsmallc.a(lib_a-impure.o)
 .data.impure_data
                0x0000000000022af0       0xe0 c:/intelfpga_lite/18.0/nios2eds/bin/gnu/h-x86_64-mingw32/bin/../lib/gcc/nios2-elf/5.3.0/../../../../../H-x86_64-mingw32/nios2-elf/lib\libsmallc.a(lib_a-impure.o)
 .data          0x0000000000022bd0        0x0 c:/intelfpga_lite/18.0/nios2eds/bin/gnu/h-x86_64-mingw32/bin/../lib/gcc/nios2-elf/5.3.0/../../../../../H-x86_64-mingw32/nios2-elf/lib\libsmallc.a(lib_a-writer.o)
 .data          0x0000000000022bd0        0x0 c:/intelfpga_lite/18.0/nios2eds/bin/gnu/h-x86_64-mingw32/bin/../lib/gcc/nios2-elf/5.3.0/../../../../../H-x86_64-mingw32/nios2-elf/lib\libsmallc.a(lib_a-int_errno.o)
 .data          0x0000000000022bd0        0x0 c:/intelfpga_lite/18.0/nios2eds/bin/gnu/h-x86_64-mingw32/bin/../lib/gcc/nios2-elf/5.3.0\libgcc.a(lib2-divmod.o)
 .data          0x0000000000022bd0        0x0 ../accel_bsp/\libhal_bsp.a(alt_load.o)
 .data          0x0000000000022bd0        0x0 ../accel_bsp/\libhal_bsp.a(alt_main.o)
 .data          0x0000000000022bd0        0x0 ../accel_bsp/\libhal_bsp.a(alt_usleep.o)
 .data          0x0000000000022bd0        0x0 ../accel_bsp/\libhal_bsp.a(alt_write.o)
 .data          0x0000000000022bd0       0x58 ../accel_bsp/\libhal_bsp.a(alt_sys_init.o)
 .data          0x0000000000022c28        0x0 ../accel_bsp/\libhal_bsp.a(altera_avalon_jtag_uart_fd.o)
 .data          0x0000000000022c28        0x0 ../accel_bsp/\libhal_bsp.a(altera_avalon_jtag_uart_read.o)
 .data          0x0000000000022c28        0x0 ../accel_bsp/\libhal_bsp.a(altera_avalon_jtag_uart_write.o)
 .data          0x0000000000022c28        0x0 ../accel_bsp/\libhal_bsp.a(altera_avalon_timer_sc.o)
 .data          0x0000000000022c28        0x0 ../accel_bsp/\libhal_bsp.a(altera_up_avalon_accelerometer_spi.o)
 .data          0x0000000000022c28        0x0 ../accel_bsp/\libhal_bsp.a(alt_busy_sleep.o)
 .data          0x0000000000022c28        0x0 ../accel_bsp/\libhal_bsp.a(alt_close.o)
 .data          0x0000000000022c28        0x0 ../accel_bsp/\libhal_bsp.a(alt_dcache_flush_all.o)
 .data          0x0000000000022c28      0x1a8 ../accel_bsp/\libhal_bsp.a(alt_dev.o)
                0x0000000000022c28                alt_dev_null
                0x0000000000022c50                alt_fd_list
 .data          0x0000000000022dd0        0x0 ../accel_bsp/\libhal_bsp.a(alt_dev_llist_insert.o)
 .data          0x0000000000022dd0        0x0 ../accel_bsp/\libhal_bsp.a(alt_do_ctors.o)
 .data          0x0000000000022dd0        0x0 ../accel_bsp/\libhal_bsp.a(alt_do_dtors.o)
 .data          0x0000000000022dd0        0x0 ../accel_bsp/\libhal_bsp.a(alt_errno.o)
 .data          0x0000000000022dd0        0x0 ../accel_bsp/\libhal_bsp.a(alt_find_dev.o)
 .data          0x0000000000022dd0        0x0 ../accel_bsp/\libhal_bsp.a(alt_icache_flush_all.o)
 .data          0x0000000000022dd0        0x0 ../accel_bsp/\libhal_bsp.a(alt_io_redirect.o)
 .data          0x0000000000022dd0        0x0 ../accel_bsp/\libhal_bsp.a(alt_irq_register.o)
 .data          0x0000000000022dd0        0x0 ../accel_bsp/\libhal_bsp.a(alt_irq_vars.o)
 .data          0x0000000000022dd0        0x0 ../accel_bsp/\libhal_bsp.a(alt_open.o)
 .data          0x0000000000022dd0        0x0 ../accel_bsp/\libhal_bsp.a(alt_release_fd.o)
 .data          0x0000000000022dd0        0x0 ../accel_bsp/\libhal_bsp.a(alt_tick.o)
 .data          0x0000000000022dd0        0x0 ../accel_bsp/\libhal_bsp.a(altera_nios2_gen2_irq.o)
 .data          0x0000000000022dd0        0x0 ../accel_bsp/\libhal_bsp.a(alt_find_file.o)
 .data          0x0000000000022dd0        0x0 ../accel_bsp/\libhal_bsp.a(alt_get_fd.o)
 .data          0x0000000000022dd0        0x0 ../accel_bsp/\libhal_bsp.a(alt_icache_flush.o)
 .data          0x0000000000022dd0        0x0 ../accel_bsp/\libhal_bsp.a(alt_irq_entry.o)
 .data          0x0000000000022dd0        0x0 ../accel_bsp/\libhal_bsp.a(alt_irq_handler.o)
 .data          0x0000000000022dd0        0x0 ../accel_bsp/\libhal_bsp.a(alt_exception_entry.o)
 .data          0x0000000000022dd0        0x0 ../accel_bsp/\libhal_bsp.a(alt_instruction_exception_entry.o)
 .data          0x0000000000022dd0        0x0 c:/intelfpga_lite/18.0/nios2eds/bin/gnu/h-x86_64-mingw32/bin/../lib/gcc/nios2-elf/5.3.0/../../../../../H-x86_64-mingw32/nios2-elf/lib\libsmallc.a(lib_a-atexit.o)
 .data          0x0000000000022dd0        0x0 c:/intelfpga_lite/18.0/nios2eds/bin/gnu/h-x86_64-mingw32/bin/../lib/gcc/nios2-elf/5.3.0/../../../../../H-x86_64-mingw32/nios2-elf/lib\libsmallc.a(lib_a-exit.o)
 .data          0x0000000000022dd0        0x0 c:/intelfpga_lite/18.0/nios2eds/bin/gnu/h-x86_64-mingw32/bin/../lib/gcc/nios2-elf/5.3.0/../../../../../H-x86_64-mingw32/nios2-elf/lib\libsmallc.a(lib_a-memcmp.o)
 .data          0x0000000000022dd0        0x0 c:/intelfpga_lite/18.0/nios2eds/bin/gnu/h-x86_64-mingw32/bin/../lib/gcc/nios2-elf/5.3.0/../../../../../H-x86_64-mingw32/nios2-elf/lib\libsmallc.a(lib_a-__atexit.o)
 .data          0x0000000000022dd0        0x0 c:/intelfpga_lite/18.0/nios2eds/bin/gnu/h-x86_64-mingw32/bin/../lib/gcc/nios2-elf/5.3.0/../../../../../H-x86_64-mingw32/nios2-elf/lib\libsmallc.a(lib_a-__call_atexit.o)
 .data          0x0000000000022dd0        0x0 ../accel_bsp/\libhal_bsp.a(alt_exit.o)
                0x000000000002add0                _gp = ABSOLUTE ((. + 0x8000))
                [!provide]                        PROVIDE (gp, _gp)
 *(.rwdata .rwdata.*)
 *(.sdata .sdata.* .gnu.linkonce.s.*)
 .sdata._global_impure_ptr
                0x0000000000022dd0        0x4 c:/intelfpga_lite/18.0/nios2eds/bin/gnu/h-x86_64-mingw32/bin/../lib/gcc/nios2-elf/5.3.0/../../../../../H-x86_64-mingw32/nios2-elf/lib\libsmallc.a(lib_a-impure.o)
                0x0000000000022dd0                _global_impure_ptr
 .sdata._impure_ptr
                0x0000000000022dd4        0x4 c:/intelfpga_lite/18.0/nios2eds/bin/gnu/h-x86_64-mingw32/bin/../lib/gcc/nios2-elf/5.3.0/../../../../../H-x86_64-mingw32/nios2-elf/lib\libsmallc.a(lib_a-impure.o)
                0x0000000000022dd4                _impure_ptr
 .sdata         0x0000000000022dd8       0x14 ../accel_bsp/\libhal_bsp.a(alt_dev.o)
                0x0000000000022dd8                alt_fs_list
                0x0000000000022de0                alt_dev_list
                0x0000000000022de8                alt_max_fd
 .sdata         0x0000000000022dec        0x4 ../accel_bsp/\libhal_bsp.a(alt_errno.o)
                0x0000000000022dec                alt_errno
 .sdata         0x0000000000022df0        0x4 ../accel_bsp/\libhal_bsp.a(alt_irq_vars.o)
                0x0000000000022df0                alt_priority_mask
 .sdata         0x0000000000022df4        0x8 ../accel_bsp/\libhal_bsp.a(alt_tick.o)
                0x0000000000022df4                alt_alarm_list
 *(.sdata2 .sdata2.* .gnu.linkonce.s2.*)
                0x0000000000022dfc                . = ALIGN (0x4)
                0x0000000000022dfc                _edata = ABSOLUTE (.)
                [!provide]                        PROVIDE (edata, ABSOLUTE (.))
                0x0000000000022dfc                PROVIDE (__ram_rwdata_end, ABSOLUTE (.))
                0x0000000000022dfc                PROVIDE (__flash_rwdata_start, LOADADDR (.rwdata))

.bss            0x0000000000023108      0x120
                0x0000000000023108                __bss_start = ABSOLUTE (.)
                [!provide]                        PROVIDE (__sbss_start, ABSOLUTE (.))
                [!provide]                        PROVIDE (___sbss_start, ABSOLUTE (.))
 *(.dynsbss)
 *(.sbss .sbss.* .gnu.linkonce.sb.*)
 .sbss          0x0000000000023108        0x4 c:/intelfpga_lite/18.0/nios2eds/bin/gnu/h-x86_64-mingw32/bin/../lib/gcc/nios2-elf/5.3.0/../../../../../H-x86_64-mingw32/nios2-elf/lib\libsmallc.a(lib_a-int_errno.o)
                0x0000000000023108                errno
 .sbss          0x000000000002310c        0xc ../accel_bsp/\libhal_bsp.a(alt_main.o)
                0x000000000002310c                alt_argc
                0x0000000000023110                alt_argv
                0x0000000000023114                alt_envp
 .sbss          0x0000000000023118        0x4 ../accel_bsp/\libhal_bsp.a(alt_irq_vars.o)
                0x0000000000023118                alt_irq_active
 .sbss          0x000000000002311c        0x8 ../accel_bsp/\libhal_bsp.a(alt_tick.o)
                0x000000000002311c                _alt_tick_rate
                0x0000000000023120                _alt_nticks
 .sbss          0x0000000000023124        0x4 ../accel_bsp/\libhal_bsp.a(alt_instruction_exception_entry.o)
                0x0000000000023124                alt_instruction_exception_handler
 *(.sbss2 .sbss2.* .gnu.linkonce.sb2.*)
 *(.scommon)
                [!provide]                        PROVIDE (__sbss_end, ABSOLUTE (.))
                [!provide]                        PROVIDE (___sbss_end, ABSOLUTE (.))
 *(.dynbss)
 *(.bss .bss.* .gnu.linkonce.b.*)
 .bss           0x0000000000023128        0x0 ../accel_bsp//obj/HAL/src/crt0.o
 .bss           0x0000000000023128        0x0 obj/default/accel.o
 .bss           0x0000000000023128        0x0 c:/intelfpga_lite/18.0/nios2eds/bin/gnu/h-x86_64-mingw32/bin/../lib/gcc/nios2-elf/5.3.0/../../../../../H-x86_64-mingw32/nios2-elf/lib\libsmallc.a(lib_a-printf.o)
 .bss           0x0000000000023128        0x0 c:/intelfpga_lite/18.0/nios2eds/bin/gnu/h-x86_64-mingw32/bin/../lib/gcc/nios2-elf/5.3.0/../../../../../H-x86_64-mingw32/nios2-elf/lib\libsmallc.a(lib_a-puts.o)
 .bss           0x0000000000023128        0x0 c:/intelfpga_lite/18.0/nios2eds/bin/gnu/h-x86_64-mingw32/bin/../lib/gcc/nios2-elf/5.3.0/../../../../../H-x86_64-mingw32/nios2-elf/lib\libsmallc.a(lib_a-strlen.o)
 .bss           0x0000000000023128        0x0 c:/intelfpga_lite/18.0/nios2eds/bin/gnu/h-x86_64-mingw32/bin/../lib/gcc/nios2-elf/5.3.0/../../../../../H-x86_64-mingw32/nios2-elf/lib\libsmallc.a(lib_a-vfprintf.o)
 .bss           0x0000000000023128        0x0 c:/intelfpga_lite/18.0/nios2eds/bin/gnu/h-x86_64-mingw32/bin/../lib/gcc/nios2-elf/5.3.0/../../../../../H-x86_64-mingw32/nios2-elf/lib\libsmallc.a(lib_a-fvwrite_small_dev.o)
 .bss           0x0000000000023128        0x0 c:/intelfpga_lite/18.0/nios2eds/bin/gnu/h-x86_64-mingw32/bin/../lib/gcc/nios2-elf/5.3.0/../../../../../H-x86_64-mingw32/nios2-elf/lib\libsmallc.a(lib_a-impure.o)
 .bss           0x0000000000023128        0x0 c:/intelfpga_lite/18.0/nios2eds/bin/gnu/h-x86_64-mingw32/bin/../lib/gcc/nios2-elf/5.3.0/../../../../../H-x86_64-mingw32/nios2-elf/lib\libsmallc.a(lib_a-writer.o)
 .bss           0x0000000000023128        0x0 c:/intelfpga_lite/18.0/nios2eds/bin/gnu/h-x86_64-mingw32/bin/../lib/gcc/nios2-elf/5.3.0/../../../../../H-x86_64-mingw32/nios2-elf/lib\libsmallc.a(lib_a-int_errno.o)
 .bss           0x0000000000023128        0x0 c:/intelfpga_lite/18.0/nios2eds/bin/gnu/h-x86_64-mingw32/bin/../lib/gcc/nios2-elf/5.3.0\libgcc.a(lib2-divmod.o)
 .bss           0x0000000000023128        0x0 ../accel_bsp/\libhal_bsp.a(alt_load.o)
 .bss           0x0000000000023128        0x0 ../accel_bsp/\libhal_bsp.a(alt_main.o)
 .bss           0x0000000000023128        0x0 ../accel_bsp/\libhal_bsp.a(alt_usleep.o)
 .bss           0x0000000000023128        0x0 ../accel_bsp/\libhal_bsp.a(alt_write.o)
 .bss           0x0000000000023128        0x0 ../accel_bsp/\libhal_bsp.a(alt_sys_init.o)
 .bss           0x0000000000023128        0x0 ../accel_bsp/\libhal_bsp.a(altera_avalon_jtag_uart_fd.o)
 .bss           0x0000000000023128        0x0 ../accel_bsp/\libhal_bsp.a(altera_avalon_jtag_uart_read.o)
 .bss           0x0000000000023128        0x0 ../accel_bsp/\libhal_bsp.a(altera_avalon_jtag_uart_write.o)
 .bss           0x0000000000023128        0x0 ../accel_bsp/\libhal_bsp.a(altera_avalon_timer_sc.o)
 .bss           0x0000000000023128        0x0 ../accel_bsp/\libhal_bsp.a(altera_up_avalon_accelerometer_spi.o)
 .bss           0x0000000000023128        0x0 ../accel_bsp/\libhal_bsp.a(alt_busy_sleep.o)
 .bss           0x0000000000023128        0x0 ../accel_bsp/\libhal_bsp.a(alt_close.o)
 .bss           0x0000000000023128        0x0 ../accel_bsp/\libhal_bsp.a(alt_dcache_flush_all.o)
 .bss           0x0000000000023128        0x0 ../accel_bsp/\libhal_bsp.a(alt_dev.o)
 .bss           0x0000000000023128        0x0 ../accel_bsp/\libhal_bsp.a(alt_dev_llist_insert.o)
 .bss           0x0000000000023128        0x0 ../accel_bsp/\libhal_bsp.a(alt_do_ctors.o)
 .bss           0x0000000000023128        0x0 ../accel_bsp/\libhal_bsp.a(alt_do_dtors.o)
 .bss           0x0000000000023128        0x0 ../accel_bsp/\libhal_bsp.a(alt_errno.o)
 .bss           0x0000000000023128        0x0 ../accel_bsp/\libhal_bsp.a(alt_find_dev.o)
 .bss           0x0000000000023128        0x0 ../accel_bsp/\libhal_bsp.a(alt_icache_flush_all.o)
 .bss           0x0000000000023128        0x0 ../accel_bsp/\libhal_bsp.a(alt_io_redirect.o)
 .bss           0x0000000000023128        0x0 ../accel_bsp/\libhal_bsp.a(alt_irq_register.o)
 .bss           0x0000000000023128        0x0 ../accel_bsp/\libhal_bsp.a(alt_irq_vars.o)
 .bss           0x0000000000023128        0x0 ../accel_bsp/\libhal_bsp.a(alt_open.o)
 .bss           0x0000000000023128        0x0 ../accel_bsp/\libhal_bsp.a(alt_release_fd.o)
 .bss           0x0000000000023128        0x0 ../accel_bsp/\libhal_bsp.a(alt_tick.o)
 .bss           0x0000000000023128        0x0 ../accel_bsp/\libhal_bsp.a(altera_nios2_gen2_irq.o)
 .bss           0x0000000000023128        0x0 ../accel_bsp/\libhal_bsp.a(alt_find_file.o)
 .bss           0x0000000000023128        0x0 ../accel_bsp/\libhal_bsp.a(alt_get_fd.o)
 .bss           0x0000000000023128        0x0 ../accel_bsp/\libhal_bsp.a(alt_icache_flush.o)
 .bss           0x0000000000023128        0x0 ../accel_bsp/\libhal_bsp.a(alt_irq_entry.o)
 .bss           0x0000000000023128        0x0 ../accel_bsp/\libhal_bsp.a(alt_irq_handler.o)
 .bss           0x0000000000023128        0x0 ../accel_bsp/\libhal_bsp.a(alt_exception_entry.o)
 .bss           0x0000000000023128        0x0 ../accel_bsp/\libhal_bsp.a(alt_instruction_exception_entry.o)
 .bss           0x0000000000023128        0x0 c:/intelfpga_lite/18.0/nios2eds/bin/gnu/h-x86_64-mingw32/bin/../lib/gcc/nios2-elf/5.3.0/../../../../../H-x86_64-mingw32/nios2-elf/lib\libsmallc.a(lib_a-atexit.o)
 .bss           0x0000000000023128        0x0 c:/intelfpga_lite/18.0/nios2eds/bin/gnu/h-x86_64-mingw32/bin/../lib/gcc/nios2-elf/5.3.0/../../../../../H-x86_64-mingw32/nios2-elf/lib\libsmallc.a(lib_a-exit.o)
 .bss           0x0000000000023128        0x0 c:/intelfpga_lite/18.0/nios2eds/bin/gnu/h-x86_64-mingw32/bin/../lib/gcc/nios2-elf/5.3.0/../../../../../H-x86_64-mingw32/nios2-elf/lib\libsmallc.a(lib_a-memcmp.o)
 .bss           0x0000000000023128        0x0 c:/intelfpga_lite/18.0/nios2eds/bin/gnu/h-x86_64-mingw32/bin/../lib/gcc/nios2-elf/5.3.0/../../../../../H-x86_64-mingw32/nios2-elf/lib\libsmallc.a(lib_a-__atexit.o)
 .bss           0x0000000000023128        0x0 c:/intelfpga_lite/18.0/nios2eds/bin/gnu/h-x86_64-mingw32/bin/../lib/gcc/nios2-elf/5.3.0/../../../../../H-x86_64-mingw32/nios2-elf/lib\libsmallc.a(lib_a-__call_atexit.o)
 .bss           0x0000000000023128        0x0 ../accel_bsp/\libhal_bsp.a(alt_exit.o)
 *(COMMON)
 COMMON         0x0000000000023128      0x100 ../accel_bsp/\libhal_bsp.a(alt_irq_handler.o)
                0x0000000000023128                alt_irq
                0x0000000000023228                . = ALIGN (0x4)
                0x0000000000023228                __bss_end = ABSOLUTE (.)

.onchip_memory2_0
                0x0000000000023228        0x0
                [!provide]                        PROVIDE (_alt_partition_onchip_memory2_0_start, ABSOLUTE (.))
 *(.onchip_memory2_0 .onchip_memory2_0. onchip_memory2_0.*)
                0x0000000000023228                . = ALIGN (0x4)
                [!provide]                        PROVIDE (_alt_partition_onchip_memory2_0_end, ABSOLUTE (.))
                0x0000000000023228                _end = ABSOLUTE (.)
                0x0000000000023228                end = ABSOLUTE (.)
                0x0000000000023228                __alt_stack_base = ABSOLUTE (.)
                [!provide]                        PROVIDE (_alt_partition_onchip_memory2_0_load_addr, LOADADDR (.onchip_memory2_0))

.stab
 *(.stab)

.stabstr
 *(.stabstr)

.stab.excl
 *(.stab.excl)

.stab.exclstr
 *(.stab.exclstr)

.stab.index
 *(.stab.index)

.stab.indexstr
 *(.stab.indexstr)

.comment        0x0000000000000000       0x23
 *(.comment)
 .comment       0x0000000000000000       0x23 obj/default/accel.o
                                         0x24 (size before relaxing)
 .comment       0x0000000000000023       0x24 c:/intelfpga_lite/18.0/nios2eds/bin/gnu/h-x86_64-mingw32/bin/../lib/gcc/nios2-elf/5.3.0/../../../../../H-x86_64-mingw32/nios2-elf/lib\libsmallc.a(lib_a-printf.o)
 .comment       0x0000000000000023       0x24 c:/intelfpga_lite/18.0/nios2eds/bin/gnu/h-x86_64-mingw32/bin/../lib/gcc/nios2-elf/5.3.0/../../../../../H-x86_64-mingw32/nios2-elf/lib\libsmallc.a(lib_a-puts.o)
 .comment       0x0000000000000023       0x24 c:/intelfpga_lite/18.0/nios2eds/bin/gnu/h-x86_64-mingw32/bin/../lib/gcc/nios2-elf/5.3.0/../../../../../H-x86_64-mingw32/nios2-elf/lib\libsmallc.a(lib_a-strlen.o)
 .comment       0x0000000000000023       0x24 c:/intelfpga_lite/18.0/nios2eds/bin/gnu/h-x86_64-mingw32/bin/../lib/gcc/nios2-elf/5.3.0/../../../../../H-x86_64-mingw32/nios2-elf/lib\libsmallc.a(lib_a-vfprintf.o)
 .comment       0x0000000000000023       0x24 c:/intelfpga_lite/18.0/nios2eds/bin/gnu/h-x86_64-mingw32/bin/../lib/gcc/nios2-elf/5.3.0/../../../../../H-x86_64-mingw32/nios2-elf/lib\libsmallc.a(lib_a-fvwrite_small_dev.o)
 .comment       0x0000000000000023       0x24 c:/intelfpga_lite/18.0/nios2eds/bin/gnu/h-x86_64-mingw32/bin/../lib/gcc/nios2-elf/5.3.0/../../../../../H-x86_64-mingw32/nios2-elf/lib\libsmallc.a(lib_a-impure.o)
 .comment       0x0000000000000023       0x24 c:/intelfpga_lite/18.0/nios2eds/bin/gnu/h-x86_64-mingw32/bin/../lib/gcc/nios2-elf/5.3.0/../../../../../H-x86_64-mingw32/nios2-elf/lib\libsmallc.a(lib_a-writer.o)
 .comment       0x0000000000000023       0x24 c:/intelfpga_lite/18.0/nios2eds/bin/gnu/h-x86_64-mingw32/bin/../lib/gcc/nios2-elf/5.3.0/../../../../../H-x86_64-mingw32/nios2-elf/lib\libsmallc.a(lib_a-int_errno.o)
 .comment       0x0000000000000023       0x24 c:/intelfpga_lite/18.0/nios2eds/bin/gnu/h-x86_64-mingw32/bin/../lib/gcc/nios2-elf/5.3.0\libgcc.a(lib2-divmod.o)
 .comment       0x0000000000000023       0x24 ../accel_bsp/\libhal_bsp.a(alt_load.o)
 .comment       0x0000000000000023       0x24 ../accel_bsp/\libhal_bsp.a(alt_main.o)
 .comment       0x0000000000000023       0x24 ../accel_bsp/\libhal_bsp.a(alt_usleep.o)
 .comment       0x0000000000000023       0x24 ../accel_bsp/\libhal_bsp.a(alt_write.o)
 .comment       0x0000000000000023       0x24 ../accel_bsp/\libhal_bsp.a(alt_sys_init.o)
 .comment       0x0000000000000023       0x24 ../accel_bsp/\libhal_bsp.a(altera_avalon_jtag_uart_fd.o)
 .comment       0x0000000000000023       0x24 ../accel_bsp/\libhal_bsp.a(altera_avalon_jtag_uart_read.o)
 .comment       0x0000000000000023       0x24 ../accel_bsp/\libhal_bsp.a(altera_avalon_jtag_uart_write.o)
 .comment       0x0000000000000023       0x24 ../accel_bsp/\libhal_bsp.a(altera_avalon_timer_sc.o)
 .comment       0x0000000000000023       0x24 ../accel_bsp/\libhal_bsp.a(altera_up_avalon_accelerometer_spi.o)
 .comment       0x0000000000000023       0x24 ../accel_bsp/\libhal_bsp.a(alt_busy_sleep.o)
 .comment       0x0000000000000023       0x24 ../accel_bsp/\libhal_bsp.a(alt_close.o)
 .comment       0x0000000000000023       0x24 ../accel_bsp/\libhal_bsp.a(alt_dcache_flush_all.o)
 .comment       0x0000000000000023       0x24 ../accel_bsp/\libhal_bsp.a(alt_dev.o)
 .comment       0x0000000000000023       0x24 ../accel_bsp/\libhal_bsp.a(alt_dev_llist_insert.o)
 .comment       0x0000000000000023       0x24 ../accel_bsp/\libhal_bsp.a(alt_do_ctors.o)
 .comment       0x0000000000000023       0x24 ../accel_bsp/\libhal_bsp.a(alt_do_dtors.o)
 .comment       0x0000000000000023       0x24 ../accel_bsp/\libhal_bsp.a(alt_errno.o)
 .comment       0x0000000000000023       0x24 ../accel_bsp/\libhal_bsp.a(alt_find_dev.o)
 .comment       0x0000000000000023       0x24 ../accel_bsp/\libhal_bsp.a(alt_icache_flush_all.o)
 .comment       0x0000000000000023       0x24 ../accel_bsp/\libhal_bsp.a(alt_io_redirect.o)
 .comment       0x0000000000000023       0x24 ../accel_bsp/\libhal_bsp.a(alt_irq_register.o)
 .comment       0x0000000000000023       0x24 ../accel_bsp/\libhal_bsp.a(alt_irq_vars.o)
 .comment       0x0000000000000023       0x24 ../accel_bsp/\libhal_bsp.a(alt_open.o)
 .comment       0x0000000000000023       0x24 ../accel_bsp/\libhal_bsp.a(alt_release_fd.o)
 .comment       0x0000000000000023       0x24 ../accel_bsp/\libhal_bsp.a(alt_tick.o)
 .comment       0x0000000000000023       0x24 ../accel_bsp/\libhal_bsp.a(altera_nios2_gen2_irq.o)
 .comment       0x0000000000000023       0x24 ../accel_bsp/\libhal_bsp.a(alt_find_file.o)
 .comment       0x0000000000000023       0x24 ../accel_bsp/\libhal_bsp.a(alt_get_fd.o)
 .comment       0x0000000000000023       0x24 ../accel_bsp/\libhal_bsp.a(alt_icache_flush.o)
 .comment       0x0000000000000023       0x24 ../accel_bsp/\libhal_bsp.a(alt_irq_handler.o)
 .comment       0x0000000000000023       0x24 ../accel_bsp/\libhal_bsp.a(alt_instruction_exception_entry.o)
 .comment       0x0000000000000023       0x24 c:/intelfpga_lite/18.0/nios2eds/bin/gnu/h-x86_64-mingw32/bin/../lib/gcc/nios2-elf/5.3.0/../../../../../H-x86_64-mingw32/nios2-elf/lib\libsmallc.a(lib_a-atexit.o)
 .comment       0x0000000000000023       0x24 c:/intelfpga_lite/18.0/nios2eds/bin/gnu/h-x86_64-mingw32/bin/../lib/gcc/nios2-elf/5.3.0/../../../../../H-x86_64-mingw32/nios2-elf/lib\libsmallc.a(lib_a-exit.o)
 .comment       0x0000000000000023       0x24 c:/intelfpga_lite/18.0/nios2eds/bin/gnu/h-x86_64-mingw32/bin/../lib/gcc/nios2-elf/5.3.0/../../../../../H-x86_64-mingw32/nios2-elf/lib\libsmallc.a(lib_a-memcmp.o)
 .comment       0x0000000000000023       0x24 c:/intelfpga_lite/18.0/nios2eds/bin/gnu/h-x86_64-mingw32/bin/../lib/gcc/nios2-elf/5.3.0/../../../../../H-x86_64-mingw32/nios2-elf/lib\libsmallc.a(lib_a-__atexit.o)
 .comment       0x0000000000000023       0x24 c:/intelfpga_lite/18.0/nios2eds/bin/gnu/h-x86_64-mingw32/bin/../lib/gcc/nios2-elf/5.3.0/../../../../../H-x86_64-mingw32/nios2-elf/lib\libsmallc.a(lib_a-__call_atexit.o)
 .comment       0x0000000000000023       0x24 ../accel_bsp/\libhal_bsp.a(alt_exit.o)

.debug
 *(.debug)

.line
 *(.line)

.debug_srcinfo
 *(.debug_srcinfo)

.debug_sfnames
 *(.debug_sfnames)

.debug_aranges  0x0000000000000000      0x698
 *(.debug_aranges)
 .debug_aranges
                0x0000000000000000       0x28 ../accel_bsp//obj/HAL/src/crt0.o
 .debug_aranges
                0x0000000000000028       0x20 obj/default/accel.o
 .debug_aranges
                0x0000000000000048       0x28 c:/intelfpga_lite/18.0/nios2eds/bin/gnu/h-x86_64-mingw32/bin/../lib/gcc/nios2-elf/5.3.0/../../../../../H-x86_64-mingw32/nios2-elf/lib\libsmallc.a(lib_a-printf.o)
 .debug_aranges
                0x0000000000000070       0x28 c:/intelfpga_lite/18.0/nios2eds/bin/gnu/h-x86_64-mingw32/bin/../lib/gcc/nios2-elf/5.3.0/../../../../../H-x86_64-mingw32/nios2-elf/lib\libsmallc.a(lib_a-puts.o)
 .debug_aranges
                0x0000000000000098       0x20 c:/intelfpga_lite/18.0/nios2eds/bin/gnu/h-x86_64-mingw32/bin/../lib/gcc/nios2-elf/5.3.0/../../../../../H-x86_64-mingw32/nios2-elf/lib\libsmallc.a(lib_a-strlen.o)
 .debug_aranges
                0x00000000000000b8       0x30 c:/intelfpga_lite/18.0/nios2eds/bin/gnu/h-x86_64-mingw32/bin/../lib/gcc/nios2-elf/5.3.0/../../../../../H-x86_64-mingw32/nios2-elf/lib\libsmallc.a(lib_a-vfprintf.o)
 .debug_aranges
                0x00000000000000e8       0x20 c:/intelfpga_lite/18.0/nios2eds/bin/gnu/h-x86_64-mingw32/bin/../lib/gcc/nios2-elf/5.3.0/../../../../../H-x86_64-mingw32/nios2-elf/lib\libsmallc.a(lib_a-fvwrite_small_dev.o)
 .debug_aranges
                0x0000000000000108       0x18 c:/intelfpga_lite/18.0/nios2eds/bin/gnu/h-x86_64-mingw32/bin/../lib/gcc/nios2-elf/5.3.0/../../../../../H-x86_64-mingw32/nios2-elf/lib\libsmallc.a(lib_a-impure.o)
 .debug_aranges
                0x0000000000000120       0x20 c:/intelfpga_lite/18.0/nios2eds/bin/gnu/h-x86_64-mingw32/bin/../lib/gcc/nios2-elf/5.3.0/../../../../../H-x86_64-mingw32/nios2-elf/lib\libsmallc.a(lib_a-writer.o)
 .debug_aranges
                0x0000000000000140       0x18 c:/intelfpga_lite/18.0/nios2eds/bin/gnu/h-x86_64-mingw32/bin/../lib/gcc/nios2-elf/5.3.0/../../../../../H-x86_64-mingw32/nios2-elf/lib\libsmallc.a(lib_a-int_errno.o)
 .debug_aranges
                0x0000000000000158       0x20 c:/intelfpga_lite/18.0/nios2eds/bin/gnu/h-x86_64-mingw32/bin/../lib/gcc/nios2-elf/5.3.0\libgcc.a(lib2-divmod.o)
 .debug_aranges
                0x0000000000000178       0x20 ../accel_bsp/\libhal_bsp.a(alt_load.o)
 .debug_aranges
                0x0000000000000198       0x20 ../accel_bsp/\libhal_bsp.a(alt_main.o)
 .debug_aranges
                0x00000000000001b8       0x20 ../accel_bsp/\libhal_bsp.a(alt_usleep.o)
 .debug_aranges
                0x00000000000001d8       0x20 ../accel_bsp/\libhal_bsp.a(alt_write.o)
 .debug_aranges
                0x00000000000001f8       0x20 ../accel_bsp/\libhal_bsp.a(alt_sys_init.o)
 .debug_aranges
                0x0000000000000218       0x20 ../accel_bsp/\libhal_bsp.a(altera_avalon_jtag_uart_fd.o)
 .debug_aranges
                0x0000000000000238       0x20 ../accel_bsp/\libhal_bsp.a(altera_avalon_jtag_uart_read.o)
 .debug_aranges
                0x0000000000000258       0x20 ../accel_bsp/\libhal_bsp.a(altera_avalon_jtag_uart_write.o)
 .debug_aranges
                0x0000000000000278       0x20 ../accel_bsp/\libhal_bsp.a(altera_avalon_timer_sc.o)
 .debug_aranges
                0x0000000000000298       0x20 ../accel_bsp/\libhal_bsp.a(altera_up_avalon_accelerometer_spi.o)
 .debug_aranges
                0x00000000000002b8       0x20 ../accel_bsp/\libhal_bsp.a(alt_busy_sleep.o)
 .debug_aranges
                0x00000000000002d8       0x20 ../accel_bsp/\libhal_bsp.a(alt_close.o)
 .debug_aranges
                0x00000000000002f8       0x20 ../accel_bsp/\libhal_bsp.a(alt_dcache_flush_all.o)
 .debug_aranges
                0x0000000000000318       0x20 ../accel_bsp/\libhal_bsp.a(alt_dev.o)
 .debug_aranges
                0x0000000000000338       0x20 ../accel_bsp/\libhal_bsp.a(alt_dev_llist_insert.o)
 .debug_aranges
                0x0000000000000358       0x20 ../accel_bsp/\libhal_bsp.a(alt_do_ctors.o)
 .debug_aranges
                0x0000000000000378       0x20 ../accel_bsp/\libhal_bsp.a(alt_do_dtors.o)
 .debug_aranges
                0x0000000000000398       0x18 ../accel_bsp/\libhal_bsp.a(alt_errno.o)
 .debug_aranges
                0x00000000000003b0       0x20 ../accel_bsp/\libhal_bsp.a(alt_find_dev.o)
 .debug_aranges
                0x00000000000003d0       0x20 ../accel_bsp/\libhal_bsp.a(alt_icache_flush_all.o)
 .debug_aranges
                0x00000000000003f0       0x20 ../accel_bsp/\libhal_bsp.a(alt_io_redirect.o)
 .debug_aranges
                0x0000000000000410       0x20 ../accel_bsp/\libhal_bsp.a(alt_irq_register.o)
 .debug_aranges
                0x0000000000000430       0x18 ../accel_bsp/\libhal_bsp.a(alt_irq_vars.o)
 .debug_aranges
                0x0000000000000448       0x20 ../accel_bsp/\libhal_bsp.a(alt_open.o)
 .debug_aranges
                0x0000000000000468       0x20 ../accel_bsp/\libhal_bsp.a(alt_release_fd.o)
 .debug_aranges
                0x0000000000000488       0x20 ../accel_bsp/\libhal_bsp.a(alt_tick.o)
 .debug_aranges
                0x00000000000004a8       0x20 ../accel_bsp/\libhal_bsp.a(altera_nios2_gen2_irq.o)
 .debug_aranges
                0x00000000000004c8       0x20 ../accel_bsp/\libhal_bsp.a(alt_find_file.o)
 .debug_aranges
                0x00000000000004e8       0x20 ../accel_bsp/\libhal_bsp.a(alt_get_fd.o)
 .debug_aranges
                0x0000000000000508       0x20 ../accel_bsp/\libhal_bsp.a(alt_icache_flush.o)
 .debug_aranges
                0x0000000000000528       0x30 ../accel_bsp/\libhal_bsp.a(alt_irq_entry.o)
 .debug_aranges
                0x0000000000000558       0x20 ../accel_bsp/\libhal_bsp.a(alt_irq_handler.o)
 .debug_aranges
                0x0000000000000578       0x38 ../accel_bsp/\libhal_bsp.a(alt_exception_entry.o)
 .debug_aranges
                0x00000000000005b0       0x28 ../accel_bsp/\libhal_bsp.a(alt_instruction_exception_entry.o)
 .debug_aranges
                0x00000000000005d8       0x20 c:/intelfpga_lite/18.0/nios2eds/bin/gnu/h-x86_64-mingw32/bin/../lib/gcc/nios2-elf/5.3.0/../../../../../H-x86_64-mingw32/nios2-elf/lib\libsmallc.a(lib_a-atexit.o)
 .debug_aranges
                0x00000000000005f8       0x20 c:/intelfpga_lite/18.0/nios2eds/bin/gnu/h-x86_64-mingw32/bin/../lib/gcc/nios2-elf/5.3.0/../../../../../H-x86_64-mingw32/nios2-elf/lib\libsmallc.a(lib_a-exit.o)
 .debug_aranges
                0x0000000000000618       0x20 c:/intelfpga_lite/18.0/nios2eds/bin/gnu/h-x86_64-mingw32/bin/../lib/gcc/nios2-elf/5.3.0/../../../../../H-x86_64-mingw32/nios2-elf/lib\libsmallc.a(lib_a-memcmp.o)
 .debug_aranges
                0x0000000000000638       0x20 c:/intelfpga_lite/18.0/nios2eds/bin/gnu/h-x86_64-mingw32/bin/../lib/gcc/nios2-elf/5.3.0/../../../../../H-x86_64-mingw32/nios2-elf/lib\libsmallc.a(lib_a-__atexit.o)
 .debug_aranges
                0x0000000000000658       0x20 c:/intelfpga_lite/18.0/nios2eds/bin/gnu/h-x86_64-mingw32/bin/../lib/gcc/nios2-elf/5.3.0/../../../../../H-x86_64-mingw32/nios2-elf/lib\libsmallc.a(lib_a-__call_atexit.o)
 .debug_aranges
                0x0000000000000678       0x20 ../accel_bsp/\libhal_bsp.a(alt_exit.o)

.debug_pubnames
 *(.debug_pubnames)

.debug_info     0x0000000000000000     0x8a9e
 *(.debug_info .gnu.linkonce.wi.*)
 .debug_info    0x0000000000000000       0x9b ../accel_bsp//obj/HAL/src/crt0.o
 .debug_info    0x000000000000009b      0x31f obj/default/accel.o
 .debug_info    0x00000000000003ba      0x699 c:/intelfpga_lite/18.0/nios2eds/bin/gnu/h-x86_64-mingw32/bin/../lib/gcc/nios2-elf/5.3.0/../../../../../H-x86_64-mingw32/nios2-elf/lib\libsmallc.a(lib_a-printf.o)
 .debug_info    0x0000000000000a53      0x66d c:/intelfpga_lite/18.0/nios2eds/bin/gnu/h-x86_64-mingw32/bin/../lib/gcc/nios2-elf/5.3.0/../../../../../H-x86_64-mingw32/nios2-elf/lib\libsmallc.a(lib_a-puts.o)
 .debug_info    0x00000000000010c0       0xc9 c:/intelfpga_lite/18.0/nios2eds/bin/gnu/h-x86_64-mingw32/bin/../lib/gcc/nios2-elf/5.3.0/../../../../../H-x86_64-mingw32/nios2-elf/lib\libsmallc.a(lib_a-strlen.o)
 .debug_info    0x0000000000001189      0xb2b c:/intelfpga_lite/18.0/nios2eds/bin/gnu/h-x86_64-mingw32/bin/../lib/gcc/nios2-elf/5.3.0/../../../../../H-x86_64-mingw32/nios2-elf/lib\libsmallc.a(lib_a-vfprintf.o)
 .debug_info    0x0000000000001cb4      0x62b c:/intelfpga_lite/18.0/nios2eds/bin/gnu/h-x86_64-mingw32/bin/../lib/gcc/nios2-elf/5.3.0/../../../../../H-x86_64-mingw32/nios2-elf/lib\libsmallc.a(lib_a-fvwrite_small_dev.o)
 .debug_info    0x00000000000022df      0x5a9 c:/intelfpga_lite/18.0/nios2eds/bin/gnu/h-x86_64-mingw32/bin/../lib/gcc/nios2-elf/5.3.0/../../../../../H-x86_64-mingw32/nios2-elf/lib\libsmallc.a(lib_a-impure.o)
 .debug_info    0x0000000000002888      0x630 c:/intelfpga_lite/18.0/nios2eds/bin/gnu/h-x86_64-mingw32/bin/../lib/gcc/nios2-elf/5.3.0/../../../../../H-x86_64-mingw32/nios2-elf/lib\libsmallc.a(lib_a-writer.o)
 .debug_info    0x0000000000002eb8       0x8a c:/intelfpga_lite/18.0/nios2eds/bin/gnu/h-x86_64-mingw32/bin/../lib/gcc/nios2-elf/5.3.0/../../../../../H-x86_64-mingw32/nios2-elf/lib\libsmallc.a(lib_a-int_errno.o)
 .debug_info    0x0000000000002f42      0x2c6 c:/intelfpga_lite/18.0/nios2eds/bin/gnu/h-x86_64-mingw32/bin/../lib/gcc/nios2-elf/5.3.0\libgcc.a(lib2-divmod.o)
 .debug_info    0x0000000000003208      0x145 ../accel_bsp/\libhal_bsp.a(alt_load.o)
 .debug_info    0x000000000000334d      0x157 ../accel_bsp/\libhal_bsp.a(alt_main.o)
 .debug_info    0x00000000000034a4       0xb0 ../accel_bsp/\libhal_bsp.a(alt_usleep.o)
 .debug_info    0x0000000000003554      0x4b7 ../accel_bsp/\libhal_bsp.a(alt_write.o)
 .debug_info    0x0000000000003a0b      0x436 ../accel_bsp/\libhal_bsp.a(alt_sys_init.o)
 .debug_info    0x0000000000003e41      0x3a7 ../accel_bsp/\libhal_bsp.a(altera_avalon_jtag_uart_fd.o)
 .debug_info    0x00000000000041e8      0x1c8 ../accel_bsp/\libhal_bsp.a(altera_avalon_jtag_uart_read.o)
 .debug_info    0x00000000000043b0      0x1ab ../accel_bsp/\libhal_bsp.a(altera_avalon_jtag_uart_write.o)
 .debug_info    0x000000000000455b      0x249 ../accel_bsp/\libhal_bsp.a(altera_avalon_timer_sc.o)
 .debug_info    0x00000000000047a4      0x469 ../accel_bsp/\libhal_bsp.a(altera_up_avalon_accelerometer_spi.o)
 .debug_info    0x0000000000004c0d       0xd7 ../accel_bsp/\libhal_bsp.a(alt_busy_sleep.o)
 .debug_info    0x0000000000004ce4      0x321 ../accel_bsp/\libhal_bsp.a(alt_close.o)
 .debug_info    0x0000000000005005       0xa5 ../accel_bsp/\libhal_bsp.a(alt_dcache_flush_all.o)
 .debug_info    0x00000000000050aa      0x49c ../accel_bsp/\libhal_bsp.a(alt_dev.o)
 .debug_info    0x0000000000005546      0x1a9 ../accel_bsp/\libhal_bsp.a(alt_dev_llist_insert.o)
 .debug_info    0x00000000000056ef       0x83 ../accel_bsp/\libhal_bsp.a(alt_do_ctors.o)
 .debug_info    0x0000000000005772       0x83 ../accel_bsp/\libhal_bsp.a(alt_do_dtors.o)
 .debug_info    0x00000000000057f5       0xa6 ../accel_bsp/\libhal_bsp.a(alt_errno.o)
 .debug_info    0x000000000000589b      0x2e9 ../accel_bsp/\libhal_bsp.a(alt_find_dev.o)
 .debug_info    0x0000000000005b84       0x92 ../accel_bsp/\libhal_bsp.a(alt_icache_flush_all.o)
 .debug_info    0x0000000000005c16      0x4a5 ../accel_bsp/\libhal_bsp.a(alt_io_redirect.o)
 .debug_info    0x00000000000060bb      0x329 ../accel_bsp/\libhal_bsp.a(alt_irq_register.o)
 .debug_info    0x00000000000063e4       0x88 ../accel_bsp/\libhal_bsp.a(alt_irq_vars.o)
 .debug_info    0x000000000000646c      0x3bb ../accel_bsp/\libhal_bsp.a(alt_open.o)
 .debug_info    0x0000000000006827      0x2b0 ../accel_bsp/\libhal_bsp.a(alt_release_fd.o)
 .debug_info    0x0000000000006ad7      0x2af ../accel_bsp/\libhal_bsp.a(alt_tick.o)
 .debug_info    0x0000000000006d86       0xb8 ../accel_bsp/\libhal_bsp.a(altera_nios2_gen2_irq.o)
 .debug_info    0x0000000000006e3e      0x2e6 ../accel_bsp/\libhal_bsp.a(alt_find_file.o)
 .debug_info    0x0000000000007124      0x310 ../accel_bsp/\libhal_bsp.a(alt_get_fd.o)
 .debug_info    0x0000000000007434       0xdc ../accel_bsp/\libhal_bsp.a(alt_icache_flush.o)
 .debug_info    0x0000000000007510       0xa4 ../accel_bsp/\libhal_bsp.a(alt_irq_entry.o)
 .debug_info    0x00000000000075b4      0x1a7 ../accel_bsp/\libhal_bsp.a(alt_irq_handler.o)
 .debug_info    0x000000000000775b       0xaa ../accel_bsp/\libhal_bsp.a(alt_exception_entry.o)
 .debug_info    0x0000000000007805      0x1e7 ../accel_bsp/\libhal_bsp.a(alt_instruction_exception_entry.o)
 .debug_info    0x00000000000079ec       0xfe c:/intelfpga_lite/18.0/nios2eds/bin/gnu/h-x86_64-mingw32/bin/../lib/gcc/nios2-elf/5.3.0/../../../../../H-x86_64-mingw32/nios2-elf/lib\libsmallc.a(lib_a-atexit.o)
 .debug_info    0x0000000000007aea       0xe5 c:/intelfpga_lite/18.0/nios2eds/bin/gnu/h-x86_64-mingw32/bin/../lib/gcc/nios2-elf/5.3.0/../../../../../H-x86_64-mingw32/nios2-elf/lib\libsmallc.a(lib_a-exit.o)
 .debug_info    0x0000000000007bcf       0xf4 c:/intelfpga_lite/18.0/nios2eds/bin/gnu/h-x86_64-mingw32/bin/../lib/gcc/nios2-elf/5.3.0/../../../../../H-x86_64-mingw32/nios2-elf/lib\libsmallc.a(lib_a-memcmp.o)
 .debug_info    0x0000000000007cc3      0x64a c:/intelfpga_lite/18.0/nios2eds/bin/gnu/h-x86_64-mingw32/bin/../lib/gcc/nios2-elf/5.3.0/../../../../../H-x86_64-mingw32/nios2-elf/lib\libsmallc.a(lib_a-__atexit.o)
 .debug_info    0x000000000000830d      0x67b c:/intelfpga_lite/18.0/nios2eds/bin/gnu/h-x86_64-mingw32/bin/../lib/gcc/nios2-elf/5.3.0/../../../../../H-x86_64-mingw32/nios2-elf/lib\libsmallc.a(lib_a-__call_atexit.o)
 .debug_info    0x0000000000008988      0x116 ../accel_bsp/\libhal_bsp.a(alt_exit.o)

.debug_abbrev   0x0000000000000000     0x2f4d
 *(.debug_abbrev)
 .debug_abbrev  0x0000000000000000       0x12 ../accel_bsp//obj/HAL/src/crt0.o
 .debug_abbrev  0x0000000000000012       0xd2 obj/default/accel.o
 .debug_abbrev  0x00000000000000e4      0x1ee c:/intelfpga_lite/18.0/nios2eds/bin/gnu/h-x86_64-mingw32/bin/../lib/gcc/nios2-elf/5.3.0/../../../../../H-x86_64-mingw32/nios2-elf/lib\libsmallc.a(lib_a-printf.o)
 .debug_abbrev  0x00000000000002d2      0x1d6 c:/intelfpga_lite/18.0/nios2eds/bin/gnu/h-x86_64-mingw32/bin/../lib/gcc/nios2-elf/5.3.0/../../../../../H-x86_64-mingw32/nios2-elf/lib\libsmallc.a(lib_a-puts.o)
 .debug_abbrev  0x00000000000004a8       0x7f c:/intelfpga_lite/18.0/nios2eds/bin/gnu/h-x86_64-mingw32/bin/../lib/gcc/nios2-elf/5.3.0/../../../../../H-x86_64-mingw32/nios2-elf/lib\libsmallc.a(lib_a-strlen.o)
 .debug_abbrev  0x0000000000000527      0x2a1 c:/intelfpga_lite/18.0/nios2eds/bin/gnu/h-x86_64-mingw32/bin/../lib/gcc/nios2-elf/5.3.0/../../../../../H-x86_64-mingw32/nios2-elf/lib\libsmallc.a(lib_a-vfprintf.o)
 .debug_abbrev  0x00000000000007c8      0x1bc c:/intelfpga_lite/18.0/nios2eds/bin/gnu/h-x86_64-mingw32/bin/../lib/gcc/nios2-elf/5.3.0/../../../../../H-x86_64-mingw32/nios2-elf/lib\libsmallc.a(lib_a-fvwrite_small_dev.o)
 .debug_abbrev  0x0000000000000984      0x14a c:/intelfpga_lite/18.0/nios2eds/bin/gnu/h-x86_64-mingw32/bin/../lib/gcc/nios2-elf/5.3.0/../../../../../H-x86_64-mingw32/nios2-elf/lib\libsmallc.a(lib_a-impure.o)
 .debug_abbrev  0x0000000000000ace      0x1a6 c:/intelfpga_lite/18.0/nios2eds/bin/gnu/h-x86_64-mingw32/bin/../lib/gcc/nios2-elf/5.3.0/../../../../../H-x86_64-mingw32/nios2-elf/lib\libsmallc.a(lib_a-writer.o)
 .debug_abbrev  0x0000000000000c74       0x37 c:/intelfpga_lite/18.0/nios2eds/bin/gnu/h-x86_64-mingw32/bin/../lib/gcc/nios2-elf/5.3.0/../../../../../H-x86_64-mingw32/nios2-elf/lib\libsmallc.a(lib_a-int_errno.o)
 .debug_abbrev  0x0000000000000cab      0x10e c:/intelfpga_lite/18.0/nios2eds/bin/gnu/h-x86_64-mingw32/bin/../lib/gcc/nios2-elf/5.3.0\libgcc.a(lib2-divmod.o)
 .debug_abbrev  0x0000000000000db9       0x9f ../accel_bsp/\libhal_bsp.a(alt_load.o)
 .debug_abbrev  0x0000000000000e58       0xc1 ../accel_bsp/\libhal_bsp.a(alt_main.o)
 .debug_abbrev  0x0000000000000f19       0x60 ../accel_bsp/\libhal_bsp.a(alt_usleep.o)
 .debug_abbrev  0x0000000000000f79      0x133 ../accel_bsp/\libhal_bsp.a(alt_write.o)
 .debug_abbrev  0x00000000000010ac      0x157 ../accel_bsp/\libhal_bsp.a(alt_sys_init.o)
 .debug_abbrev  0x0000000000001203       0xf7 ../accel_bsp/\libhal_bsp.a(altera_avalon_jtag_uart_fd.o)
 .debug_abbrev  0x00000000000012fa       0xd5 ../accel_bsp/\libhal_bsp.a(altera_avalon_jtag_uart_read.o)
 .debug_abbrev  0x00000000000013cf       0xd5 ../accel_bsp/\libhal_bsp.a(altera_avalon_jtag_uart_write.o)
 .debug_abbrev  0x00000000000014a4      0x155 ../accel_bsp/\libhal_bsp.a(altera_avalon_timer_sc.o)
 .debug_abbrev  0x00000000000015f9       0xfd ../accel_bsp/\libhal_bsp.a(altera_up_avalon_accelerometer_spi.o)
 .debug_abbrev  0x00000000000016f6       0x7e ../accel_bsp/\libhal_bsp.a(alt_busy_sleep.o)
 .debug_abbrev  0x0000000000001774      0x11f ../accel_bsp/\libhal_bsp.a(alt_close.o)
 .debug_abbrev  0x0000000000001893       0x5a ../accel_bsp/\libhal_bsp.a(alt_dcache_flush_all.o)
 .debug_abbrev  0x00000000000018ed       0xd9 ../accel_bsp/\libhal_bsp.a(alt_dev.o)
 .debug_abbrev  0x00000000000019c6      0x114 ../accel_bsp/\libhal_bsp.a(alt_dev_llist_insert.o)
 .debug_abbrev  0x0000000000001ada       0x79 ../accel_bsp/\libhal_bsp.a(alt_do_ctors.o)
 .debug_abbrev  0x0000000000001b53       0x79 ../accel_bsp/\libhal_bsp.a(alt_do_dtors.o)
 .debug_abbrev  0x0000000000001bcc       0x5a ../accel_bsp/\libhal_bsp.a(alt_errno.o)
 .debug_abbrev  0x0000000000001c26       0xf0 ../accel_bsp/\libhal_bsp.a(alt_find_dev.o)
 .debug_abbrev  0x0000000000001d16       0x42 ../accel_bsp/\libhal_bsp.a(alt_icache_flush_all.o)
 .debug_abbrev  0x0000000000001d58      0x114 ../accel_bsp/\libhal_bsp.a(alt_io_redirect.o)
 .debug_abbrev  0x0000000000001e6c      0x186 ../accel_bsp/\libhal_bsp.a(alt_irq_register.o)
 .debug_abbrev  0x0000000000001ff2       0x40 ../accel_bsp/\libhal_bsp.a(alt_irq_vars.o)
 .debug_abbrev  0x0000000000002032      0x148 ../accel_bsp/\libhal_bsp.a(alt_open.o)
 .debug_abbrev  0x000000000000217a       0xde ../accel_bsp/\libhal_bsp.a(alt_release_fd.o)
 .debug_abbrev  0x0000000000002258      0x16b ../accel_bsp/\libhal_bsp.a(alt_tick.o)
 .debug_abbrev  0x00000000000023c3       0x67 ../accel_bsp/\libhal_bsp.a(altera_nios2_gen2_irq.o)
 .debug_abbrev  0x000000000000242a       0xf0 ../accel_bsp/\libhal_bsp.a(alt_find_file.o)
 .debug_abbrev  0x000000000000251a      0x10d ../accel_bsp/\libhal_bsp.a(alt_get_fd.o)
 .debug_abbrev  0x0000000000002627       0x8c ../accel_bsp/\libhal_bsp.a(alt_icache_flush.o)
 .debug_abbrev  0x00000000000026b3       0x12 ../accel_bsp/\libhal_bsp.a(alt_irq_entry.o)
 .debug_abbrev  0x00000000000026c5      0x13a ../accel_bsp/\libhal_bsp.a(alt_irq_handler.o)
 .debug_abbrev  0x00000000000027ff       0x12 ../accel_bsp/\libhal_bsp.a(alt_exception_entry.o)
 .debug_abbrev  0x0000000000002811       0xdc ../accel_bsp/\libhal_bsp.a(alt_instruction_exception_entry.o)
 .debug_abbrev  0x00000000000028ed       0xaa c:/intelfpga_lite/18.0/nios2eds/bin/gnu/h-x86_64-mingw32/bin/../lib/gcc/nios2-elf/5.3.0/../../../../../H-x86_64-mingw32/nios2-elf/lib\libsmallc.a(lib_a-atexit.o)
 .debug_abbrev  0x0000000000002997       0x8b c:/intelfpga_lite/18.0/nios2eds/bin/gnu/h-x86_64-mingw32/bin/../lib/gcc/nios2-elf/5.3.0/../../../../../H-x86_64-mingw32/nios2-elf/lib\libsmallc.a(lib_a-exit.o)
 .debug_abbrev  0x0000000000002a22       0x7f c:/intelfpga_lite/18.0/nios2eds/bin/gnu/h-x86_64-mingw32/bin/../lib/gcc/nios2-elf/5.3.0/../../../../../H-x86_64-mingw32/nios2-elf/lib\libsmallc.a(lib_a-memcmp.o)
 .debug_abbrev  0x0000000000002aa1      0x1e6 c:/intelfpga_lite/18.0/nios2eds/bin/gnu/h-x86_64-mingw32/bin/../lib/gcc/nios2-elf/5.3.0/../../../../../H-x86_64-mingw32/nios2-elf/lib\libsmallc.a(lib_a-__atexit.o)
 .debug_abbrev  0x0000000000002c87      0x1f6 c:/intelfpga_lite/18.0/nios2eds/bin/gnu/h-x86_64-mingw32/bin/../lib/gcc/nios2-elf/5.3.0/../../../../../H-x86_64-mingw32/nios2-elf/lib\libsmallc.a(lib_a-__call_atexit.o)
 .debug_abbrev  0x0000000000002e7d       0xd0 ../accel_bsp/\libhal_bsp.a(alt_exit.o)

.debug_line     0x0000000000000000     0x355e
 *(.debug_line)
 .debug_line    0x0000000000000000       0x72 ../accel_bsp//obj/HAL/src/crt0.o
 .debug_line    0x0000000000000072       0xfd obj/default/accel.o
 .debug_line    0x000000000000016f      0x200 c:/intelfpga_lite/18.0/nios2eds/bin/gnu/h-x86_64-mingw32/bin/../lib/gcc/nios2-elf/5.3.0/../../../../../H-x86_64-mingw32/nios2-elf/lib\libsmallc.a(lib_a-printf.o)
 .debug_line    0x000000000000036f      0x203 c:/intelfpga_lite/18.0/nios2eds/bin/gnu/h-x86_64-mingw32/bin/../lib/gcc/nios2-elf/5.3.0/../../../../../H-x86_64-mingw32/nios2-elf/lib\libsmallc.a(lib_a-puts.o)
 .debug_line    0x0000000000000572      0x159 c:/intelfpga_lite/18.0/nios2eds/bin/gnu/h-x86_64-mingw32/bin/../lib/gcc/nios2-elf/5.3.0/../../../../../H-x86_64-mingw32/nios2-elf/lib\libsmallc.a(lib_a-strlen.o)
 .debug_line    0x00000000000006cb      0x34f c:/intelfpga_lite/18.0/nios2eds/bin/gnu/h-x86_64-mingw32/bin/../lib/gcc/nios2-elf/5.3.0/../../../../../H-x86_64-mingw32/nios2-elf/lib\libsmallc.a(lib_a-vfprintf.o)
 .debug_line    0x0000000000000a1a      0x1ed c:/intelfpga_lite/18.0/nios2eds/bin/gnu/h-x86_64-mingw32/bin/../lib/gcc/nios2-elf/5.3.0/../../../../../H-x86_64-mingw32/nios2-elf/lib\libsmallc.a(lib_a-fvwrite_small_dev.o)
 .debug_line    0x0000000000000c07      0x153 c:/intelfpga_lite/18.0/nios2eds/bin/gnu/h-x86_64-mingw32/bin/../lib/gcc/nios2-elf/5.3.0/../../../../../H-x86_64-mingw32/nios2-elf/lib\libsmallc.a(lib_a-impure.o)
 .debug_line    0x0000000000000d5a      0x1ea c:/intelfpga_lite/18.0/nios2eds/bin/gnu/h-x86_64-mingw32/bin/../lib/gcc/nios2-elf/5.3.0/../../../../../H-x86_64-mingw32/nios2-elf/lib\libsmallc.a(lib_a-writer.o)
 .debug_line    0x0000000000000f44       0x5c c:/intelfpga_lite/18.0/nios2eds/bin/gnu/h-x86_64-mingw32/bin/../lib/gcc/nios2-elf/5.3.0/../../../../../H-x86_64-mingw32/nios2-elf/lib\libsmallc.a(lib_a-int_errno.o)
 .debug_line    0x0000000000000fa0      0x102 c:/intelfpga_lite/18.0/nios2eds/bin/gnu/h-x86_64-mingw32/bin/../lib/gcc/nios2-elf/5.3.0\libgcc.a(lib2-divmod.o)
 .debug_line    0x00000000000010a2       0x8e ../accel_bsp/\libhal_bsp.a(alt_load.o)
 .debug_line    0x0000000000001130       0xd1 ../accel_bsp/\libhal_bsp.a(alt_main.o)
 .debug_line    0x0000000000001201       0xad ../accel_bsp/\libhal_bsp.a(alt_usleep.o)
 .debug_line    0x00000000000012ae      0x1db ../accel_bsp/\libhal_bsp.a(alt_write.o)
 .debug_line    0x0000000000001489      0x17f ../accel_bsp/\libhal_bsp.a(alt_sys_init.o)
 .debug_line    0x0000000000001608      0x112 ../accel_bsp/\libhal_bsp.a(altera_avalon_jtag_uart_fd.o)
 .debug_line    0x000000000000171a      0x111 ../accel_bsp/\libhal_bsp.a(altera_avalon_jtag_uart_read.o)
 .debug_line    0x000000000000182b      0x108 ../accel_bsp/\libhal_bsp.a(altera_avalon_jtag_uart_write.o)
 .debug_line    0x0000000000001933      0x113 ../accel_bsp/\libhal_bsp.a(altera_avalon_timer_sc.o)
 .debug_line    0x0000000000001a46      0x14d ../accel_bsp/\libhal_bsp.a(altera_up_avalon_accelerometer_spi.o)
 .debug_line    0x0000000000001b93       0xa0 ../accel_bsp/\libhal_bsp.a(alt_busy_sleep.o)
 .debug_line    0x0000000000001c33      0x165 ../accel_bsp/\libhal_bsp.a(alt_close.o)
 .debug_line    0x0000000000001d98       0x61 ../accel_bsp/\libhal_bsp.a(alt_dcache_flush_all.o)
 .debug_line    0x0000000000001df9       0xf8 ../accel_bsp/\libhal_bsp.a(alt_dev.o)
 .debug_line    0x0000000000001ef1       0xcf ../accel_bsp/\libhal_bsp.a(alt_dev_llist_insert.o)
 .debug_line    0x0000000000001fc0       0x59 ../accel_bsp/\libhal_bsp.a(alt_do_ctors.o)
 .debug_line    0x0000000000002019       0x59 ../accel_bsp/\libhal_bsp.a(alt_do_dtors.o)
 .debug_line    0x0000000000002072       0x51 ../accel_bsp/\libhal_bsp.a(alt_errno.o)
 .debug_line    0x00000000000020c3       0xb5 ../accel_bsp/\libhal_bsp.a(alt_find_dev.o)
 .debug_line    0x0000000000002178       0x50 ../accel_bsp/\libhal_bsp.a(alt_icache_flush_all.o)
 .debug_line    0x00000000000021c8      0x133 ../accel_bsp/\libhal_bsp.a(alt_io_redirect.o)
 .debug_line    0x00000000000022fb      0x155 ../accel_bsp/\libhal_bsp.a(alt_irq_register.o)
 .debug_line    0x0000000000002450       0x50 ../accel_bsp/\libhal_bsp.a(alt_irq_vars.o)
 .debug_line    0x00000000000024a0      0x128 ../accel_bsp/\libhal_bsp.a(alt_open.o)
 .debug_line    0x00000000000025c8       0xae ../accel_bsp/\libhal_bsp.a(alt_release_fd.o)
 .debug_line    0x0000000000002676      0x113 ../accel_bsp/\libhal_bsp.a(alt_tick.o)
 .debug_line    0x0000000000002789       0x8d ../accel_bsp/\libhal_bsp.a(altera_nios2_gen2_irq.o)
 .debug_line    0x0000000000002816       0xd1 ../accel_bsp/\libhal_bsp.a(alt_find_file.o)
 .debug_line    0x00000000000028e7       0xd4 ../accel_bsp/\libhal_bsp.a(alt_get_fd.o)
 .debug_line    0x00000000000029bb       0x81 ../accel_bsp/\libhal_bsp.a(alt_icache_flush.o)
 .debug_line    0x0000000000002a3c       0x6b ../accel_bsp/\libhal_bsp.a(alt_irq_entry.o)
 .debug_line    0x0000000000002aa7       0xcd ../accel_bsp/\libhal_bsp.a(alt_irq_handler.o)
 .debug_line    0x0000000000002b74       0xb3 ../accel_bsp/\libhal_bsp.a(alt_exception_entry.o)
 .debug_line    0x0000000000002c27       0xba ../accel_bsp/\libhal_bsp.a(alt_instruction_exception_entry.o)
 .debug_line    0x0000000000002ce1       0xe4 c:/intelfpga_lite/18.0/nios2eds/bin/gnu/h-x86_64-mingw32/bin/../lib/gcc/nios2-elf/5.3.0/../../../../../H-x86_64-mingw32/nios2-elf/lib\libsmallc.a(lib_a-atexit.o)
 .debug_line    0x0000000000002dc5      0x156 c:/intelfpga_lite/18.0/nios2eds/bin/gnu/h-x86_64-mingw32/bin/../lib/gcc/nios2-elf/5.3.0/../../../../../H-x86_64-mingw32/nios2-elf/lib\libsmallc.a(lib_a-exit.o)
 .debug_line    0x0000000000002f1b      0x15d c:/intelfpga_lite/18.0/nios2eds/bin/gnu/h-x86_64-mingw32/bin/../lib/gcc/nios2-elf/5.3.0/../../../../../H-x86_64-mingw32/nios2-elf/lib\libsmallc.a(lib_a-memcmp.o)
 .debug_line    0x0000000000003078      0x20a c:/intelfpga_lite/18.0/nios2eds/bin/gnu/h-x86_64-mingw32/bin/../lib/gcc/nios2-elf/5.3.0/../../../../../H-x86_64-mingw32/nios2-elf/lib\libsmallc.a(lib_a-__atexit.o)
 .debug_line    0x0000000000003282      0x22f c:/intelfpga_lite/18.0/nios2eds/bin/gnu/h-x86_64-mingw32/bin/../lib/gcc/nios2-elf/5.3.0/../../../../../H-x86_64-mingw32/nios2-elf/lib\libsmallc.a(lib_a-__call_atexit.o)
 .debug_line    0x00000000000034b1       0xad ../accel_bsp/\libhal_bsp.a(alt_exit.o)

.debug_frame    0x0000000000000000      0xca8
 *(.debug_frame)
 .debug_frame   0x0000000000000000       0x2c obj/default/accel.o
 .debug_frame   0x000000000000002c       0x48 c:/intelfpga_lite/18.0/nios2eds/bin/gnu/h-x86_64-mingw32/bin/../lib/gcc/nios2-elf/5.3.0/../../../../../H-x86_64-mingw32/nios2-elf/lib\libsmallc.a(lib_a-printf.o)
 .debug_frame   0x0000000000000074       0x48 c:/intelfpga_lite/18.0/nios2eds/bin/gnu/h-x86_64-mingw32/bin/../lib/gcc/nios2-elf/5.3.0/../../../../../H-x86_64-mingw32/nios2-elf/lib\libsmallc.a(lib_a-puts.o)
 .debug_frame   0x00000000000000bc       0x20 c:/intelfpga_lite/18.0/nios2eds/bin/gnu/h-x86_64-mingw32/bin/../lib/gcc/nios2-elf/5.3.0/../../../../../H-x86_64-mingw32/nios2-elf/lib\libsmallc.a(lib_a-strlen.o)
 .debug_frame   0x00000000000000dc       0x8c c:/intelfpga_lite/18.0/nios2eds/bin/gnu/h-x86_64-mingw32/bin/../lib/gcc/nios2-elf/5.3.0/../../../../../H-x86_64-mingw32/nios2-elf/lib\libsmallc.a(lib_a-vfprintf.o)
 .debug_frame   0x0000000000000168       0x58 c:/intelfpga_lite/18.0/nios2eds/bin/gnu/h-x86_64-mingw32/bin/../lib/gcc/nios2-elf/5.3.0/../../../../../H-x86_64-mingw32/nios2-elf/lib\libsmallc.a(lib_a-fvwrite_small_dev.o)
 .debug_frame   0x00000000000001c0       0x38 c:/intelfpga_lite/18.0/nios2eds/bin/gnu/h-x86_64-mingw32/bin/../lib/gcc/nios2-elf/5.3.0/../../../../../H-x86_64-mingw32/nios2-elf/lib\libsmallc.a(lib_a-writer.o)
 .debug_frame   0x00000000000001f8       0x50 c:/intelfpga_lite/18.0/nios2eds/bin/gnu/h-x86_64-mingw32/bin/../lib/gcc/nios2-elf/5.3.0\libgcc.a(lib2-divmod.o)
 .debug_frame   0x0000000000000248       0x5c ../accel_bsp/\libhal_bsp.a(alt_load.o)
 .debug_frame   0x00000000000002a4       0x2c ../accel_bsp/\libhal_bsp.a(alt_main.o)
 .debug_frame   0x00000000000002d0       0x38 ../accel_bsp/\libhal_bsp.a(alt_usleep.o)
 .debug_frame   0x0000000000000308       0x60 ../accel_bsp/\libhal_bsp.a(alt_write.o)
 .debug_frame   0x0000000000000368       0x88 ../accel_bsp/\libhal_bsp.a(alt_sys_init.o)
 .debug_frame   0x00000000000003f0       0x60 ../accel_bsp/\libhal_bsp.a(altera_avalon_jtag_uart_fd.o)
 .debug_frame   0x0000000000000450       0x34 ../accel_bsp/\libhal_bsp.a(altera_avalon_jtag_uart_read.o)
 .debug_frame   0x0000000000000484       0x34 ../accel_bsp/\libhal_bsp.a(altera_avalon_jtag_uart_write.o)
 .debug_frame   0x00000000000004b8       0x60 ../accel_bsp/\libhal_bsp.a(altera_avalon_timer_sc.o)
 .debug_frame   0x0000000000000518      0x110 ../accel_bsp/\libhal_bsp.a(altera_up_avalon_accelerometer_spi.o)
 .debug_frame   0x0000000000000628       0x38 ../accel_bsp/\libhal_bsp.a(alt_busy_sleep.o)
 .debug_frame   0x0000000000000660       0x60 ../accel_bsp/\libhal_bsp.a(alt_close.o)
 .debug_frame   0x00000000000006c0       0x34 ../accel_bsp/\libhal_bsp.a(alt_dcache_flush_all.o)
 .debug_frame   0x00000000000006f4       0x34 ../accel_bsp/\libhal_bsp.a(alt_dev.o)
 .debug_frame   0x0000000000000728       0x60 ../accel_bsp/\libhal_bsp.a(alt_dev_llist_insert.o)
 .debug_frame   0x0000000000000788       0x38 ../accel_bsp/\libhal_bsp.a(alt_do_ctors.o)
 .debug_frame   0x00000000000007c0       0x38 ../accel_bsp/\libhal_bsp.a(alt_do_dtors.o)
 .debug_frame   0x00000000000007f8       0x38 ../accel_bsp/\libhal_bsp.a(alt_find_dev.o)
 .debug_frame   0x0000000000000830       0x38 ../accel_bsp/\libhal_bsp.a(alt_icache_flush_all.o)
 .debug_frame   0x0000000000000868       0x60 ../accel_bsp/\libhal_bsp.a(alt_io_redirect.o)
 .debug_frame   0x00000000000008c8       0x34 ../accel_bsp/\libhal_bsp.a(alt_irq_register.o)
 .debug_frame   0x00000000000008fc       0x84 ../accel_bsp/\libhal_bsp.a(alt_open.o)
 .debug_frame   0x0000000000000980       0x34 ../accel_bsp/\libhal_bsp.a(alt_release_fd.o)
 .debug_frame   0x00000000000009b4       0x5c ../accel_bsp/\libhal_bsp.a(alt_tick.o)
 .debug_frame   0x0000000000000a10       0x34 ../accel_bsp/\libhal_bsp.a(altera_nios2_gen2_irq.o)
 .debug_frame   0x0000000000000a44       0x38 ../accel_bsp/\libhal_bsp.a(alt_find_file.o)
 .debug_frame   0x0000000000000a7c       0x34 ../accel_bsp/\libhal_bsp.a(alt_get_fd.o)
 .debug_frame   0x0000000000000ab0       0x34 ../accel_bsp/\libhal_bsp.a(alt_icache_flush.o)
 .debug_frame   0x0000000000000ae4       0x38 ../accel_bsp/\libhal_bsp.a(alt_irq_handler.o)
 .debug_frame   0x0000000000000b1c       0x5c ../accel_bsp/\libhal_bsp.a(alt_instruction_exception_entry.o)
 .debug_frame   0x0000000000000b78       0x20 c:/intelfpga_lite/18.0/nios2eds/bin/gnu/h-x86_64-mingw32/bin/../lib/gcc/nios2-elf/5.3.0/../../../../../H-x86_64-mingw32/nios2-elf/lib\libsmallc.a(lib_a-atexit.o)
 .debug_frame   0x0000000000000b98       0x28 c:/intelfpga_lite/18.0/nios2eds/bin/gnu/h-x86_64-mingw32/bin/../lib/gcc/nios2-elf/5.3.0/../../../../../H-x86_64-mingw32/nios2-elf/lib\libsmallc.a(lib_a-exit.o)
 .debug_frame   0x0000000000000bc0       0x20 c:/intelfpga_lite/18.0/nios2eds/bin/gnu/h-x86_64-mingw32/bin/../lib/gcc/nios2-elf/5.3.0/../../../../../H-x86_64-mingw32/nios2-elf/lib\libsmallc.a(lib_a-memcmp.o)
 .debug_frame   0x0000000000000be0       0x48 c:/intelfpga_lite/18.0/nios2eds/bin/gnu/h-x86_64-mingw32/bin/../lib/gcc/nios2-elf/5.3.0/../../../../../H-x86_64-mingw32/nios2-elf/lib\libsmallc.a(lib_a-__atexit.o)
 .debug_frame   0x0000000000000c28       0x54 c:/intelfpga_lite/18.0/nios2eds/bin/gnu/h-x86_64-mingw32/bin/../lib/gcc/nios2-elf/5.3.0/../../../../../H-x86_64-mingw32/nios2-elf/lib\libsmallc.a(lib_a-__call_atexit.o)
 .debug_frame   0x0000000000000c7c       0x2c ../accel_bsp/\libhal_bsp.a(alt_exit.o)

.debug_str      0x0000000000000000     0x1f05
 *(.debug_str)
 .debug_str     0x0000000000000000      0x1dc obj/default/accel.o
                                        0x23a (size before relaxing)
 .debug_str     0x00000000000001dc      0x407 c:/intelfpga_lite/18.0/nios2eds/bin/gnu/h-x86_64-mingw32/bin/../lib/gcc/nios2-elf/5.3.0/../../../../../H-x86_64-mingw32/nios2-elf/lib\libsmallc.a(lib_a-printf.o)
                                        0x4ea (size before relaxing)
 .debug_str     0x00000000000005e3       0x60 c:/intelfpga_lite/18.0/nios2eds/bin/gnu/h-x86_64-mingw32/bin/../lib/gcc/nios2-elf/5.3.0/../../../../../H-x86_64-mingw32/nios2-elf/lib\libsmallc.a(lib_a-puts.o)
                                        0x4b3 (size before relaxing)
 .debug_str     0x0000000000000643       0xc4 c:/intelfpga_lite/18.0/nios2eds/bin/gnu/h-x86_64-mingw32/bin/../lib/gcc/nios2-elf/5.3.0/../../../../../H-x86_64-mingw32/nios2-elf/lib\libsmallc.a(lib_a-strlen.o)
                                        0x1cb (size before relaxing)
 .debug_str     0x0000000000000707      0x1e9 c:/intelfpga_lite/18.0/nios2eds/bin/gnu/h-x86_64-mingw32/bin/../lib/gcc/nios2-elf/5.3.0/../../../../../H-x86_64-mingw32/nios2-elf/lib\libsmallc.a(lib_a-vfprintf.o)
                                        0x665 (size before relaxing)
 .debug_str     0x00000000000008f0       0x60 c:/intelfpga_lite/18.0/nios2eds/bin/gnu/h-x86_64-mingw32/bin/../lib/gcc/nios2-elf/5.3.0/../../../../../H-x86_64-mingw32/nios2-elf/lib\libsmallc.a(lib_a-fvwrite_small_dev.o)
                                        0x4ba (size before relaxing)
 .debug_str     0x0000000000000950       0xe1 c:/intelfpga_lite/18.0/nios2eds/bin/gnu/h-x86_64-mingw32/bin/../lib/gcc/nios2-elf/5.3.0/../../../../../H-x86_64-mingw32/nios2-elf/lib\libsmallc.a(lib_a-impure.o)
                                        0x4a4 (size before relaxing)
 .debug_str     0x0000000000000a31       0x42 c:/intelfpga_lite/18.0/nios2eds/bin/gnu/h-x86_64-mingw32/bin/../lib/gcc/nios2-elf/5.3.0/../../../../../H-x86_64-mingw32/nios2-elf/lib\libsmallc.a(lib_a-writer.o)
                                        0x49e (size before relaxing)
 .debug_str     0x0000000000000a73       0x3c c:/intelfpga_lite/18.0/nios2eds/bin/gnu/h-x86_64-mingw32/bin/../lib/gcc/nios2-elf/5.3.0/../../../../../H-x86_64-mingw32/nios2-elf/lib\libsmallc.a(lib_a-int_errno.o)
                                        0x1be (size before relaxing)
 .debug_str     0x0000000000000aaf      0x16d c:/intelfpga_lite/18.0/nios2eds/bin/gnu/h-x86_64-mingw32/bin/../lib/gcc/nios2-elf/5.3.0\libgcc.a(lib2-divmod.o)
                                        0x1b8 (size before relaxing)
 .debug_str     0x0000000000000c1c      0x158 ../accel_bsp/\libhal_bsp.a(alt_load.o)
                                        0x23c (size before relaxing)
 .debug_str     0x0000000000000d74       0x65 ../accel_bsp/\libhal_bsp.a(alt_main.o)
                                        0x1f0 (size before relaxing)
 .debug_str     0x0000000000000dd9       0x27 ../accel_bsp/\libhal_bsp.a(alt_usleep.o)
                                        0x172 (size before relaxing)
 .debug_str     0x0000000000000e00      0x10d ../accel_bsp/\libhal_bsp.a(alt_write.o)
                                        0x322 (size before relaxing)
 .debug_str     0x0000000000000f0d      0x14c ../accel_bsp/\libhal_bsp.a(alt_sys_init.o)
                                        0x388 (size before relaxing)
 .debug_str     0x0000000000001059       0x77 ../accel_bsp/\libhal_bsp.a(altera_avalon_jtag_uart_fd.o)
                                        0x2ff (size before relaxing)
 .debug_str     0x00000000000010d0       0x48 ../accel_bsp/\libhal_bsp.a(altera_avalon_jtag_uart_read.o)
                                        0x26a (size before relaxing)
 .debug_str     0x0000000000001118       0x4a ../accel_bsp/\libhal_bsp.a(altera_avalon_jtag_uart_write.o)
                                        0x260 (size before relaxing)
 .debug_str     0x0000000000001162       0xb6 ../accel_bsp/\libhal_bsp.a(altera_avalon_timer_sc.o)
                                        0x296 (size before relaxing)
 .debug_str     0x0000000000001218      0x138 ../accel_bsp/\libhal_bsp.a(altera_up_avalon_accelerometer_spi.o)
                                        0x36b (size before relaxing)
 .debug_str     0x0000000000001350       0x42 ../accel_bsp/\libhal_bsp.a(alt_busy_sleep.o)
                                        0x195 (size before relaxing)
 .debug_str     0x0000000000001392       0x1b ../accel_bsp/\libhal_bsp.a(alt_close.o)
                                        0x235 (size before relaxing)
 .debug_str     0x00000000000013ad       0x34 ../accel_bsp/\libhal_bsp.a(alt_dcache_flush_all.o)
                                        0x17f (size before relaxing)
 .debug_str     0x00000000000013e1       0x49 ../accel_bsp/\libhal_bsp.a(alt_dev.o)
                                        0x32f (size before relaxing)
 .debug_str     0x000000000000142a       0x45 ../accel_bsp/\libhal_bsp.a(alt_dev_llist_insert.o)
                                        0x1f6 (size before relaxing)
 .debug_str     0x000000000000146f       0x48 ../accel_bsp/\libhal_bsp.a(alt_do_ctors.o)
                                         0xfa (size before relaxing)
 .debug_str     0x00000000000014b7       0x4c ../accel_bsp/\libhal_bsp.a(alt_do_dtors.o)
                                         0xf9 (size before relaxing)
 .debug_str     0x0000000000001503       0x14 ../accel_bsp/\libhal_bsp.a(alt_errno.o)
                                        0x16f (size before relaxing)
 .debug_str     0x0000000000001517       0x24 ../accel_bsp/\libhal_bsp.a(alt_find_dev.o)
                                        0x216 (size before relaxing)
 .debug_str     0x000000000000153b       0x34 ../accel_bsp/\libhal_bsp.a(alt_icache_flush_all.o)
                                        0x17f (size before relaxing)
 .debug_str     0x000000000000156f       0x56 ../accel_bsp/\libhal_bsp.a(alt_io_redirect.o)
                                        0x340 (size before relaxing)
 .debug_str     0x00000000000015c5       0x77 ../accel_bsp/\libhal_bsp.a(alt_irq_register.o)
                                        0x232 (size before relaxing)
 .debug_str     0x000000000000163c       0x17 ../accel_bsp/\libhal_bsp.a(alt_irq_vars.o)
                                        0x164 (size before relaxing)
 .debug_str     0x0000000000001653       0x2f ../accel_bsp/\libhal_bsp.a(alt_open.o)
                                        0x275 (size before relaxing)
 .debug_str     0x0000000000001682       0x28 ../accel_bsp/\libhal_bsp.a(alt_release_fd.o)
                                        0x1fd (size before relaxing)
 .debug_str     0x00000000000016aa       0x78 ../accel_bsp/\libhal_bsp.a(alt_tick.o)
                                        0x29d (size before relaxing)
 .debug_str     0x0000000000001722       0x3b ../accel_bsp/\libhal_bsp.a(altera_nios2_gen2_irq.o)
                                        0x1af (size before relaxing)
 .debug_str     0x000000000000175d       0x26 ../accel_bsp/\libhal_bsp.a(alt_find_file.o)
                                        0x224 (size before relaxing)
 .debug_str     0x0000000000001783       0x30 ../accel_bsp/\libhal_bsp.a(alt_get_fd.o)
                                        0x246 (size before relaxing)
 .debug_str     0x00000000000017b3       0x2c ../accel_bsp/\libhal_bsp.a(alt_icache_flush.o)
                                        0x185 (size before relaxing)
 .debug_str     0x00000000000017df       0x3a ../accel_bsp/\libhal_bsp.a(alt_irq_handler.o)
                                        0x1e2 (size before relaxing)
 .debug_str     0x0000000000001819      0x48b ../accel_bsp/\libhal_bsp.a(alt_instruction_exception_entry.o)
                                        0x5ca (size before relaxing)
 .debug_str     0x0000000000001ca4      0x108 c:/intelfpga_lite/18.0/nios2eds/bin/gnu/h-x86_64-mingw32/bin/../lib/gcc/nios2-elf/5.3.0/../../../../../H-x86_64-mingw32/nios2-elf/lib\libsmallc.a(lib_a-atexit.o)
                                        0x202 (size before relaxing)
 .debug_str     0x0000000000001dac       0x49 c:/intelfpga_lite/18.0/nios2eds/bin/gnu/h-x86_64-mingw32/bin/../lib/gcc/nios2-elf/5.3.0/../../../../../H-x86_64-mingw32/nios2-elf/lib\libsmallc.a(lib_a-exit.o)
                                        0x1d6 (size before relaxing)
 .debug_str     0x0000000000001df5       0x41 c:/intelfpga_lite/18.0/nios2eds/bin/gnu/h-x86_64-mingw32/bin/../lib/gcc/nios2-elf/5.3.0/../../../../../H-x86_64-mingw32/nios2-elf/lib\libsmallc.a(lib_a-memcmp.o)
                                        0x1c5 (size before relaxing)
 .debug_str     0x0000000000001e36       0x43 c:/intelfpga_lite/18.0/nios2eds/bin/gnu/h-x86_64-mingw32/bin/../lib/gcc/nios2-elf/5.3.0/../../../../../H-x86_64-mingw32/nios2-elf/lib\libsmallc.a(lib_a-__atexit.o)
                                        0x4e5 (size before relaxing)
 .debug_str     0x0000000000001e79       0x62 c:/intelfpga_lite/18.0/nios2eds/bin/gnu/h-x86_64-mingw32/bin/../lib/gcc/nios2-elf/5.3.0/../../../../../H-x86_64-mingw32/nios2-elf/lib\libsmallc.a(lib_a-__call_atexit.o)
                                        0x4d1 (size before relaxing)
 .debug_str     0x0000000000001edb       0x2a ../accel_bsp/\libhal_bsp.a(alt_exit.o)
                                        0x1a4 (size before relaxing)

.debug_loc      0x0000000000000000     0x14f4
 *(.debug_loc)
 .debug_loc     0x0000000000000000       0xc6 c:/intelfpga_lite/18.0/nios2eds/bin/gnu/h-x86_64-mingw32/bin/../lib/gcc/nios2-elf/5.3.0/../../../../../H-x86_64-mingw32/nios2-elf/lib\libsmallc.a(lib_a-printf.o)
 .debug_loc     0x00000000000000c6       0x97 c:/intelfpga_lite/18.0/nios2eds/bin/gnu/h-x86_64-mingw32/bin/../lib/gcc/nios2-elf/5.3.0/../../../../../H-x86_64-mingw32/nios2-elf/lib\libsmallc.a(lib_a-puts.o)
 .debug_loc     0x000000000000015d       0x1e c:/intelfpga_lite/18.0/nios2eds/bin/gnu/h-x86_64-mingw32/bin/../lib/gcc/nios2-elf/5.3.0/../../../../../H-x86_64-mingw32/nios2-elf/lib\libsmallc.a(lib_a-strlen.o)
 .debug_loc     0x000000000000017b      0x901 c:/intelfpga_lite/18.0/nios2eds/bin/gnu/h-x86_64-mingw32/bin/../lib/gcc/nios2-elf/5.3.0/../../../../../H-x86_64-mingw32/nios2-elf/lib\libsmallc.a(lib_a-vfprintf.o)
 .debug_loc     0x0000000000000a7c      0x110 c:/intelfpga_lite/18.0/nios2eds/bin/gnu/h-x86_64-mingw32/bin/../lib/gcc/nios2-elf/5.3.0/../../../../../H-x86_64-mingw32/nios2-elf/lib\libsmallc.a(lib_a-fvwrite_small_dev.o)
 .debug_loc     0x0000000000000b8c       0xa5 c:/intelfpga_lite/18.0/nios2eds/bin/gnu/h-x86_64-mingw32/bin/../lib/gcc/nios2-elf/5.3.0/../../../../../H-x86_64-mingw32/nios2-elf/lib\libsmallc.a(lib_a-writer.o)
 .debug_loc     0x0000000000000c31      0x4ce c:/intelfpga_lite/18.0/nios2eds/bin/gnu/h-x86_64-mingw32/bin/../lib/gcc/nios2-elf/5.3.0\libgcc.a(lib2-divmod.o)
 .debug_loc     0x00000000000010ff       0x2c c:/intelfpga_lite/18.0/nios2eds/bin/gnu/h-x86_64-mingw32/bin/../lib/gcc/nios2-elf/5.3.0/../../../../../H-x86_64-mingw32/nios2-elf/lib\libsmallc.a(lib_a-atexit.o)
 .debug_loc     0x000000000000112b       0x1e c:/intelfpga_lite/18.0/nios2eds/bin/gnu/h-x86_64-mingw32/bin/../lib/gcc/nios2-elf/5.3.0/../../../../../H-x86_64-mingw32/nios2-elf/lib\libsmallc.a(lib_a-exit.o)
 .debug_loc     0x0000000000001149       0x94 c:/intelfpga_lite/18.0/nios2eds/bin/gnu/h-x86_64-mingw32/bin/../lib/gcc/nios2-elf/5.3.0/../../../../../H-x86_64-mingw32/nios2-elf/lib\libsmallc.a(lib_a-memcmp.o)
 .debug_loc     0x00000000000011dd      0x1c0 c:/intelfpga_lite/18.0/nios2eds/bin/gnu/h-x86_64-mingw32/bin/../lib/gcc/nios2-elf/5.3.0/../../../../../H-x86_64-mingw32/nios2-elf/lib\libsmallc.a(lib_a-__atexit.o)
 .debug_loc     0x000000000000139d      0x157 c:/intelfpga_lite/18.0/nios2eds/bin/gnu/h-x86_64-mingw32/bin/../lib/gcc/nios2-elf/5.3.0/../../../../../H-x86_64-mingw32/nios2-elf/lib\libsmallc.a(lib_a-__call_atexit.o)

.debug_macinfo
 *(.debug_macinfo)

.debug_weaknames
 *(.debug_weaknames)

.debug_funcnames
 *(.debug_funcnames)

.debug_typenames
 *(.debug_typenames)

.debug_varnames
 *(.debug_varnames)

.debug_alt_sim_info
                0x0000000000000000       0x60
 *(.debug_alt_sim_info)
 .debug_alt_sim_info
                0x0000000000000000       0x30 ../accel_bsp//obj/HAL/src/crt0.o
 .debug_alt_sim_info
                0x0000000000000030       0x30 ../accel_bsp/\libhal_bsp.a(alt_busy_sleep.o)
                0x00000000000386a0                __alt_data_end = 0x386a0
                0x00000000000386a0                PROVIDE (__alt_stack_pointer, __alt_data_end)
                [!provide]                        PROVIDE (__alt_stack_limit, __alt_stack_base)
                [!provide]                        PROVIDE (__alt_heap_start, end)
                [!provide]                        PROVIDE (__alt_heap_limit, 0x386a0)
OUTPUT(accel.elf elf32-littlenios2)

.debug_ranges   0x0000000000000000      0x2c0
 .debug_ranges  0x0000000000000000       0x20 ../accel_bsp//obj/HAL/src/crt0.o
 .debug_ranges  0x0000000000000020       0x18 c:/intelfpga_lite/18.0/nios2eds/bin/gnu/h-x86_64-mingw32/bin/../lib/gcc/nios2-elf/5.3.0/../../../../../H-x86_64-mingw32/nios2-elf/lib\libsmallc.a(lib_a-printf.o)
 .debug_ranges  0x0000000000000038       0x18 c:/intelfpga_lite/18.0/nios2eds/bin/gnu/h-x86_64-mingw32/bin/../lib/gcc/nios2-elf/5.3.0/../../../../../H-x86_64-mingw32/nios2-elf/lib\libsmallc.a(lib_a-puts.o)
 .debug_ranges  0x0000000000000050       0x10 c:/intelfpga_lite/18.0/nios2eds/bin/gnu/h-x86_64-mingw32/bin/../lib/gcc/nios2-elf/5.3.0/../../../../../H-x86_64-mingw32/nios2-elf/lib\libsmallc.a(lib_a-strlen.o)
 .debug_ranges  0x0000000000000060       0xc8 c:/intelfpga_lite/18.0/nios2eds/bin/gnu/h-x86_64-mingw32/bin/../lib/gcc/nios2-elf/5.3.0/../../../../../H-x86_64-mingw32/nios2-elf/lib\libsmallc.a(lib_a-vfprintf.o)
 .debug_ranges  0x0000000000000128       0x28 c:/intelfpga_lite/18.0/nios2eds/bin/gnu/h-x86_64-mingw32/bin/../lib/gcc/nios2-elf/5.3.0/../../../../../H-x86_64-mingw32/nios2-elf/lib\libsmallc.a(lib_a-fvwrite_small_dev.o)
 .debug_ranges  0x0000000000000150       0x10 c:/intelfpga_lite/18.0/nios2eds/bin/gnu/h-x86_64-mingw32/bin/../lib/gcc/nios2-elf/5.3.0/../../../../../H-x86_64-mingw32/nios2-elf/lib\libsmallc.a(lib_a-writer.o)
 .debug_ranges  0x0000000000000160       0x60 c:/intelfpga_lite/18.0/nios2eds/bin/gnu/h-x86_64-mingw32/bin/../lib/gcc/nios2-elf/5.3.0\libgcc.a(lib2-divmod.o)
 .debug_ranges  0x00000000000001c0       0x18 ../accel_bsp/\libhal_bsp.a(altera_avalon_jtag_uart_read.o)
 .debug_ranges  0x00000000000001d8       0x28 ../accel_bsp/\libhal_bsp.a(alt_irq_entry.o)
 .debug_ranges  0x0000000000000200       0x10 ../accel_bsp/\libhal_bsp.a(alt_irq_handler.o)
 .debug_ranges  0x0000000000000210       0x30 ../accel_bsp/\libhal_bsp.a(alt_exception_entry.o)
 .debug_ranges  0x0000000000000240       0x18 ../accel_bsp/\libhal_bsp.a(alt_instruction_exception_entry.o)
 .debug_ranges  0x0000000000000258       0x10 c:/intelfpga_lite/18.0/nios2eds/bin/gnu/h-x86_64-mingw32/bin/../lib/gcc/nios2-elf/5.3.0/../../../../../H-x86_64-mingw32/nios2-elf/lib\libsmallc.a(lib_a-atexit.o)
 .debug_ranges  0x0000000000000268       0x10 c:/intelfpga_lite/18.0/nios2eds/bin/gnu/h-x86_64-mingw32/bin/../lib/gcc/nios2-elf/5.3.0/../../../../../H-x86_64-mingw32/nios2-elf/lib\libsmallc.a(lib_a-exit.o)
 .debug_ranges  0x0000000000000278       0x10 c:/intelfpga_lite/18.0/nios2eds/bin/gnu/h-x86_64-mingw32/bin/../lib/gcc/nios2-elf/5.3.0/../../../../../H-x86_64-mingw32/nios2-elf/lib\libsmallc.a(lib_a-memcmp.o)
 .debug_ranges  0x0000000000000288       0x10 c:/intelfpga_lite/18.0/nios2eds/bin/gnu/h-x86_64-mingw32/bin/../lib/gcc/nios2-elf/5.3.0/../../../../../H-x86_64-mingw32/nios2-elf/lib\libsmallc.a(lib_a-__atexit.o)
 .debug_ranges  0x0000000000000298       0x28 c:/intelfpga_lite/18.0/nios2eds/bin/gnu/h-x86_64-mingw32/bin/../lib/gcc/nios2-elf/5.3.0/../../../../../H-x86_64-mingw32/nios2-elf/lib\libsmallc.a(lib_a-__call_atexit.o)