Archive member included to satisfy reference by file (symbol)

c:/intelfpga_lite/18.0/nios2eds/bin/gnu/h-x86_64-mingw32/bin/../lib/gcc/nios2-elf/5.3.0/../../../../../H-x86_64-mingw32/nios2-elf/lib\libsmallc.a(lib_a-itoa.o)
                              obj/default/box.o (itoa)
c:/intelfpga_lite/18.0/nios2eds/bin/gnu/h-x86_64-mingw32/bin/../lib/gcc/nios2-elf/5.3.0/../../../../../H-x86_64-mingw32/nios2-elf/lib\libsmallc.a(lib_a-printf.o)
                              obj/default/box.o (printf)
c:/intelfpga_lite/18.0/nios2eds/bin/gnu/h-x86_64-mingw32/bin/../lib/gcc/nios2-elf/5.3.0/../../../../../H-x86_64-mingw32/nios2-elf/lib\libsmallc.a(lib_a-utoa.o)
                              c:/intelfpga_lite/18.0/nios2eds/bin/gnu/h-x86_64-mingw32/bin/../lib/gcc/nios2-elf/5.3.0/../../../../../H-x86_64-mingw32/nios2-elf/lib\libsmallc.a(lib_a-itoa.o) (__utoa)
c:/intelfpga_lite/18.0/nios2eds/bin/gnu/h-x86_64-mingw32/bin/../lib/gcc/nios2-elf/5.3.0/../../../../../H-x86_64-mingw32/nios2-elf/lib\libsmallc.a(lib_a-vfprintf.o)
                              c:/intelfpga_lite/18.0/nios2eds/bin/gnu/h-x86_64-mingw32/bin/../lib/gcc/nios2-elf/5.3.0/../../../../../H-x86_64-mingw32/nios2-elf/lib\libsmallc.a(lib_a-printf.o) (___vfprintf_internal_r)
c:/intelfpga_lite/18.0/nios2eds/bin/gnu/h-x86_64-mingw32/bin/../lib/gcc/nios2-elf/5.3.0/../../../../../H-x86_64-mingw32/nios2-elf/lib\libsmallc.a(lib_a-fvwrite_small_dev.o)
                              c:/intelfpga_lite/18.0/nios2eds/bin/gnu/h-x86_64-mingw32/bin/../lib/gcc/nios2-elf/5.3.0/../../../../../H-x86_64-mingw32/nios2-elf/lib\libsmallc.a(lib_a-printf.o) (__sfvwrite_small_dev)
c:/intelfpga_lite/18.0/nios2eds/bin/gnu/h-x86_64-mingw32/bin/../lib/gcc/nios2-elf/5.3.0/../../../../../H-x86_64-mingw32/nios2-elf/lib\libsmallc.a(lib_a-impure.o)
                              c:/intelfpga_lite/18.0/nios2eds/bin/gnu/h-x86_64-mingw32/bin/../lib/gcc/nios2-elf/5.3.0/../../../../../H-x86_64-mingw32/nios2-elf/lib\libsmallc.a(lib_a-printf.o) (_impure_ptr)
c:/intelfpga_lite/18.0/nios2eds/bin/gnu/h-x86_64-mingw32/bin/../lib/gcc/nios2-elf/5.3.0/../../../../../H-x86_64-mingw32/nios2-elf/lib\libsmallc.a(lib_a-memcpy.o)
                              c:/intelfpga_lite/18.0/nios2eds/bin/gnu/h-x86_64-mingw32/bin/../lib/gcc/nios2-elf/5.3.0/../../../../../H-x86_64-mingw32/nios2-elf/lib\libsmallc.a(lib_a-utoa.o) (memcpy)
c:/intelfpga_lite/18.0/nios2eds/bin/gnu/h-x86_64-mingw32/bin/../lib/gcc/nios2-elf/5.3.0/../../../../../H-x86_64-mingw32/nios2-elf/lib\libsmallc.a(lib_a-strlen.o)
                              c:/intelfpga_lite/18.0/nios2eds/bin/gnu/h-x86_64-mingw32/bin/../lib/gcc/nios2-elf/5.3.0/../../../../../H-x86_64-mingw32/nios2-elf/lib\libsmallc.a(lib_a-vfprintf.o) (strlen)
c:/intelfpga_lite/18.0/nios2eds/bin/gnu/h-x86_64-mingw32/bin/../lib/gcc/nios2-elf/5.3.0/../../../../../H-x86_64-mingw32/nios2-elf/lib\libsmallc.a(lib_a-writer.o)
                              c:/intelfpga_lite/18.0/nios2eds/bin/gnu/h-x86_64-mingw32/bin/../lib/gcc/nios2-elf/5.3.0/../../../../../H-x86_64-mingw32/nios2-elf/lib\libsmallc.a(lib_a-fvwrite_small_dev.o) (_write_r)
c:/intelfpga_lite/18.0/nios2eds/bin/gnu/h-x86_64-mingw32/bin/../lib/gcc/nios2-elf/5.3.0/../../../../../H-x86_64-mingw32/nios2-elf/lib\libsmallc.a(lib_a-int_errno.o)
                              c:/intelfpga_lite/18.0/nios2eds/bin/gnu/h-x86_64-mingw32/bin/../lib/gcc/nios2-elf/5.3.0/../../../../../H-x86_64-mingw32/nios2-elf/lib\libsmallc.a(lib_a-writer.o) (errno)
c:/intelfpga_lite/18.0/nios2eds/bin/gnu/h-x86_64-mingw32/bin/../lib/gcc/nios2-elf/5.3.0\libgcc.a(lib2-divmod.o)
                              c:/intelfpga_lite/18.0/nios2eds/bin/gnu/h-x86_64-mingw32/bin/../lib/gcc/nios2-elf/5.3.0/../../../../../H-x86_64-mingw32/nios2-elf/lib\libsmallc.a(lib_a-utoa.o) (__udivsi3)
../box_bsp/\libhal_bsp.a(alt_load.o)
                              ../box_bsp//obj/HAL/src/crt0.o (alt_load)
../box_bsp/\libhal_bsp.a(alt_main.o)
                              ../box_bsp//obj/HAL/src/crt0.o (alt_main)
../box_bsp/\libhal_bsp.a(alt_usleep.o)
                              obj/default/box.o (usleep)
../box_bsp/\libhal_bsp.a(alt_write.o)
                              c:/intelfpga_lite/18.0/nios2eds/bin/gnu/h-x86_64-mingw32/bin/../lib/gcc/nios2-elf/5.3.0/../../../../../H-x86_64-mingw32/nios2-elf/lib\libsmallc.a(lib_a-writer.o) (write)
../box_bsp/\libhal_bsp.a(alt_sys_init.o)
                              ../box_bsp/\libhal_bsp.a(alt_main.o) (alt_irq_init)
../box_bsp/\libhal_bsp.a(altera_avalon_jtag_uart_fd.o)
                              ../box_bsp/\libhal_bsp.a(alt_sys_init.o) (altera_avalon_jtag_uart_read_fd)
../box_bsp/\libhal_bsp.a(altera_avalon_jtag_uart_read.o)
                              ../box_bsp/\libhal_bsp.a(altera_avalon_jtag_uart_fd.o) (altera_avalon_jtag_uart_read)
../box_bsp/\libhal_bsp.a(altera_avalon_jtag_uart_write.o)
                              ../box_bsp/\libhal_bsp.a(altera_avalon_jtag_uart_fd.o) (altera_avalon_jtag_uart_write)
[...]
Memory Configuration

Name             Origin             Length             Attributes
new_sdram_controller_0 0x0000000004000000 0x0000000004000000
reset            0x0000000008020000 0x0000000000000020
onchip_memory2_0 0x0000000008020020 0x0000000000018680
*default*        0x0000000000000000 0xffffffffffffffff

Linker script and memory map

LOAD ../box_bsp//obj/HAL/src/crt0.o
LOAD obj/default/box.o
LOAD c:/intelfpga_lite/18.0/nios2eds/bin/gnu/h-x86_64-mingw32/bin/../lib/gcc/nios2-elf/5.3.0/../../../../../H-x86_64-mingw32/nios2-elf/lib\libstdc++.a
LOAD c:/intelfpga_lite/18.0/nios2eds/bin/gnu/h-x86_64-mingw32/bin/../lib/gcc/nios2-elf/5.3.0/../../../../../H-x86_64-mingw32/nios2-elf/lib\libm.a
LOAD c:/intelfpga_lite/18.0/nios2eds/bin/gnu/h-x86_64-mingw32/bin/../lib/gcc/nios2-elf/5.3.0\libgcc.a
START GROUP
LOAD c:/intelfpga_lite/18.0/nios2eds/bin/gnu/h-x86_64-mingw32/bin/../lib/gcc/nios2-elf/5.3.0/../../../../../H-x86_64-mingw32/nios2-elf/lib\libsmallc.a
LOAD c:/intelfpga_lite/18.0/nios2eds/bin/gnu/h-x86_64-mingw32/bin/../lib/gcc/nios2-elf/5.3.0\libgcc.a
LOAD ../box_bsp/\libhal_bsp.a
LOAD c:/intelfpga_lite/18.0/nios2eds/bin/gnu/h-x86_64-mingw32/bin/../lib/gcc/nios2-elf/5.3.0/../../../../../H-x86_64-mingw32/nios2-elf/lib\libm.a
END GROUP
LOAD c:/intelfpga_lite/18.0/nios2eds/bin/gnu/h-x86_64-mingw32/bin/../lib/gcc/nios2-elf/5.3.0\libgcc.a
                0x0000000004000000                __alt_mem_new_sdram_controller_0 = 0x4000000
                0x0000000008020000                __alt_mem_onchip_memory2_0 = 0x8020000

.entry          0x0000000008020000       0x20
 *(.entry)
 .entry         0x0000000008020000       0x20 ../box_bsp//obj/HAL/src/crt0.o
                0x0000000008020000                __reset

.exceptions     0x0000000008020020      0x224 load address 0x0000000004000000
                0x0000000008020020                PROVIDE (__ram_exceptions_start, ABSOLUTE (.))
                0x0000000008020020                . = ALIGN (0x20)
 *(.irq)
 *(.exceptions.entry.label)
 .exceptions.entry.label
                0x0000000008020020        0x0 ../box_bsp/\libhal_bsp.a(alt_irq_entry.o)
                0x0000000008020020                alt_irq_entry
 .exceptions.entry.label
                0x0000000008020020        0x0 ../box_bsp/\libhal_bsp.a(alt_exception_entry.o)
                0x0000000008020020                alt_exception
 *(.exceptions.entry.user)
 *(.exceptions.entry.ecc_fatal)
 *(.exceptions.entry)
 .exceptions.entry
                0x0000000008020020       0x54 ../box_bsp/\libhal_bsp.a(alt_exception_entry.o)
 *(.exceptions.irqtest.user)
 *(.exceptions.irqtest)
 .exceptions.irqtest
                0x0000000008020074       0x10 ../box_bsp/\libhal_bsp.a(alt_irq_entry.o)
 *(.exceptions.irqhandler.user)
 *(.exceptions.irqhandler)
 .exceptions.irqhandler
                0x0000000008020084        0x4 ../box_bsp/\libhal_bsp.a(alt_irq_entry.o)
 *(.exceptions.irqreturn.user)
 *(.exceptions.irqreturn)
 .exceptions.irqreturn
                0x0000000008020088        0x4 ../box_bsp/\libhal_bsp.a(alt_irq_entry.o)
 *(.exceptions.notirq.label)
 .exceptions.notirq.label
                0x000000000802008c        0x0 ../box_bsp/\libhal_bsp.a(alt_irq_entry.o)
 *(.exceptions.notirq.user)
 *(.exceptions.notirq)
 .exceptions.notirq
                0x000000000802008c        0x8 ../box_bsp/\libhal_bsp.a(alt_exception_entry.o)
 *(.exceptions.soft.user)
 *(.exceptions.soft)
 *(.exceptions.unknown.user)
 *(.exceptions.unknown)
 .exceptions.unknown
                0x0000000008020094       0x14 ../box_bsp/\libhal_bsp.a(alt_exception_entry.o)
 *(.exceptions.exit.label)
 .exceptions.exit.label
                0x00000000080200a8        0x0 ../box_bsp/\libhal_bsp.a(alt_irq_entry.o)
 .exceptions.exit.label
                0x00000000080200a8        0x0 ../box_bsp/\libhal_bsp.a(alt_exception_entry.o)
 *(.exceptions.exit.user)
 *(.exceptions.exit)
 .exceptions.exit
                0x00000000080200a8       0x54 ../box_bsp/\libhal_bsp.a(alt_exception_entry.o)
 *(.exceptions)
 .exceptions    0x00000000080200fc       0xd4 ../box_bsp/\libhal_bsp.a(alt_irq_handler.o)
                0x00000000080200fc                alt_irq_handler
 .exceptions    0x00000000080201d0       0x74 ../box_bsp/\libhal_bsp.a(alt_instruction_exception_entry.o)
                0x00000000080201d0                alt_instruction_exception_entry
                0x0000000008020244                PROVIDE (__ram_exceptions_end, ABSOLUTE (.))
                0x0000000004000000                PROVIDE (__flash_exceptions_start, LOADADDR (.exceptions))

.text           0x0000000004000224     0x389c
                [!provide]                        PROVIDE (stext, ABSOLUTE (.))
 *(.interp)
 *(.hash)
 *(.dynsym)
 *(.dynstr)
 *(.gnu.version)
 *(.gnu.version_d)
 *(.gnu.version_r)
 *(.rel.init)
 *(.rela.init)
 *(.rel.text .rel.text.* .rel.gnu.linkonce.t.*)
 *(.rela.text .rela.text.* .rela.gnu.linkonce.t.*)
 *(.rel.fini)
 *(.rela.fini)
 *(.rel.rodata .rel.rodata.* .rel.gnu.linkonce.r.*)
 *(.rela.rodata .rela.rodata.* .rela.gnu.linkonce.r.*)
 *(.rel.data .rel.data.* .rel.gnu.linkonce.d.*)
 *(.rela.data .rela.data.* .rela.gnu.linkonce.d.*)
 *(.rel.tdata .rel.tdata.* .rel.gnu.linkonce.td.*)
 *(.rela.tdata .rela.tdata.* .rela.gnu.linkonce.td.*)
 *(.rel.tbss .rel.tbss.* .rel.gnu.linkonce.tb.*)
 *(.rela.tbss .rela.tbss.* .rela.gnu.linkonce.tb.*)
 *(.rel.ctors)
 *(.rela.ctors)
 *(.rel.dtors)
 *(.rela.dtors)
 *(.rel.got)
 *(.rela.got)
 *(.rel.sdata .rel.sdata.* .rel.gnu.linkonce.s.*)
 *(.rela.sdata .rela.sdata.* .rela.gnu.linkonce.s.*)
 *(.rel.sbss .rel.sbss.* .rel.gnu.linkonce.sb.*)
 *(.rela.sbss .rela.sbss.* .rela.gnu.linkonce.sb.*)
 *(.rel.sdata2 .rel.sdata2.* .rel.gnu.linkonce.s2.*)
 *(.rela.sdata2 .rela.sdata2.* .rela.gnu.linkonce.s2.*)
 *(.rel.sbss2 .rel.sbss2.* .rel.gnu.linkonce.sb2.*)
 *(.rela.sbss2 .rela.sbss2.* .rela.gnu.linkonce.sb2.*)
 *(.rel.bss .rel.bss.* .rel.gnu.linkonce.b.*)
 *(.rela.bss .rela.bss.* .rela.gnu.linkonce.b.*)
 *(.rel.plt)
 *(.rela.plt)
 *(.rel.dyn)
 *(.init)
 *(.plt)
 *(.text .stub .text.* .gnu.linkonce.t.*)
 .text          0x0000000004000224       0x4c ../box_bsp//obj/HAL/src/crt0.o
                0x0000000004000224                _start
 .text          0x0000000004000270      0x188 obj/default/box.o
                0x0000000004000270                main
                0x0000000004000370                color_switch
 .text          0x00000000040003f8        0x0 c:/intelfpga_lite/18.0/nios2eds/bin/gnu/h-x86_64-mingw32/bin/../lib/gcc/nios2-elf/5.3.0/../../../../../H-x86_64-mingw32/nios2-elf/lib\libsmallc.a(lib_a-itoa.o)
 .text.__itoa   0x00000000040003f8       0x68 c:/intelfpga_lite/18.0/nios2eds/bin/gnu/h-x86_64-mingw32/bin/../lib/gcc/nios2-elf/5.3.0/../../../../../H-x86_64-mingw32/nios2-elf/lib\libsmallc.a(lib_a-itoa.o)
                0x00000000040003f8                __itoa
 .text.itoa     0x0000000004000460        0x4 c:/intelfpga_lite/18.0/nios2eds/bin/gnu/h-x86_64-mingw32/bin/../lib/gcc/nios2-elf/5.3.0/../../../../../H-x86_64-mingw32/nios2-elf/lib\libsmallc.a(lib_a-itoa.o)
                0x0000000004000460                itoa
 .text          0x0000000004000464        0x0 c:/intelfpga_lite/18.0/nios2eds/bin/gnu/h-x86_64-mingw32/bin/../lib/gcc/nios2-elf/5.3.0/../../../../../H-x86_64-mingw32/nios2-elf/lib\libsmallc.a(lib_a-printf.o)
 .text._printf_r
                0x0000000004000464       0x3c c:/intelfpga_lite/18.0/nios2eds/bin/gnu/h-x86_64-mingw32/bin/../lib/gcc/nios2-elf/5.3.0/../../../../../H-x86_64-mingw32/nios2-elf/lib\libsmallc.a(lib_a-printf.o)
                0x0000000004000464                _printf_r
 .text.printf   0x00000000040004a0       0x4c c:/intelfpga_lite/18.0/nios2eds/bin/gnu/h-x86_64-mingw32/bin/../lib/gcc/nios2-elf/5.3.0/../../../../../H-x86_64-mingw32/nios2-elf/lib\libsmallc.a(lib_a-printf.o)
                0x00000000040004a0                printf
 .text          0x00000000040004ec        0x0 c:/intelfpga_lite/18.0/nios2eds/bin/gnu/h-x86_64-mingw32/bin/../lib/gcc/nios2-elf/5.3.0/../../../../../H-x86_64-mingw32/nios2-elf/lib\libsmallc.a(lib_a-utoa.o)
 .text.__utoa   0x00000000040004ec       0xfc c:/intelfpga_lite/18.0/nios2eds/bin/gnu/h-x86_64-mingw32/bin/../lib/gcc/nios2-elf/5.3.0/../../../../../H-x86_64-mingw32/nios2-elf/lib\libsmallc.a(lib_a-utoa.o)
                0x00000000040004ec                __utoa
 .text.utoa     0x00000000040005e8        0x4 c:/intelfpga_lite/18.0/nios2eds/bin/gnu/h-x86_64-mingw32/bin/../lib/gcc/nios2-elf/5.3.0/../../../../../H-x86_64-mingw32/nios2-elf/lib\libsmallc.a(lib_a-utoa.o)
                0x00000000040005e8                utoa
 .text          0x00000000040005ec        0x0 c:/intelfpga_lite/18.0/nios2eds/bin/gnu/h-x86_64-mingw32/bin/../lib/gcc/nios2-elf/5.3.0/../../../../../H-x86_64-mingw32/nios2-elf/lib\libsmallc.a(lib_a-vfprintf.o)
 .text.print_repeat
                0x00000000040005ec       0x6c c:/intelfpga_lite/18.0/nios2eds/bin/gnu/h-x86_64-mingw32/bin/../lib/gcc/nios2-elf/5.3.0/../../../../../H-x86_64-mingw32/nios2-elf/lib\libsmallc.a(lib_a-vfprintf.o)
 .text.___vfprintf_internal_r
                0x0000000004000658      0x524 c:/intelfpga_lite/18.0/nios2eds/bin/gnu/h-x86_64-mingw32/bin/../lib/gcc/nios2-elf/5.3.0/../../../../../H-x86_64-mingw32/nios2-elf/lib\libsmallc.a(lib_a-vfprintf.o)
                0x0000000004000658                ___vfprintf_internal_r
 .text.__vfprintf_internal
                0x0000000004000b7c       0x1c c:/intelfpga_lite/18.0/nios2eds/bin/gnu/h-x86_64-mingw32/bin/../lib/gcc/nios2-elf/5.3.0/../../../../../H-x86_64-mingw32/nios2-elf/lib\libsmallc.a(lib_a-vfprintf.o)
                0x0000000004000b7c                __vfprintf_internal
 .text          0x0000000004000b98        0x0 c:/intelfpga_lite/18.0/nios2eds/bin/gnu/h-x86_64-mingw32/bin/../lib/gcc/nios2-elf/5.3.0/../../../../../H-x86_64-mingw32/nios2-elf/lib\libsmallc.a(lib_a-fvwrite_small_dev.o)
 .text.__sfvwrite_small_dev
                0x0000000004000b98       0xb8 c:/intelfpga_lite/18.0/nios2eds/bin/gnu/h-x86_64-mingw32/bin/../lib/gcc/nios2-elf/5.3.0/../../../../../H-x86_64-mingw32/nios2-elf/lib\libsmallc.a(lib_a-fvwrite_small_dev.o)
                0x0000000004000b98                __sfvwrite_small_dev
 .text          0x0000000004000c50        0x0 c:/intelfpga_lite/18.0/nios2eds/bin/gnu/h-x86_64-mingw32/bin/../lib/gcc/nios2-elf/5.3.0/../../../../../H-x86_64-mingw32/nios2-elf/lib\libsmallc.a(lib_a-impure.o)
 .text          0x0000000004000c50        0x0 c:/intelfpga_lite/18.0/nios2eds/bin/gnu/h-x86_64-mingw32/bin/../lib/gcc/nios2-elf/5.3.0/../../../../../H-x86_64-mingw32/nios2-elf/lib\libsmallc.a(lib_a-memcpy.o)
 .text.memcpy   0x0000000004000c50       0x28 c:/intelfpga_lite/18.0/nios2eds/bin/gnu/h-x86_64-mingw32/bin/../lib/gcc/nios2-elf/5.3.0/../../../../../H-x86_64-mingw32/nios2-elf/lib\libsmallc.a(lib_a-memcpy.o)
                0x0000000004000c50                memcpy
 .text          0x0000000004000c78        0x0 c:/intelfpga_lite/18.0/nios2eds/bin/gnu/h-x86_64-mingw32/bin/../lib/gcc/nios2-elf/5.3.0/../../../../../H-x86_64-mingw32/nios2-elf/lib\libsmallc.a(lib_a-strlen.o)
 .text.strlen   0x0000000004000c78       0x1c c:/intelfpga_lite/18.0/nios2eds/bin/gnu/h-x86_64-mingw32/bin/../lib/gcc/nios2-elf/5.3.0/../../../../../H-x86_64-mingw32/nios2-elf/lib\libsmallc.a(lib_a-strlen.o)
                0x0000000004000c78                strlen
 .text          0x0000000004000c94        0x0 c:/intelfpga_lite/18.0/nios2eds/bin/gnu/h-x86_64-mingw32/bin/../lib/gcc/nios2-elf/5.3.0/../../../../../H-x86_64-mingw32/nios2-elf/lib\libsmallc.a(lib_a-writer.o)
 .text._write_r
                0x0000000004000c94       0x58 c:/intelfpga_lite/18.0/nios2eds/bin/gnu/h-x86_64-mingw32/bin/../lib/gcc/nios2-elf/5.3.0/../../../../../H-x86_64-mingw32/nios2-elf/lib\libsmallc.a(lib_a-writer.o)
                0x0000000004000c94                _write_r
 .text          0x0000000004000cec        0x0 c:/intelfpga_lite/18.0/nios2eds/bin/gnu/h-x86_64-mingw32/bin/../lib/gcc/nios2-elf/5.3.0/../../../../../H-x86_64-mingw32/nios2-elf/lib\libsmallc.a(lib_a-int_errno.o)
 .text          0x0000000004000cec      0x1b4 c:/intelfpga_lite/18.0/nios2eds/bin/gnu/h-x86_64-mingw32/bin/../lib/gcc/nios2-elf/5.3.0\libgcc.a(lib2-divmod.o)
                0x0000000004000cec                __divsi3
                0x0000000004000d70                __modsi3
                0x0000000004000de4                __udivsi3
                0x0000000004000e48                __umodsi3
 .text          0x0000000004000ea0       0xec ../box_bsp/\libhal_bsp.a(alt_load.o)
                0x0000000004000f08                alt_load
 .text          0x0000000004000f8c       0x7c ../box_bsp/\libhal_bsp.a(alt_main.o)
                0x0000000004000f8c                alt_main
 .text          0x0000000004001008       0x30 ../box_bsp/\libhal_bsp.a(alt_usleep.o)
                0x0000000004001008                usleep
 .text          0x0000000004001038      0x134 ../box_bsp/\libhal_bsp.a(alt_write.o)
                0x0000000004001074                write
 .text          0x000000000400116c      0x378 ../box_bsp/\libhal_bsp.a(alt_sys_init.o)
                0x00000000040011a0                alt_irq_init
                0x00000000040011d8                alt_sys_init
 .text          0x00000000040014e4       0xc0 ../box_bsp/\libhal_bsp.a(altera_avalon_jtag_uart_fd.o)
                0x00000000040014e4                altera_avalon_jtag_uart_read_fd
                0x0000000004001544                altera_avalon_jtag_uart_write_fd
 .text          0x00000000040015a4       0xec ../box_bsp/\libhal_bsp.a(altera_avalon_jtag_uart_read.o)
                0x00000000040015a4                altera_avalon_jtag_uart_read
 .text          0x0000000004001690       0x94 ../box_bsp/\libhal_bsp.a(altera_avalon_jtag_uart_write.o)
                0x0000000004001690                altera_avalon_jtag_uart_write
 .text          0x0000000004001724       0xf4 ../box_bsp/\libhal_bsp.a(altera_avalon_timer_sc.o)
                0x000000000400179c                alt_avalon_timer_sc_init
 .text          0x0000000004001818      0xeb4 ../box_bsp/\libhal_bsp.a(altera_up_avalon_video_pixel_buffer_dma.o)
                0x0000000004001818                alt_up_pixel_buffer_dma_open_dev
                0x0000000004001854                alt_up_pixel_buffer_dma_draw
                0x00000000040019e8                alt_up_pixel_buffer_dma_change_back_buffer_address
                0x0000000004001a44                alt_up_pixel_buffer_dma_swap_buffers
                0x0000000004001aa4                alt_up_pixel_buffer_dma_check_swap_buffers_status
                0x0000000004001ad8                alt_up_pixel_buffer_dma_clear_screen
                0x0000000004001c00                alt_up_pixel_buffer_dma_draw_box
                0x0000000004001edc                alt_up_pixel_buffer_dma_draw_hline
                0x00000000040020ec                alt_up_pixel_buffer_dma_draw_vline
                0x0000000004002338                alt_up_pixel_buffer_dma_draw_rectangle
                0x0000000004002400                helper_plot_pixel
                0x0000000004002484                alt_up_pixel_buffer_dma_draw_line
 .text          0x00000000040026cc      0x158 ../box_bsp/\libhal_bsp.a(alt_busy_sleep.o)
                0x00000000040026cc                alt_busy_sleep
 .text          0x0000000004002824      0x10c ../box_bsp/\libhal_bsp.a(alt_close.o)
                0x0000000004002860                close
 .text          0x0000000004002930       0x48 ../box_bsp/\libhal_bsp.a(alt_dcache_flush_all.o)
                0x0000000004002930                alt_dcache_flush_all
 .text          0x0000000004002978       0x2c ../box_bsp/\libhal_bsp.a(alt_dev.o)
 .text          0x00000000040029a4       0xe0 ../box_bsp/\libhal_bsp.a(alt_dev_llist_insert.o)
                0x00000000040029e0                alt_dev_llist_insert
 .text          0x0000000004002a84       0x60 ../box_bsp/\libhal_bsp.a(alt_do_ctors.o)
                0x0000000004002a84                _do_ctors
 .text          0x0000000004002ae4       0x60 ../box_bsp/\libhal_bsp.a(alt_do_dtors.o)
                0x0000000004002ae4                _do_dtors
 .text          0x0000000004002b44        0x0 ../box_bsp/\libhal_bsp.a(alt_errno.o)
 .text          0x0000000004002b44       0x90 ../box_bsp/\libhal_bsp.a(alt_find_dev.o)
                0x0000000004002b44                alt_find_dev
 .text          0x0000000004002bd4       0x34 ../box_bsp/\libhal_bsp.a(alt_icache_flush_all.o)
                0x0000000004002bd4                alt_icache_flush_all
 .text          0x0000000004002c08      0x1b0 ../box_bsp/\libhal_bsp.a(alt_iic.o)
                0x0000000004002c08                alt_ic_isr_register
                0x0000000004002c58                alt_ic_irq_enable
                0x0000000004002ce0                alt_ic_irq_disable
                0x0000000004002d6c                alt_ic_irq_enabled
 .text          0x0000000004002db8       0xf0 ../box_bsp/\libhal_bsp.a(alt_iic_isr_register.o)
                0x0000000004002db8                alt_iic_isr_register
 .text          0x0000000004002ea8      0x140 ../box_bsp/\libhal_bsp.a(alt_io_redirect.o)
                0x0000000004002f6c                alt_io_redirect
 .text          0x0000000004002fe8        0x0 ../box_bsp/\libhal_bsp.a(alt_irq_entry.o)
 .text          0x0000000004002fe8        0x0 ../box_bsp/\libhal_bsp.a(alt_irq_handler.o)
 .text          0x0000000004002fe8        0x0 ../box_bsp/\libhal_bsp.a(alt_irq_vars.o)
 .text          0x0000000004002fe8      0x254 ../box_bsp/\libhal_bsp.a(alt_open.o)
                0x00000000040030e8                open
 .text          0x000000000400323c       0x64 ../box_bsp/\libhal_bsp.a(alt_release_fd.o)
                0x000000000400323c                alt_release_fd
 .text          0x00000000040032a0      0x1a4 ../box_bsp/\libhal_bsp.a(alt_tick.o)
                0x00000000040032a0                alt_alarm_stop
                0x000000000400333c                alt_tick
 .text          0x0000000004003444       0x24 ../box_bsp/\libhal_bsp.a(altera_nios2_gen2_irq.o)
                0x0000000004003444                altera_nios2_gen2_irq_init
 .text          0x0000000004003468        0x0 ../box_bsp/\libhal_bsp.a(alt_exception_entry.o)
 .text          0x0000000004003468      0x108 ../box_bsp/\libhal_bsp.a(alt_find_file.o)
                0x0000000004003468                alt_find_file
 .text          0x0000000004003570       0xa4 ../box_bsp/\libhal_bsp.a(alt_get_fd.o)
                0x0000000004003570                alt_get_fd
 .text          0x0000000004003614       0x90 ../box_bsp/\libhal_bsp.a(alt_icache_flush.o)
                0x0000000004003614                alt_icache_flush
 .text          0x00000000040036a4       0x9c ../box_bsp/\libhal_bsp.a(alt_instruction_exception_entry.o)
                0x00000000040036a4                alt_exception_cause_generated_bad_addr
 .text          0x0000000004003740        0x0 c:/intelfpga_lite/18.0/nios2eds/bin/gnu/h-x86_64-mingw32/bin/../lib/gcc/nios2-elf/5.3.0/../../../../../H-x86_64-mingw32/nios2-elf/lib\libsmallc.a(lib_a-atexit.o)
 .text.atexit   0x0000000004003740       0x14 c:/intelfpga_lite/18.0/nios2eds/bin/gnu/h-x86_64-mingw32/bin/../lib/gcc/nios2-elf/5.3.0/../../../../../H-x86_64-mingw32/nios2-elf/lib\libsmallc.a(lib_a-atexit.o)
                0x0000000004003740                atexit
 .text          0x0000000004003754        0x0 c:/intelfpga_lite/18.0/nios2eds/bin/gnu/h-x86_64-mingw32/bin/../lib/gcc/nios2-elf/5.3.0/../../../../../H-x86_64-mingw32/nios2-elf/lib\libsmallc.a(lib_a-exit.o)
 .text.exit     0x0000000004003754       0x20 c:/intelfpga_lite/18.0/nios2eds/bin/gnu/h-x86_64-mingw32/bin/../lib/gcc/nios2-elf/5.3.0/../../../../../H-x86_64-mingw32/nios2-elf/lib\libsmallc.a(lib_a-exit.o)
                0x0000000004003754                exit
 .text          0x0000000004003774        0x0 c:/intelfpga_lite/18.0/nios2eds/bin/gnu/h-x86_64-mingw32/bin/../lib/gcc/nios2-elf/5.3.0/../../../../../H-x86_64-mingw32/nios2-elf/lib\libsmallc.a(lib_a-memcmp.o)
 .text.memcmp   0x0000000004003774       0x30 c:/intelfpga_lite/18.0/nios2eds/bin/gnu/h-x86_64-mingw32/bin/../lib/gcc/nios2-elf/5.3.0/../../../../../H-x86_64-mingw32/nios2-elf/lib\libsmallc.a(lib_a-memcmp.o)
                0x0000000004003774                memcmp
 .text          0x00000000040037a4        0x0 c:/intelfpga_lite/18.0/nios2eds/bin/gnu/h-x86_64-mingw32/bin/../lib/gcc/nios2-elf/5.3.0/../../../../../H-x86_64-mingw32/nios2-elf/lib\libsmallc.a(lib_a-__atexit.o)
 .text.__register_exitproc
                0x00000000040037a4      0x158 c:/intelfpga_lite/18.0/nios2eds/bin/gnu/h-x86_64-mingw32/bin/../lib/gcc/nios2-elf/5.3.0/../../../../../H-x86_64-mingw32/nios2-elf/lib\libsmallc.a(lib_a-__atexit.o)
                0x00000000040037a4                __register_exitproc
 .text          0x00000000040038fc        0x0 c:/intelfpga_lite/18.0/nios2eds/bin/gnu/h-x86_64-mingw32/bin/../lib/gcc/nios2-elf/5.3.0/../../../../../H-x86_64-mingw32/nios2-elf/lib\libsmallc.a(lib_a-__call_atexit.o)
 .text.__call_exitprocs
                0x00000000040038fc      0x190 c:/intelfpga_lite/18.0/nios2eds/bin/gnu/h-x86_64-mingw32/bin/../lib/gcc/nios2-elf/5.3.0/../../../../../H-x86_64-mingw32/nios2-elf/lib\libsmallc.a(lib_a-__call_atexit.o)
                0x00000000040038fc                __call_exitprocs
 .text          0x0000000004003a8c       0x34 ../box_bsp/\libhal_bsp.a(alt_exit.o)
                0x0000000004003a8c                _exit
 *(.gnu.warning.*)
 *(.fini)
                [!provide]                        PROVIDE (__etext, ABSOLUTE (.))
                [!provide]                        PROVIDE (_etext, ABSOLUTE (.))
                [!provide]                        PROVIDE (etext, ABSOLUTE (.))
 *(.eh_frame_hdr)
                0x0000000004003ac0                . = ALIGN (0x4)
                [!provide]                        PROVIDE (__preinit_array_start, ABSOLUTE (.))
 *(.preinit_array)
                [!provide]                        PROVIDE (__preinit_array_end, ABSOLUTE (.))
                [!provide]                        PROVIDE (__init_array_start, ABSOLUTE (.))
 *(.init_array)
                [!provide]                        PROVIDE (__init_array_end, ABSOLUTE (.))
                [!provide]                        PROVIDE (__fini_array_start, ABSOLUTE (.))
 *(.fini_array)
                [!provide]                        PROVIDE (__fini_array_end, ABSOLUTE (.))
 *(.eh_frame)
 *(.gcc_except_table .gcc_except_table.*)
 *(.dynamic)
                0x0000000004003ac0                PROVIDE (__CTOR_LIST__, ABSOLUTE (.))
 *(.ctors)
 *(SORT(.ctors.*))
                0x0000000004003ac0                PROVIDE (__CTOR_END__, ABSOLUTE (.))
                0x0000000004003ac0                PROVIDE (__DTOR_LIST__, ABSOLUTE (.))
 *(.dtors)
 *(SORT(.dtors.*))
                0x0000000004003ac0                PROVIDE (__DTOR_END__, ABSOLUTE (.))
 *(.jcr)
                0x0000000004003ac0                . = ALIGN (0x4)

.rodata         0x0000000004003ac0       0xdc
                0x0000000004003ac0                PROVIDE (__ram_rodata_start, ABSOLUTE (.))
                0x0000000004003ac0                . = ALIGN (0x4)
 *(.rodata .rodata.* .gnu.linkonce.r.*)
 .rodata        0x0000000004003ac0       0x41 obj/default/box.o
 *fill*         0x0000000004003b01        0x3 
 .rodata.str1.4
                0x0000000004003b04       0x28 c:/intelfpga_lite/18.0/nios2eds/bin/gnu/h-x86_64-mingw32/bin/../lib/gcc/nios2-elf/5.3.0/../../../../../H-x86_64-mingw32/nios2-elf/lib\libsmallc.a(lib_a-utoa.o)
                                         0x25 (size before relaxing)
 .rodata        0x0000000004003b2c       0x11 ../box_bsp/\libhal_bsp.a(alt_main.o)
 *fill*         0x0000000004003b3d        0x3 
 .rodata        0x0000000004003b40       0x4f ../box_bsp/\libhal_bsp.a(alt_sys_init.o)
 *fill*         0x0000000004003b8f        0x1 
 .rodata        0x0000000004003b90        0xa ../box_bsp/\libhal_bsp.a(alt_dev.o)
 *(.rodata1)
                0x0000000004003b9c                . = ALIGN (0x4)
 *fill*         0x0000000004003b9a        0x2 
                0x0000000004003b9c                PROVIDE (__ram_rodata_end, ABSOLUTE (.))
                0x0000000004003ac0                PROVIDE (__flash_rodata_start, LOADADDR (.rodata))

.rwdata         0x0000000004003b9c      0x378 load address 0x0000000004003f14
                0x0000000004003b9c                PROVIDE (__ram_rwdata_start, ABSOLUTE (.))
                0x0000000004003b9c                . = ALIGN (0x4)
 *(.got.plt)
 *(.got)
 *(.data1)
 *(.data .data.* .gnu.linkonce.d.*)
 .data          0x0000000004003b9c        0x0 ../box_bsp//obj/HAL/src/crt0.o
 .data          0x0000000004003b9c        0x0 obj/default/box.o
 .data          0x0000000004003b9c        0x0 c:/intelfpga_lite/18.0/nios2eds/bin/gnu/h-x86_64-mingw32/bin/../lib/gcc/nios2-elf/5.3.0/../../../../../H-x86_64-mingw32/nios2-elf/lib\libsmallc.a(lib_a-itoa.o)
 .data          0x0000000004003b9c        0x0 c:/intelfpga_lite/18.0/nios2eds/bin/gnu/h-x86_64-mingw32/bin/../lib/gcc/nios2-elf/5.3.0/../../../../../H-x86_64-mingw32/nios2-elf/lib\libsmallc.a(lib_a-printf.o)
 .data          0x0000000004003b9c        0x0 c:/intelfpga_lite/18.0/nios2eds/bin/gnu/h-x86_64-mingw32/bin/../lib/gcc/nios2-elf/5.3.0/../../../../../H-x86_64-mingw32/nios2-elf/lib\libsmallc.a(lib_a-utoa.o)
 .data          0x0000000004003b9c        0x0 c:/intelfpga_lite/18.0/nios2eds/bin/gnu/h-x86_64-mingw32/bin/../lib/gcc/nios2-elf/5.3.0/../../../../../H-x86_64-mingw32/nios2-elf/lib\libsmallc.a(lib_a-vfprintf.o)
 .data          0x0000000004003b9c        0x0 c:/intelfpga_lite/18.0/nios2eds/bin/gnu/h-x86_64-mingw32/bin/../lib/gcc/nios2-elf/5.3.0/../../../../../H-x86_64-mingw32/nios2-elf/lib\libsmallc.a(lib_a-fvwrite_small_dev.o)
 .data          0x0000000004003b9c        0x0 c:/intelfpga_lite/18.0/nios2eds/bin/gnu/h-x86_64-mingw32/bin/../lib/gcc/nios2-elf/5.3.0/../../../../../H-x86_64-mingw32/nios2-elf/lib\libsmallc.a(lib_a-impure.o)
 .data.impure_data
                0x0000000004003b9c       0xe0 c:/intelfpga_lite/18.0/nios2eds/bin/gnu/h-x86_64-mingw32/bin/../lib/gcc/nios2-elf/5.3.0/../../../../../H-x86_64-mingw32/nios2-elf/lib\libsmallc.a(lib_a-impure.o)
 .data          0x0000000004003c7c        0x0 c:/intelfpga_lite/18.0/nios2eds/bin/gnu/h-x86_64-mingw32/bin/../lib/gcc/nios2-elf/5.3.0/../../../../../H-x86_64-mingw32/nios2-elf/lib\libsmallc.a(lib_a-memcpy.o)
 .data          0x0000000004003c7c        0x0 c:/intelfpga_lite/18.0/nios2eds/bin/gnu/h-x86_64-mingw32/bin/../lib/gcc/nios2-elf/5.3.0/../../../../../H-x86_64-mingw32/nios2-elf/lib\libsmallc.a(lib_a-strlen.o)
 .data          0x0000000004003c7c        0x0 c:/intelfpga_lite/18.0/nios2eds/bin/gnu/h-x86_64-mingw32/bin/../lib/gcc/nios2-elf/5.3.0/../../../../../H-x86_64-mingw32/nios2-elf/lib\libsmallc.a(lib_a-writer.o)
 .data          0x0000000004003c7c        0x0 c:/intelfpga_lite/18.0/nios2eds/bin/gnu/h-x86_64-mingw32/bin/../lib/gcc/nios2-elf/5.3.0/../../../../../H-x86_64-mingw32/nios2-elf/lib\libsmallc.a(lib_a-int_errno.o)
 .data          0x0000000004003c7c        0x0 c:/intelfpga_lite/18.0/nios2eds/bin/gnu/h-x86_64-mingw32/bin/../lib/gcc/nios2-elf/5.3.0\libgcc.a(lib2-divmod.o)
 .data          0x0000000004003c7c        0x0 ../box_bsp/\libhal_bsp.a(alt_load.o)
 .data          0x0000000004003c7c        0x0 ../box_bsp/\libhal_bsp.a(alt_main.o)
 .data          0x0000000004003c7c        0x0 ../box_bsp/\libhal_bsp.a(alt_usleep.o)
 .data          0x0000000004003c7c        0x0 ../box_bsp/\libhal_bsp.a(alt_write.o)
 .data          0x0000000004003c7c       0xc4 ../box_bsp/\libhal_bsp.a(alt_sys_init.o)
 .data          0x0000000004003d40        0x0 ../box_bsp/\libhal_bsp.a(altera_avalon_jtag_uart_fd.o)
 .data          0x0000000004003d40        0x0 ../box_bsp/\libhal_bsp.a(altera_avalon_jtag_uart_read.o)
 .data          0x0000000004003d40        0x0 ../box_bsp/\libhal_bsp.a(altera_avalon_jtag_uart_write.o)
 .data          0x0000000004003d40        0x0 ../box_bsp/\libhal_bsp.a(altera_avalon_timer_sc.o)
 .data          0x0000000004003d40        0x0 ../box_bsp/\libhal_bsp.a(altera_up_avalon_video_pixel_buffer_dma.o)
 .data          0x0000000004003d40        0x0 ../box_bsp/\libhal_bsp.a(alt_busy_sleep.o)
 .data          0x0000000004003d40        0x0 ../box_bsp/\libhal_bsp.a(alt_close.o)
 .data          0x0000000004003d40        0x0 ../box_bsp/\libhal_bsp.a(alt_dcache_flush_all.o)
 .data          0x0000000004003d40      0x1a8 ../box_bsp/\libhal_bsp.a(alt_dev.o)
                0x0000000004003d40                alt_dev_null
                0x0000000004003d68                alt_fd_list
 .data          0x0000000004003ee8        0x0 ../box_bsp/\libhal_bsp.a(alt_dev_llist_insert.o)
 .data          0x0000000004003ee8        0x0 ../box_bsp/\libhal_bsp.a(alt_do_ctors.o)
 .data          0x0000000004003ee8        0x0 ../box_bsp/\libhal_bsp.a(alt_do_dtors.o)
 .data          0x0000000004003ee8        0x0 ../box_bsp/\libhal_bsp.a(alt_errno.o)
 .data          0x0000000004003ee8        0x0 ../box_bsp/\libhal_bsp.a(alt_find_dev.o)
 .data          0x0000000004003ee8        0x0 ../box_bsp/\libhal_bsp.a(alt_icache_flush_all.o)
 .data          0x0000000004003ee8        0x0 ../box_bsp/\libhal_bsp.a(alt_iic.o)
 .data          0x0000000004003ee8        0x0 ../box_bsp/\libhal_bsp.a(alt_iic_isr_register.o)
 .data          0x0000000004003ee8        0x0 ../box_bsp/\libhal_bsp.a(alt_io_redirect.o)
 .data          0x0000000004003ee8        0x0 ../box_bsp/\libhal_bsp.a(alt_irq_entry.o)
 .data          0x0000000004003ee8        0x0 ../box_bsp/\libhal_bsp.a(alt_irq_handler.o)
 .data          0x0000000004003ee8        0x0 ../box_bsp/\libhal_bsp.a(alt_irq_vars.o)
 .data          0x0000000004003ee8        0x0 ../box_bsp/\libhal_bsp.a(alt_open.o)
 .data          0x0000000004003ee8        0x0 ../box_bsp/\libhal_bsp.a(alt_release_fd.o)
 .data          0x0000000004003ee8        0x0 ../box_bsp/\libhal_bsp.a(alt_tick.o)
 .data          0x0000000004003ee8        0x0 ../box_bsp/\libhal_bsp.a(altera_nios2_gen2_irq.o)
 .data          0x0000000004003ee8        0x0 ../box_bsp/\libhal_bsp.a(alt_exception_entry.o)
 .data          0x0000000004003ee8        0x0 ../box_bsp/\libhal_bsp.a(alt_find_file.o)
 .data          0x0000000004003ee8        0x0 ../box_bsp/\libhal_bsp.a(alt_get_fd.o)
 .data          0x0000000004003ee8        0x0 ../box_bsp/\libhal_bsp.a(alt_icache_flush.o)
 .data          0x0000000004003ee8        0x0 ../box_bsp/\libhal_bsp.a(alt_instruction_exception_entry.o)
 .data          0x0000000004003ee8        0x0 c:/intelfpga_lite/18.0/nios2eds/bin/gnu/h-x86_64-mingw32/bin/../lib/gcc/nios2-elf/5.3.0/../../../../../H-x86_64-mingw32/nios2-elf/lib\libsmallc.a(lib_a-atexit.o)
 .data          0x0000000004003ee8        0x0 c:/intelfpga_lite/18.0/nios2eds/bin/gnu/h-x86_64-mingw32/bin/../lib/gcc/nios2-elf/5.3.0/../../../../../H-x86_64-mingw32/nios2-elf/lib\libsmallc.a(lib_a-exit.o)
 .data          0x0000000004003ee8        0x0 c:/intelfpga_lite/18.0/nios2eds/bin/gnu/h-x86_64-mingw32/bin/../lib/gcc/nios2-elf/5.3.0/../../../../../H-x86_64-mingw32/nios2-elf/lib\libsmallc.a(lib_a-memcmp.o)
 .data          0x0000000004003ee8        0x0 c:/intelfpga_lite/18.0/nios2eds/bin/gnu/h-x86_64-mingw32/bin/../lib/gcc/nios2-elf/5.3.0/../../../../../H-x86_64-mingw32/nios2-elf/lib\libsmallc.a(lib_a-__atexit.o)
 .data          0x0000000004003ee8        0x0 c:/intelfpga_lite/18.0/nios2eds/bin/gnu/h-x86_64-mingw32/bin/../lib/gcc/nios2-elf/5.3.0/../../../../../H-x86_64-mingw32/nios2-elf/lib\libsmallc.a(lib_a-__call_atexit.o)
 .data          0x0000000004003ee8        0x0 ../box_bsp/\libhal_bsp.a(alt_exit.o)
                0x000000000400bee8                _gp = ABSOLUTE ((. + 0x8000))
                [!provide]                        PROVIDE (gp, _gp)
 *(.rwdata .rwdata.*)
 *(.sdata .sdata.* .gnu.linkonce.s.*)
 .sdata._global_impure_ptr
                0x0000000004003ee8        0x4 c:/intelfpga_lite/18.0/nios2eds/bin/gnu/h-x86_64-mingw32/bin/../lib/gcc/nios2-elf/5.3.0/../../../../../H-x86_64-mingw32/nios2-elf/lib\libsmallc.a(lib_a-impure.o)
                0x0000000004003ee8                _global_impure_ptr
 .sdata._impure_ptr
                0x0000000004003eec        0x4 c:/intelfpga_lite/18.0/nios2eds/bin/gnu/h-x86_64-mingw32/bin/../lib/gcc/nios2-elf/5.3.0/../../../../../H-x86_64-mingw32/nios2-elf/lib\libsmallc.a(lib_a-impure.o)
                0x0000000004003eec                _impure_ptr
 .sdata         0x0000000004003ef0       0x14 ../box_bsp/\libhal_bsp.a(alt_dev.o)
                0x0000000004003ef0                alt_fs_list
                0x0000000004003ef8                alt_dev_list
                0x0000000004003f00                alt_max_fd
 .sdata         0x0000000004003f04        0x4 ../box_bsp/\libhal_bsp.a(alt_errno.o)
                0x0000000004003f04                alt_errno
 .sdata         0x0000000004003f08        0x4 ../box_bsp/\libhal_bsp.a(alt_irq_vars.o)
                0x0000000004003f08                alt_priority_mask
 .sdata         0x0000000004003f0c        0x8 ../box_bsp/\libhal_bsp.a(alt_tick.o)
                0x0000000004003f0c                alt_alarm_list
 *(.sdata2 .sdata2.* .gnu.linkonce.s2.*)
                0x0000000004003f14                . = ALIGN (0x4)
                0x0000000004003f14                _edata = ABSOLUTE (.)
                [!provide]                        PROVIDE (edata, ABSOLUTE (.))
                0x0000000004003f14                PROVIDE (__ram_rwdata_end, ABSOLUTE (.))
                0x0000000004003f14                PROVIDE (__flash_rwdata_start, LOADADDR (.rwdata))

.bss            0x000000000400428c      0x120
                0x000000000400428c                __bss_start = ABSOLUTE (.)
                [!provide]                        PROVIDE (__sbss_start, ABSOLUTE (.))
                [!provide]                        PROVIDE (___sbss_start, ABSOLUTE (.))
 *(.dynsbss)
 *(.sbss .sbss.* .gnu.linkonce.sb.*)
 .sbss          0x000000000400428c        0x4 c:/intelfpga_lite/18.0/nios2eds/bin/gnu/h-x86_64-mingw32/bin/../lib/gcc/nios2-elf/5.3.0/../../../../../H-x86_64-mingw32/nios2-elf/lib\libsmallc.a(lib_a-int_errno.o)
                0x000000000400428c                errno
 .sbss          0x0000000004004290        0xc ../box_bsp/\libhal_bsp.a(alt_main.o)
                0x0000000004004290                alt_argc
                0x0000000004004294                alt_argv
                0x0000000004004298                alt_envp
 .sbss          0x000000000400429c        0x4 ../box_bsp/\libhal_bsp.a(alt_irq_vars.o)
                0x000000000400429c                alt_irq_active
 .sbss          0x00000000040042a0        0x8 ../box_bsp/\libhal_bsp.a(alt_tick.o)
                0x00000000040042a0                _alt_tick_rate
                0x00000000040042a4                _alt_nticks
 .sbss          0x00000000040042a8        0x4 ../box_bsp/\libhal_bsp.a(alt_instruction_exception_entry.o)
                0x00000000040042a8                alt_instruction_exception_handler
 *(.sbss2 .sbss2.* .gnu.linkonce.sb2.*)
 *(.scommon)
                [!provide]                        PROVIDE (__sbss_end, ABSOLUTE (.))
                [!provide]                        PROVIDE (___sbss_end, ABSOLUTE (.))
 *(.dynbss)
 *(.bss .bss.* .gnu.linkonce.b.*)
 .bss           0x00000000040042ac        0x0 ../box_bsp//obj/HAL/src/crt0.o
 .bss           0x00000000040042ac        0x0 obj/default/box.o
 .bss           0x00000000040042ac        0x0 c:/intelfpga_lite/18.0/nios2eds/bin/gnu/h-x86_64-mingw32/bin/../lib/gcc/nios2-elf/5.3.0/../../../../../H-x86_64-mingw32/nios2-elf/lib\libsmallc.a(lib_a-itoa.o)
 .bss           0x00000000040042ac        0x0 c:/intelfpga_lite/18.0/nios2eds/bin/gnu/h-x86_64-mingw32/bin/../lib/gcc/nios2-elf/5.3.0/../../../../../H-x86_64-mingw32/nios2-elf/lib\libsmallc.a(lib_a-printf.o)
 .bss           0x00000000040042ac        0x0 c:/intelfpga_lite/18.0/nios2eds/bin/gnu/h-x86_64-mingw32/bin/../lib/gcc/nios2-elf/5.3.0/../../../../../H-x86_64-mingw32/nios2-elf/lib\libsmallc.a(lib_a-utoa.o)
 .bss           0x00000000040042ac        0x0 c:/intelfpga_lite/18.0/nios2eds/bin/gnu/h-x86_64-mingw32/bin/../lib/gcc/nios2-elf/5.3.0/../../../../../H-x86_64-mingw32/nios2-elf/lib\libsmallc.a(lib_a-vfprintf.o)
 .bss           0x00000000040042ac        0x0 c:/intelfpga_lite/18.0/nios2eds/bin/gnu/h-x86_64-mingw32/bin/../lib/gcc/nios2-elf/5.3.0/../../../../../H-x86_64-mingw32/nios2-elf/lib\libsmallc.a(lib_a-fvwrite_small_dev.o)
 .bss           0x00000000040042ac        0x0 c:/intelfpga_lite/18.0/nios2eds/bin/gnu/h-x86_64-mingw32/bin/../lib/gcc/nios2-elf/5.3.0/../../../../../H-x86_64-mingw32/nios2-elf/lib\libsmallc.a(lib_a-impure.o)
 .bss           0x00000000040042ac        0x0 c:/intelfpga_lite/18.0/nios2eds/bin/gnu/h-x86_64-mingw32/bin/../lib/gcc/nios2-elf/5.3.0/../../../../../H-x86_64-mingw32/nios2-elf/lib\libsmallc.a(lib_a-memcpy.o)
 .bss           0x00000000040042ac        0x0 c:/intelfpga_lite/18.0/nios2eds/bin/gnu/h-x86_64-mingw32/bin/../lib/gcc/nios2-elf/5.3.0/../../../../../H-x86_64-mingw32/nios2-elf/lib\libsmallc.a(lib_a-strlen.o)
 .bss           0x00000000040042ac        0x0 c:/intelfpga_lite/18.0/nios2eds/bin/gnu/h-x86_64-mingw32/bin/../lib/gcc/nios2-elf/5.3.0/../../../../../H-x86_64-mingw32/nios2-elf/lib\libsmallc.a(lib_a-writer.o)
 .bss           0x00000000040042ac        0x0 c:/intelfpga_lite/18.0/nios2eds/bin/gnu/h-x86_64-mingw32/bin/../lib/gcc/nios2-elf/5.3.0/../../../../../H-x86_64-mingw32/nios2-elf/lib\libsmallc.a(lib_a-int_errno.o)
 .bss           0x00000000040042ac        0x0 c:/intelfpga_lite/18.0/nios2eds/bin/gnu/h-x86_64-mingw32/bin/../lib/gcc/nios2-elf/5.3.0\libgcc.a(lib2-divmod.o)
 .bss           0x00000000040042ac        0x0 ../box_bsp/\libhal_bsp.a(alt_load.o)
 .bss           0x00000000040042ac        0x0 ../box_bsp/\libhal_bsp.a(alt_main.o)
 .bss           0x00000000040042ac        0x0 ../box_bsp/\libhal_bsp.a(alt_usleep.o)
 .bss           0x00000000040042ac        0x0 ../box_bsp/\libhal_bsp.a(alt_write.o)
 .bss           0x00000000040042ac        0x0 ../box_bsp/\libhal_bsp.a(alt_sys_init.o)
 .bss           0x00000000040042ac        0x0 ../box_bsp/\libhal_bsp.a(altera_avalon_jtag_uart_fd.o)
 .bss           0x00000000040042ac        0x0 ../box_bsp/\libhal_bsp.a(altera_avalon_jtag_uart_read.o)
 .bss           0x00000000040042ac        0x0 ../box_bsp/\libhal_bsp.a(altera_avalon_jtag_uart_write.o)
 .bss           0x00000000040042ac        0x0 ../box_bsp/\libhal_bsp.a(altera_avalon_timer_sc.o)
 .bss           0x00000000040042ac        0x0 ../box_bsp/\libhal_bsp.a(altera_up_avalon_video_pixel_buffer_dma.o)
 .bss           0x00000000040042ac        0x0 ../box_bsp/\libhal_bsp.a(alt_busy_sleep.o)
 .bss           0x00000000040042ac        0x0 ../box_bsp/\libhal_bsp.a(alt_close.o)
 .bss           0x00000000040042ac        0x0 ../box_bsp/\libhal_bsp.a(alt_dcache_flush_all.o)
 .bss           0x00000000040042ac        0x0 ../box_bsp/\libhal_bsp.a(alt_dev.o)
 .bss           0x00000000040042ac        0x0 ../box_bsp/\libhal_bsp.a(alt_dev_llist_insert.o)
 .bss           0x00000000040042ac        0x0 ../box_bsp/\libhal_bsp.a(alt_do_ctors.o)
 .bss           0x00000000040042ac        0x0 ../box_bsp/\libhal_bsp.a(alt_do_dtors.o)
 .bss           0x00000000040042ac        0x0 ../box_bsp/\libhal_bsp.a(alt_errno.o)
 .bss           0x00000000040042ac        0x0 ../box_bsp/\libhal_bsp.a(alt_find_dev.o)
 .bss           0x00000000040042ac        0x0 ../box_bsp/\libhal_bsp.a(alt_icache_flush_all.o)
 .bss           0x00000000040042ac        0x0 ../box_bsp/\libhal_bsp.a(alt_iic.o)
 .bss           0x00000000040042ac        0x0 ../box_bsp/\libhal_bsp.a(alt_iic_isr_register.o)
 .bss           0x00000000040042ac        0x0 ../box_bsp/\libhal_bsp.a(alt_io_redirect.o)
 .bss           0x00000000040042ac        0x0 ../box_bsp/\libhal_bsp.a(alt_irq_entry.o)
 .bss           0x00000000040042ac        0x0 ../box_bsp/\libhal_bsp.a(alt_irq_handler.o)
 .bss           0x00000000040042ac        0x0 ../box_bsp/\libhal_bsp.a(alt_irq_vars.o)
 .bss           0x00000000040042ac        0x0 ../box_bsp/\libhal_bsp.a(alt_open.o)
 .bss           0x00000000040042ac        0x0 ../box_bsp/\libhal_bsp.a(alt_release_fd.o)
 .bss           0x00000000040042ac        0x0 ../box_bsp/\libhal_bsp.a(alt_tick.o)
 .bss           0x00000000040042ac        0x0 ../box_bsp/\libhal_bsp.a(altera_nios2_gen2_irq.o)
 .bss           0x00000000040042ac        0x0 ../box_bsp/\libhal_bsp.a(alt_exception_entry.o)
 .bss           0x00000000040042ac        0x0 ../box_bsp/\libhal_bsp.a(alt_find_file.o)
 .bss           0x00000000040042ac        0x0 ../box_bsp/\libhal_bsp.a(alt_get_fd.o)
 .bss           0x00000000040042ac        0x0 ../box_bsp/\libhal_bsp.a(alt_icache_flush.o)
 .bss           0x00000000040042ac        0x0 ../box_bsp/\libhal_bsp.a(alt_instruction_exception_entry.o)
 .bss           0x00000000040042ac        0x0 c:/intelfpga_lite/18.0/nios2eds/bin/gnu/h-x86_64-mingw32/bin/../lib/gcc/nios2-elf/5.3.0/../../../../../H-x86_64-mingw32/nios2-elf/lib\libsmallc.a(lib_a-atexit.o)
 .bss           0x00000000040042ac        0x0 c:/intelfpga_lite/18.0/nios2eds/bin/gnu/h-x86_64-mingw32/bin/../lib/gcc/nios2-elf/5.3.0/../../../../../H-x86_64-mingw32/nios2-elf/lib\libsmallc.a(lib_a-exit.o)
 .bss           0x00000000040042ac        0x0 c:/intelfpga_lite/18.0/nios2eds/bin/gnu/h-x86_64-mingw32/bin/../lib/gcc/nios2-elf/5.3.0/../../../../../H-x86_64-mingw32/nios2-elf/lib\libsmallc.a(lib_a-memcmp.o)
 .bss           0x00000000040042ac        0x0 c:/intelfpga_lite/18.0/nios2eds/bin/gnu/h-x86_64-mingw32/bin/../lib/gcc/nios2-elf/5.3.0/../../../../../H-x86_64-mingw32/nios2-elf/lib\libsmallc.a(lib_a-__atexit.o)
 .bss           0x00000000040042ac        0x0 c:/intelfpga_lite/18.0/nios2eds/bin/gnu/h-x86_64-mingw32/bin/../lib/gcc/nios2-elf/5.3.0/../../../../../H-x86_64-mingw32/nios2-elf/lib\libsmallc.a(lib_a-__call_atexit.o)
 .bss           0x00000000040042ac        0x0 ../box_bsp/\libhal_bsp.a(alt_exit.o)
 *(COMMON)
 COMMON         0x00000000040042ac      0x100 ../box_bsp/\libhal_bsp.a(alt_irq_handler.o)
                0x00000000040042ac                alt_irq
                0x00000000040043ac                . = ALIGN (0x4)
                0x00000000040043ac                __bss_end = ABSOLUTE (.)

.new_sdram_controller_0
                0x00000000040043ac        0x0
                [!provide]                        PROVIDE (_alt_partition_new_sdram_controller_0_start, ABSOLUTE (.))
 *(.new_sdram_controller_0 .new_sdram_controller_0. new_sdram_controller_0.*)
                0x00000000040043ac                . = ALIGN (0x4)
                [!provide]                        PROVIDE (_alt_partition_new_sdram_controller_0_end, ABSOLUTE (.))
                0x00000000040043ac                _end = ABSOLUTE (.)
                0x00000000040043ac                end = ABSOLUTE (.)
                0x00000000040043ac                __alt_stack_base = ABSOLUTE (.)
                [!provide]                        PROVIDE (_alt_partition_new_sdram_controller_0_load_addr, LOADADDR (.new_sdram_controller_0))

.onchip_memory2_0
                0x0000000008020244        0x0 load address 0x00000000040043ac
                [!provide]                        PROVIDE (_alt_partition_onchip_memory2_0_start, ABSOLUTE (.))
 *(.onchip_memory2_0 .onchip_memory2_0. onchip_memory2_0.*)
                0x0000000008020244                . = ALIGN (0x4)
                [!provide]                        PROVIDE (_alt_partition_onchip_memory2_0_end, ABSOLUTE (.))
                [!provide]                        PROVIDE (_alt_partition_onchip_memory2_0_load_addr, LOADADDR (.onchip_memory2_0))

.stab
 *(.stab)

.stabstr
 *(.stabstr)

.stab.excl
 *(.stab.excl)

.stab.exclstr
 *(.stab.exclstr)

.stab.index
 *(.stab.index)

.stab.indexstr
 *(.stab.indexstr)

.comment        0x0000000000000000       0x23
 *(.comment)
 .comment       0x0000000000000000       0x23 obj/default/box.o
                                         0x24 (size before relaxing)
 .comment       0x0000000000000023       0x24 c:/intelfpga_lite/18.0/nios2eds/bin/gnu/h-x86_64-mingw32/bin/../lib/gcc/nios2-elf/5.3.0/../../../../../H-x86_64-mingw32/nios2-elf/lib\libsmallc.a(lib_a-itoa.o)
 .comment       0x0000000000000023       0x24 c:/intelfpga_lite/18.0/nios2eds/bin/gnu/h-x86_64-mingw32/bin/../lib/gcc/nios2-elf/5.3.0/../../../../../H-x86_64-mingw32/nios2-elf/lib\libsmallc.a(lib_a-printf.o)
 .comment       0x0000000000000023       0x24 c:/intelfpga_lite/18.0/nios2eds/bin/gnu/h-x86_64-mingw32/bin/../lib/gcc/nios2-elf/5.3.0/../../../../../H-x86_64-mingw32/nios2-elf/lib\libsmallc.a(lib_a-utoa.o)
 .comment       0x0000000000000023       0x24 c:/intelfpga_lite/18.0/nios2eds/bin/gnu/h-x86_64-mingw32/bin/../lib/gcc/nios2-elf/5.3.0/../../../../../H-x86_64-mingw32/nios2-elf/lib\libsmallc.a(lib_a-vfprintf.o)
 .comment       0x0000000000000023       0x24 c:/intelfpga_lite/18.0/nios2eds/bin/gnu/h-x86_64-mingw32/bin/../lib/gcc/nios2-elf/5.3.0/../../../../../H-x86_64-mingw32/nios2-elf/lib\libsmallc.a(lib_a-fvwrite_small_dev.o)
 .comment       0x0000000000000023       0x24 c:/intelfpga_lite/18.0/nios2eds/bin/gnu/h-x86_64-mingw32/bin/../lib/gcc/nios2-elf/5.3.0/../../../../../H-x86_64-mingw32/nios2-elf/lib\libsmallc.a(lib_a-impure.o)
 .comment       0x0000000000000023       0x24 c:/intelfpga_lite/18.0/nios2eds/bin/gnu/h-x86_64-mingw32/bin/../lib/gcc/nios2-elf/5.3.0/../../../../../H-x86_64-mingw32/nios2-elf/lib\libsmallc.a(lib_a-memcpy.o)
 .comment       0x0000000000000023       0x24 c:/intelfpga_lite/18.0/nios2eds/bin/gnu/h-x86_64-mingw32/bin/../lib/gcc/nios2-elf/5.3.0/../../../../../H-x86_64-mingw32/nios2-elf/lib\libsmallc.a(lib_a-strlen.o)
 .comment       0x0000000000000023       0x24 c:/intelfpga_lite/18.0/nios2eds/bin/gnu/h-x86_64-mingw32/bin/../lib/gcc/nios2-elf/5.3.0/../../../../../H-x86_64-mingw32/nios2-elf/lib\libsmallc.a(lib_a-writer.o)
 .comment       0x0000000000000023       0x24 c:/intelfpga_lite/18.0/nios2eds/bin/gnu/h-x86_64-mingw32/bin/../lib/gcc/nios2-elf/5.3.0/../../../../../H-x86_64-mingw32/nios2-elf/lib\libsmallc.a(lib_a-int_errno.o)
 .comment       0x0000000000000023       0x24 c:/intelfpga_lite/18.0/nios2eds/bin/gnu/h-x86_64-mingw32/bin/../lib/gcc/nios2-elf/5.3.0\libgcc.a(lib2-divmod.o)
 .comment       0x0000000000000023       0x24 ../box_bsp/\libhal_bsp.a(alt_load.o)
 .comment       0x0000000000000023       0x24 ../box_bsp/\libhal_bsp.a(alt_main.o)
 .comment       0x0000000000000023       0x24 ../box_bsp/\libhal_bsp.a(alt_usleep.o)
 .comment       0x0000000000000023       0x24 ../box_bsp/\libhal_bsp.a(alt_write.o)
 .comment       0x0000000000000023       0x24 ../box_bsp/\libhal_bsp.a(alt_sys_init.o)
 .comment       0x0000000000000023       0x24 ../box_bsp/\libhal_bsp.a(altera_avalon_jtag_uart_fd.o)
 .comment       0x0000000000000023       0x24 ../box_bsp/\libhal_bsp.a(altera_avalon_jtag_uart_read.o)
 .comment       0x0000000000000023       0x24 ../box_bsp/\libhal_bsp.a(altera_avalon_jtag_uart_write.o)
 .comment       0x0000000000000023       0x24 ../box_bsp/\libhal_bsp.a(altera_avalon_timer_sc.o)
 .comment       0x0000000000000023       0x24 ../box_bsp/\libhal_bsp.a(altera_up_avalon_video_pixel_buffer_dma.o)
 .comment       0x0000000000000023       0x24 ../box_bsp/\libhal_bsp.a(alt_busy_sleep.o)
 .comment       0x0000000000000023       0x24 ../box_bsp/\libhal_bsp.a(alt_close.o)
 .comment       0x0000000000000023       0x24 ../box_bsp/\libhal_bsp.a(alt_dcache_flush_all.o)
 .comment       0x0000000000000023       0x24 ../box_bsp/\libhal_bsp.a(alt_dev.o)
 .comment       0x0000000000000023       0x24 ../box_bsp/\libhal_bsp.a(alt_dev_llist_insert.o)
 .comment       0x0000000000000023       0x24 ../box_bsp/\libhal_bsp.a(alt_do_ctors.o)
 .comment       0x0000000000000023       0x24 ../box_bsp/\libhal_bsp.a(alt_do_dtors.o)
 .comment       0x0000000000000023       0x24 ../box_bsp/\libhal_bsp.a(alt_errno.o)
 .comment       0x0000000000000023       0x24 ../box_bsp/\libhal_bsp.a(alt_find_dev.o)
 .comment       0x0000000000000023       0x24 ../box_bsp/\libhal_bsp.a(alt_icache_flush_all.o)
 .comment       0x0000000000000023       0x24 ../box_bsp/\libhal_bsp.a(alt_iic.o)
 .comment       0x0000000000000023       0x24 ../box_bsp/\libhal_bsp.a(alt_iic_isr_register.o)
 .comment       0x0000000000000023       0x24 ../box_bsp/\libhal_bsp.a(alt_io_redirect.o)
 .comment       0x0000000000000023       0x24 ../box_bsp/\libhal_bsp.a(alt_irq_handler.o)
 .comment       0x0000000000000023       0x24 ../box_bsp/\libhal_bsp.a(alt_irq_vars.o)
 .comment       0x0000000000000023       0x24 ../box_bsp/\libhal_bsp.a(alt_open.o)
 .comment       0x0000000000000023       0x24 ../box_bsp/\libhal_bsp.a(alt_release_fd.o)
 .comment       0x0000000000000023       0x24 ../box_bsp/\libhal_bsp.a(alt_tick.o)
 .comment       0x0000000000000023       0x24 ../box_bsp/\libhal_bsp.a(altera_nios2_gen2_irq.o)
 .comment       0x0000000000000023       0x24 ../box_bsp/\libhal_bsp.a(alt_find_file.o)
 .comment       0x0000000000000023       0x24 ../box_bsp/\libhal_bsp.a(alt_get_fd.o)
 .comment       0x0000000000000023       0x24 ../box_bsp/\libhal_bsp.a(alt_icache_flush.o)
 .comment       0x0000000000000023       0x24 ../box_bsp/\libhal_bsp.a(alt_instruction_exception_entry.o)
 .comment       0x0000000000000023       0x24 c:/intelfpga_lite/18.0/nios2eds/bin/gnu/h-x86_64-mingw32/bin/../lib/gcc/nios2-elf/5.3.0/../../../../../H-x86_64-mingw32/nios2-elf/lib\libsmallc.a(lib_a-atexit.o)
 .comment       0x0000000000000023       0x24 c:/intelfpga_lite/18.0/nios2eds/bin/gnu/h-x86_64-mingw32/bin/../lib/gcc/nios2-elf/5.3.0/../../../../../H-x86_64-mingw32/nios2-elf/lib\libsmallc.a(lib_a-exit.o)
 .comment       0x0000000000000023       0x24 c:/intelfpga_lite/18.0/nios2eds/bin/gnu/h-x86_64-mingw32/bin/../lib/gcc/nios2-elf/5.3.0/../../../../../H-x86_64-mingw32/nios2-elf/lib\libsmallc.a(lib_a-memcmp.o)
 .comment       0x0000000000000023       0x24 c:/intelfpga_lite/18.0/nios2eds/bin/gnu/h-x86_64-mingw32/bin/../lib/gcc/nios2-elf/5.3.0/../../../../../H-x86_64-mingw32/nios2-elf/lib\libsmallc.a(lib_a-__atexit.o)
 .comment       0x0000000000000023       0x24 c:/intelfpga_lite/18.0/nios2eds/bin/gnu/h-x86_64-mingw32/bin/../lib/gcc/nios2-elf/5.3.0/../../../../../H-x86_64-mingw32/nios2-elf/lib\libsmallc.a(lib_a-__call_atexit.o)
 .comment       0x0000000000000023       0x24 ../box_bsp/\libhal_bsp.a(alt_exit.o)

.debug
 *(.debug)

.line
 *(.line)

.debug_srcinfo
 *(.debug_srcinfo)

.debug_sfnames
 *(.debug_sfnames)

.debug_aranges  0x0000000000000000      0x700
 *(.debug_aranges)
 .debug_aranges
                0x0000000000000000       0x28 ../box_bsp//obj/HAL/src/crt0.o
 .debug_aranges
                0x0000000000000028       0x20 obj/default/box.o
 .debug_aranges
                0x0000000000000048       0x28 c:/intelfpga_lite/18.0/nios2eds/bin/gnu/h-x86_64-mingw32/bin/../lib/gcc/nios2-elf/5.3.0/../../../../../H-x86_64-mingw32/nios2-elf/lib\libsmallc.a(lib_a-itoa.o)
 .debug_aranges
                0x0000000000000070       0x28 c:/intelfpga_lite/18.0/nios2eds/bin/gnu/h-x86_64-mingw32/bin/../lib/gcc/nios2-elf/5.3.0/../../../../../H-x86_64-mingw32/nios2-elf/lib\libsmallc.a(lib_a-printf.o)
 .debug_aranges
                0x0000000000000098       0x28 c:/intelfpga_lite/18.0/nios2eds/bin/gnu/h-x86_64-mingw32/bin/../lib/gcc/nios2-elf/5.3.0/../../../../../H-x86_64-mingw32/nios2-elf/lib\libsmallc.a(lib_a-utoa.o)
 .debug_aranges
                0x00000000000000c0       0x30 c:/intelfpga_lite/18.0/nios2eds/bin/gnu/h-x86_64-mingw32/bin/../lib/gcc/nios2-elf/5.3.0/../../../../../H-x86_64-mingw32/nios2-elf/lib\libsmallc.a(lib_a-vfprintf.o)
 .debug_aranges
                0x00000000000000f0       0x20 c:/intelfpga_lite/18.0/nios2eds/bin/gnu/h-x86_64-mingw32/bin/../lib/gcc/nios2-elf/5.3.0/../../../../../H-x86_64-mingw32/nios2-elf/lib\libsmallc.a(lib_a-fvwrite_small_dev.o)
 .debug_aranges
                0x0000000000000110       0x18 c:/intelfpga_lite/18.0/nios2eds/bin/gnu/h-x86_64-mingw32/bin/../lib/gcc/nios2-elf/5.3.0/../../../../../H-x86_64-mingw32/nios2-elf/lib\libsmallc.a(lib_a-impure.o)
 .debug_aranges
                0x0000000000000128       0x20 c:/intelfpga_lite/18.0/nios2eds/bin/gnu/h-x86_64-mingw32/bin/../lib/gcc/nios2-elf/5.3.0/../../../../../H-x86_64-mingw32/nios2-elf/lib\libsmallc.a(lib_a-memcpy.o)
 .debug_aranges
                0x0000000000000148       0x20 c:/intelfpga_lite/18.0/nios2eds/bin/gnu/h-x86_64-mingw32/bin/../lib/gcc/nios2-elf/5.3.0/../../../../../H-x86_64-mingw32/nios2-elf/lib\libsmallc.a(lib_a-strlen.o)
 .debug_aranges
                0x0000000000000168       0x20 c:/intelfpga_lite/18.0/nios2eds/bin/gnu/h-x86_64-mingw32/bin/../lib/gcc/nios2-elf/5.3.0/../../../../../H-x86_64-mingw32/nios2-elf/lib\libsmallc.a(lib_a-writer.o)
 .debug_aranges
                0x0000000000000188       0x18 c:/intelfpga_lite/18.0/nios2eds/bin/gnu/h-x86_64-mingw32/bin/../lib/gcc/nios2-elf/5.3.0/../../../../../H-x86_64-mingw32/nios2-elf/lib\libsmallc.a(lib_a-int_errno.o)
 .debug_aranges
                0x00000000000001a0       0x20 c:/intelfpga_lite/18.0/nios2eds/bin/gnu/h-x86_64-mingw32/bin/../lib/gcc/nios2-elf/5.3.0\libgcc.a(lib2-divmod.o)
 .debug_aranges
                0x00000000000001c0       0x20 ../box_bsp/\libhal_bsp.a(alt_load.o)
 .debug_aranges
                0x00000000000001e0       0x20 ../box_bsp/\libhal_bsp.a(alt_main.o)
 .debug_aranges
                0x0000000000000200       0x20 ../box_bsp/\libhal_bsp.a(alt_usleep.o)
 .debug_aranges
                0x0000000000000220       0x20 ../box_bsp/\libhal_bsp.a(alt_write.o)
 .debug_aranges
                0x0000000000000240       0x20 ../box_bsp/\libhal_bsp.a(alt_sys_init.o)
 .debug_aranges
                0x0000000000000260       0x20 ../box_bsp/\libhal_bsp.a(altera_avalon_jtag_uart_fd.o)
 .debug_aranges
                0x0000000000000280       0x20 ../box_bsp/\libhal_bsp.a(altera_avalon_jtag_uart_read.o)
 .debug_aranges
                0x00000000000002a0       0x20 ../box_bsp/\libhal_bsp.a(altera_avalon_jtag_uart_write.o)
 .debug_aranges
                0x00000000000002c0       0x20 ../box_bsp/\libhal_bsp.a(altera_avalon_timer_sc.o)
 .debug_aranges
                0x00000000000002e0       0x20 ../box_bsp/\libhal_bsp.a(altera_up_avalon_video_pixel_buffer_dma.o)
 .debug_aranges
                0x0000000000000300       0x20 ../box_bsp/\libhal_bsp.a(alt_busy_sleep.o)
 .debug_aranges
                0x0000000000000320       0x20 ../box_bsp/\libhal_bsp.a(alt_close.o)
 .debug_aranges
                0x0000000000000340       0x20 ../box_bsp/\libhal_bsp.a(alt_dcache_flush_all.o)
 .debug_aranges
                0x0000000000000360       0x20 ../box_bsp/\libhal_bsp.a(alt_dev.o)
 .debug_aranges
                0x0000000000000380       0x20 ../box_bsp/\libhal_bsp.a(alt_dev_llist_insert.o)
 .debug_aranges
                0x00000000000003a0       0x20 ../box_bsp/\libhal_bsp.a(alt_do_ctors.o)
 .debug_aranges
                0x00000000000003c0       0x20 ../box_bsp/\libhal_bsp.a(alt_do_dtors.o)
 .debug_aranges
                0x00000000000003e0       0x18 ../box_bsp/\libhal_bsp.a(alt_errno.o)
 .debug_aranges
                0x00000000000003f8       0x20 ../box_bsp/\libhal_bsp.a(alt_find_dev.o)
 .debug_aranges
                0x0000000000000418       0x20 ../box_bsp/\libhal_bsp.a(alt_icache_flush_all.o)
 .debug_aranges
                0x0000000000000438       0x20 ../box_bsp/\libhal_bsp.a(alt_iic.o)
 .debug_aranges
                0x0000000000000458       0x20 ../box_bsp/\libhal_bsp.a(alt_iic_isr_register.o)
 .debug_aranges
                0x0000000000000478       0x20 ../box_bsp/\libhal_bsp.a(alt_io_redirect.o)
 .debug_aranges
                0x0000000000000498       0x30 ../box_bsp/\libhal_bsp.a(alt_irq_entry.o)
 .debug_aranges
                0x00000000000004c8       0x20 ../box_bsp/\libhal_bsp.a(alt_irq_handler.o)
 .debug_aranges
                0x00000000000004e8       0x18 ../box_bsp/\libhal_bsp.a(alt_irq_vars.o)
 .debug_aranges
                0x0000000000000500       0x20 ../box_bsp/\libhal_bsp.a(alt_open.o)
 .debug_aranges
                0x0000000000000520       0x20 ../box_bsp/\libhal_bsp.a(alt_release_fd.o)
 .debug_aranges
                0x0000000000000540       0x20 ../box_bsp/\libhal_bsp.a(alt_tick.o)
 .debug_aranges
                0x0000000000000560       0x20 ../box_bsp/\libhal_bsp.a(altera_nios2_gen2_irq.o)
 .debug_aranges
                0x0000000000000580       0x38 ../box_bsp/\libhal_bsp.a(alt_exception_entry.o)
 .debug_aranges
                0x00000000000005b8       0x20 ../box_bsp/\libhal_bsp.a(alt_find_file.o)
 .debug_aranges
                0x00000000000005d8       0x20 ../box_bsp/\libhal_bsp.a(alt_get_fd.o)
 .debug_aranges
                0x00000000000005f8       0x20 ../box_bsp/\libhal_bsp.a(alt_icache_flush.o)
 .debug_aranges
                0x0000000000000618       0x28 ../box_bsp/\libhal_bsp.a(alt_instruction_exception_entry.o)
 .debug_aranges
                0x0000000000000640       0x20 c:/intelfpga_lite/18.0/nios2eds/bin/gnu/h-x86_64-mingw32/bin/../lib/gcc/nios2-elf/5.3.0/../../../../../H-x86_64-mingw32/nios2-elf/lib\libsmallc.a(lib_a-atexit.o)
 .debug_aranges
                0x0000000000000660       0x20 c:/intelfpga_lite/18.0/nios2eds/bin/gnu/h-x86_64-mingw32/bin/../lib/gcc/nios2-elf/5.3.0/../../../../../H-x86_64-mingw32/nios2-elf/lib\libsmallc.a(lib_a-exit.o)
 .debug_aranges
                0x0000000000000680       0x20 c:/intelfpga_lite/18.0/nios2eds/bin/gnu/h-x86_64-mingw32/bin/../lib/gcc/nios2-elf/5.3.0/../../../../../H-x86_64-mingw32/nios2-elf/lib\libsmallc.a(lib_a-memcmp.o)
 .debug_aranges
                0x00000000000006a0       0x20 c:/intelfpga_lite/18.0/nios2eds/bin/gnu/h-x86_64-mingw32/bin/../lib/gcc/nios2-elf/5.3.0/../../../../../H-x86_64-mingw32/nios2-elf/lib\libsmallc.a(lib_a-__atexit.o)
 .debug_aranges
                0x00000000000006c0       0x20 c:/intelfpga_lite/18.0/nios2eds/bin/gnu/h-x86_64-mingw32/bin/../lib/gcc/nios2-elf/5.3.0/../../../../../H-x86_64-mingw32/nios2-elf/lib\libsmallc.a(lib_a-__call_atexit.o)
 .debug_aranges
                0x00000000000006e0       0x20 ../box_bsp/\libhal_bsp.a(alt_exit.o)

.debug_pubnames
 *(.debug_pubnames)

.debug_info     0x0000000000000000     0x9149
 *(.debug_info .gnu.linkonce.wi.*)
 .debug_info    0x0000000000000000       0x8e ../box_bsp//obj/HAL/src/crt0.o
 .debug_info    0x000000000000008e      0x3c0 obj/default/box.o
 .debug_info    0x000000000000044e      0x164 c:/intelfpga_lite/18.0/nios2eds/bin/gnu/h-x86_64-mingw32/bin/../lib/gcc/nios2-elf/5.3.0/../../../../../H-x86_64-mingw32/nios2-elf/lib\libsmallc.a(lib_a-itoa.o)
 .debug_info    0x00000000000005b2      0x699 c:/intelfpga_lite/18.0/nios2eds/bin/gnu/h-x86_64-mingw32/bin/../lib/gcc/nios2-elf/5.3.0/../../../../../H-x86_64-mingw32/nios2-elf/lib\libsmallc.a(lib_a-printf.o)
 .debug_info    0x0000000000000c4b      0x1b6 c:/intelfpga_lite/18.0/nios2eds/bin/gnu/h-x86_64-mingw32/bin/../lib/gcc/nios2-elf/5.3.0/../../../../../H-x86_64-mingw32/nios2-elf/lib\libsmallc.a(lib_a-utoa.o)
 .debug_info    0x0000000000000e01      0xb2b c:/intelfpga_lite/18.0/nios2eds/bin/gnu/h-x86_64-mingw32/bin/../lib/gcc/nios2-elf/5.3.0/../../../../../H-x86_64-mingw32/nios2-elf/lib\libsmallc.a(lib_a-vfprintf.o)
 .debug_info    0x000000000000192c      0x62b c:/intelfpga_lite/18.0/nios2eds/bin/gnu/h-x86_64-mingw32/bin/../lib/gcc/nios2-elf/5.3.0/../../../../../H-x86_64-mingw32/nios2-elf/lib\libsmallc.a(lib_a-fvwrite_small_dev.o)
 .debug_info    0x0000000000001f57      0x5a9 c:/intelfpga_lite/18.0/nios2eds/bin/gnu/h-x86_64-mingw32/bin/../lib/gcc/nios2-elf/5.3.0/../../../../../H-x86_64-mingw32/nios2-elf/lib\libsmallc.a(lib_a-impure.o)
 .debug_info    0x0000000000002500      0x119 c:/intelfpga_lite/18.0/nios2eds/bin/gnu/h-x86_64-mingw32/bin/../lib/gcc/nios2-elf/5.3.0/../../../../../H-x86_64-mingw32/nios2-elf/lib\libsmallc.a(lib_a-memcpy.o)
 .debug_info    0x0000000000002619       0xc9 c:/intelfpga_lite/18.0/nios2eds/bin/gnu/h-x86_64-mingw32/bin/../lib/gcc/nios2-elf/5.3.0/../../../../../H-x86_64-mingw32/nios2-elf/lib\libsmallc.a(lib_a-strlen.o)
 .debug_info    0x00000000000026e2      0x630 c:/intelfpga_lite/18.0/nios2eds/bin/gnu/h-x86_64-mingw32/bin/../lib/gcc/nios2-elf/5.3.0/../../../../../H-x86_64-mingw32/nios2-elf/lib\libsmallc.a(lib_a-writer.o)
 .debug_info    0x0000000000002d12       0x8a c:/intelfpga_lite/18.0/nios2eds/bin/gnu/h-x86_64-mingw32/bin/../lib/gcc/nios2-elf/5.3.0/../../../../../H-x86_64-mingw32/nios2-elf/lib\libsmallc.a(lib_a-int_errno.o)
 .debug_info    0x0000000000002d9c      0x2c6 c:/intelfpga_lite/18.0/nios2eds/bin/gnu/h-x86_64-mingw32/bin/../lib/gcc/nios2-elf/5.3.0\libgcc.a(lib2-divmod.o)
 .debug_info    0x0000000000003062      0x145 ../box_bsp/\libhal_bsp.a(alt_load.o)
 .debug_info    0x00000000000031a7      0x131 ../box_bsp/\libhal_bsp.a(alt_main.o)
 .debug_info    0x00000000000032d8       0xb0 ../box_bsp/\libhal_bsp.a(alt_usleep.o)
 .debug_info    0x0000000000003388      0x4b7 ../box_bsp/\libhal_bsp.a(alt_write.o)
 .debug_info    0x000000000000383f      0x54c ../box_bsp/\libhal_bsp.a(alt_sys_init.o)
 .debug_info    0x0000000000003d8b      0x3a7 ../box_bsp/\libhal_bsp.a(altera_avalon_jtag_uart_fd.o)
 .debug_info    0x0000000000004132      0x1b2 ../box_bsp/\libhal_bsp.a(altera_avalon_jtag_uart_read.o)
 .debug_info    0x00000000000042e4      0x195 ../box_bsp/\libhal_bsp.a(altera_avalon_jtag_uart_write.o)
 .debug_info    0x0000000000004479      0x226 ../box_bsp/\libhal_bsp.a(altera_avalon_timer_sc.o)
 .debug_info    0x000000000000469f      0xaa3 ../box_bsp/\libhal_bsp.a(altera_up_avalon_video_pixel_buffer_dma.o)
 .debug_info    0x0000000000005142       0xd7 ../box_bsp/\libhal_bsp.a(alt_busy_sleep.o)
 .debug_info    0x0000000000005219      0x321 ../box_bsp/\libhal_bsp.a(alt_close.o)
 .debug_info    0x000000000000553a       0xa5 ../box_bsp/\libhal_bsp.a(alt_dcache_flush_all.o)
 .debug_info    0x00000000000055df      0x49c ../box_bsp/\libhal_bsp.a(alt_dev.o)
 .debug_info    0x0000000000005a7b      0x1a9 ../box_bsp/\libhal_bsp.a(alt_dev_llist_insert.o)
 .debug_info    0x0000000000005c24       0x83 ../box_bsp/\libhal_bsp.a(alt_do_ctors.o)
 .debug_info    0x0000000000005ca7       0x83 ../box_bsp/\libhal_bsp.a(alt_do_dtors.o)
 .debug_info    0x0000000000005d2a       0xa6 ../box_bsp/\libhal_bsp.a(alt_errno.o)
 .debug_info    0x0000000000005dd0      0x2e9 ../box_bsp/\libhal_bsp.a(alt_find_dev.o)
 .debug_info    0x00000000000060b9       0x92 ../box_bsp/\libhal_bsp.a(alt_icache_flush_all.o)
 .debug_info    0x000000000000614b      0x350 ../box_bsp/\libhal_bsp.a(alt_iic.o)
 .debug_info    0x000000000000649b      0x1ef ../box_bsp/\libhal_bsp.a(alt_iic_isr_register.o)
 .debug_info    0x000000000000668a      0x4a5 ../box_bsp/\libhal_bsp.a(alt_io_redirect.o)
 .debug_info    0x0000000000006b2f       0x97 ../box_bsp/\libhal_bsp.a(alt_irq_entry.o)
 .debug_info    0x0000000000006bc6      0x187 ../box_bsp/\libhal_bsp.a(alt_irq_handler.o)
 .debug_info    0x0000000000006d4d       0x88 ../box_bsp/\libhal_bsp.a(alt_irq_vars.o)
 .debug_info    0x0000000000006dd5      0x3bb ../box_bsp/\libhal_bsp.a(alt_open.o)
 .debug_info    0x0000000000007190      0x2b0 ../box_bsp/\libhal_bsp.a(alt_release_fd.o)
 .debug_info    0x0000000000007440      0x299 ../box_bsp/\libhal_bsp.a(alt_tick.o)
 .debug_info    0x00000000000076d9       0x92 ../box_bsp/\libhal_bsp.a(altera_nios2_gen2_irq.o)
 .debug_info    0x000000000000776b       0x9d ../box_bsp/\libhal_bsp.a(alt_exception_entry.o)
 .debug_info    0x0000000000007808      0x2e6 ../box_bsp/\libhal_bsp.a(alt_find_file.o)
 .debug_info    0x0000000000007aee      0x310 ../box_bsp/\libhal_bsp.a(alt_get_fd.o)
 .debug_info    0x0000000000007dfe       0xdc ../box_bsp/\libhal_bsp.a(alt_icache_flush.o)
 .debug_info    0x0000000000007eda      0x1e7 ../box_bsp/\libhal_bsp.a(alt_instruction_exception_entry.o)
 .debug_info    0x00000000000080c1       0xfe c:/intelfpga_lite/18.0/nios2eds/bin/gnu/h-x86_64-mingw32/bin/../lib/gcc/nios2-elf/5.3.0/../../../../../H-x86_64-mingw32/nios2-elf/lib\libsmallc.a(lib_a-atexit.o)
 .debug_info    0x00000000000081bf       0xe5 c:/intelfpga_lite/18.0/nios2eds/bin/gnu/h-x86_64-mingw32/bin/../lib/gcc/nios2-elf/5.3.0/../../../../../H-x86_64-mingw32/nios2-elf/lib\libsmallc.a(lib_a-exit.o)
 .debug_info    0x00000000000082a4       0xf4 c:/intelfpga_lite/18.0/nios2eds/bin/gnu/h-x86_64-mingw32/bin/../lib/gcc/nios2-elf/5.3.0/../../../../../H-x86_64-mingw32/nios2-elf/lib\libsmallc.a(lib_a-memcmp.o)
 .debug_info    0x0000000000008398      0x64a c:/intelfpga_lite/18.0/nios2eds/bin/gnu/h-x86_64-mingw32/bin/../lib/gcc/nios2-elf/5.3.0/../../../../../H-x86_64-mingw32/nios2-elf/lib\libsmallc.a(lib_a-__atexit.o)
 .debug_info    0x00000000000089e2      0x67b c:/intelfpga_lite/18.0/nios2eds/bin/gnu/h-x86_64-mingw32/bin/../lib/gcc/nios2-elf/5.3.0/../../../../../H-x86_64-mingw32/nios2-elf/lib\libsmallc.a(lib_a-__call_atexit.o)
 .debug_info    0x000000000000905d       0xec ../box_bsp/\libhal_bsp.a(alt_exit.o)

.debug_abbrev   0x0000000000000000     0x3181
 *(.debug_abbrev)
 .debug_abbrev  0x0000000000000000       0x12 ../box_bsp//obj/HAL/src/crt0.o
 .debug_abbrev  0x0000000000000012      0x107 obj/default/box.o
 .debug_abbrev  0x0000000000000119       0xc1 c:/intelfpga_lite/18.0/nios2eds/bin/gnu/h-x86_64-mingw32/bin/../lib/gcc/nios2-elf/5.3.0/../../../../../H-x86_64-mingw32/nios2-elf/lib\libsmallc.a(lib_a-itoa.o)
 .debug_abbrev  0x00000000000001da      0x1ee c:/intelfpga_lite/18.0/nios2eds/bin/gnu/h-x86_64-mingw32/bin/../lib/gcc/nios2-elf/5.3.0/../../../../../H-x86_64-mingw32/nios2-elf/lib\libsmallc.a(lib_a-printf.o)
 .debug_abbrev  0x00000000000003c8      0x101 c:/intelfpga_lite/18.0/nios2eds/bin/gnu/h-x86_64-mingw32/bin/../lib/gcc/nios2-elf/5.3.0/../../../../../H-x86_64-mingw32/nios2-elf/lib\libsmallc.a(lib_a-utoa.o)
 .debug_abbrev  0x00000000000004c9      0x2a1 c:/intelfpga_lite/18.0/nios2eds/bin/gnu/h-x86_64-mingw32/bin/../lib/gcc/nios2-elf/5.3.0/../../../../../H-x86_64-mingw32/nios2-elf/lib\libsmallc.a(lib_a-vfprintf.o)
 .debug_abbrev  0x000000000000076a      0x1bc c:/intelfpga_lite/18.0/nios2eds/bin/gnu/h-x86_64-mingw32/bin/../lib/gcc/nios2-elf/5.3.0/../../../../../H-x86_64-mingw32/nios2-elf/lib\libsmallc.a(lib_a-fvwrite_small_dev.o)
 .debug_abbrev  0x0000000000000926      0x14a c:/intelfpga_lite/18.0/nios2eds/bin/gnu/h-x86_64-mingw32/bin/../lib/gcc/nios2-elf/5.3.0/../../../../../H-x86_64-mingw32/nios2-elf/lib\libsmallc.a(lib_a-impure.o)
 .debug_abbrev  0x0000000000000a70       0x9c c:/intelfpga_lite/18.0/nios2eds/bin/gnu/h-x86_64-mingw32/bin/../lib/gcc/nios2-elf/5.3.0/../../../../../H-x86_64-mingw32/nios2-elf/lib\libsmallc.a(lib_a-memcpy.o)
 .debug_abbrev  0x0000000000000b0c       0x7f c:/intelfpga_lite/18.0/nios2eds/bin/gnu/h-x86_64-mingw32/bin/../lib/gcc/nios2-elf/5.3.0/../../../../../H-x86_64-mingw32/nios2-elf/lib\libsmallc.a(lib_a-strlen.o)
 .debug_abbrev  0x0000000000000b8b      0x1a6 c:/intelfpga_lite/18.0/nios2eds/bin/gnu/h-x86_64-mingw32/bin/../lib/gcc/nios2-elf/5.3.0/../../../../../H-x86_64-mingw32/nios2-elf/lib\libsmallc.a(lib_a-writer.o)
 .debug_abbrev  0x0000000000000d31       0x37 c:/intelfpga_lite/18.0/nios2eds/bin/gnu/h-x86_64-mingw32/bin/../lib/gcc/nios2-elf/5.3.0/../../../../../H-x86_64-mingw32/nios2-elf/lib\libsmallc.a(lib_a-int_errno.o)
 .debug_abbrev  0x0000000000000d68      0x10e c:/intelfpga_lite/18.0/nios2eds/bin/gnu/h-x86_64-mingw32/bin/../lib/gcc/nios2-elf/5.3.0\libgcc.a(lib2-divmod.o)
 .debug_abbrev  0x0000000000000e76       0x9f ../box_bsp/\libhal_bsp.a(alt_load.o)
 .debug_abbrev  0x0000000000000f15       0xba ../box_bsp/\libhal_bsp.a(alt_main.o)
 .debug_abbrev  0x0000000000000fcf       0x60 ../box_bsp/\libhal_bsp.a(alt_usleep.o)
 .debug_abbrev  0x000000000000102f      0x133 ../box_bsp/\libhal_bsp.a(alt_write.o)
 .debug_abbrev  0x0000000000001162      0x148 ../box_bsp/\libhal_bsp.a(alt_sys_init.o)
 .debug_abbrev  0x00000000000012aa       0xf7 ../box_bsp/\libhal_bsp.a(altera_avalon_jtag_uart_fd.o)
 .debug_abbrev  0x00000000000013a1       0xd5 ../box_bsp/\libhal_bsp.a(altera_avalon_jtag_uart_read.o)
 .debug_abbrev  0x0000000000001476       0xd5 ../box_bsp/\libhal_bsp.a(altera_avalon_jtag_uart_write.o)
 .debug_abbrev  0x000000000000154b      0x155 ../box_bsp/\libhal_bsp.a(altera_avalon_timer_sc.o)
 .debug_abbrev  0x00000000000016a0      0x1b9 ../box_bsp/\libhal_bsp.a(altera_up_avalon_video_pixel_buffer_dma.o)
 .debug_abbrev  0x0000000000001859       0x7e ../box_bsp/\libhal_bsp.a(alt_busy_sleep.o)
 .debug_abbrev  0x00000000000018d7      0x11f ../box_bsp/\libhal_bsp.a(alt_close.o)
 .debug_abbrev  0x00000000000019f6       0x5a ../box_bsp/\libhal_bsp.a(alt_dcache_flush_all.o)
 .debug_abbrev  0x0000000000001a50       0xd9 ../box_bsp/\libhal_bsp.a(alt_dev.o)
 .debug_abbrev  0x0000000000001b29      0x114 ../box_bsp/\libhal_bsp.a(alt_dev_llist_insert.o)
 .debug_abbrev  0x0000000000001c3d       0x79 ../box_bsp/\libhal_bsp.a(alt_do_ctors.o)
 .debug_abbrev  0x0000000000001cb6       0x79 ../box_bsp/\libhal_bsp.a(alt_do_dtors.o)
 .debug_abbrev  0x0000000000001d2f       0x5a ../box_bsp/\libhal_bsp.a(alt_errno.o)
 .debug_abbrev  0x0000000000001d89       0xf0 ../box_bsp/\libhal_bsp.a(alt_find_dev.o)
 .debug_abbrev  0x0000000000001e79       0x42 ../box_bsp/\libhal_bsp.a(alt_icache_flush_all.o)
 .debug_abbrev  0x0000000000001ebb      0x163 ../box_bsp/\libhal_bsp.a(alt_iic.o)
 .debug_abbrev  0x000000000000201e      0x169 ../box_bsp/\libhal_bsp.a(alt_iic_isr_register.o)
 .debug_abbrev  0x0000000000002187      0x114 ../box_bsp/\libhal_bsp.a(alt_io_redirect.o)
 .debug_abbrev  0x000000000000229b       0x12 ../box_bsp/\libhal_bsp.a(alt_irq_entry.o)
 .debug_abbrev  0x00000000000022ad      0x122 ../box_bsp/\libhal_bsp.a(alt_irq_handler.o)
 .debug_abbrev  0x00000000000023cf       0x40 ../box_bsp/\libhal_bsp.a(alt_irq_vars.o)
 .debug_abbrev  0x000000000000240f      0x148 ../box_bsp/\libhal_bsp.a(alt_open.o)
 .debug_abbrev  0x0000000000002557       0xde ../box_bsp/\libhal_bsp.a(alt_release_fd.o)
 .debug_abbrev  0x0000000000002635      0x15a ../box_bsp/\libhal_bsp.a(alt_tick.o)
 .debug_abbrev  0x000000000000278f       0x42 ../box_bsp/\libhal_bsp.a(altera_nios2_gen2_irq.o)
 .debug_abbrev  0x00000000000027d1       0x12 ../box_bsp/\libhal_bsp.a(alt_exception_entry.o)
 .debug_abbrev  0x00000000000027e3       0xf0 ../box_bsp/\libhal_bsp.a(alt_find_file.o)
 .debug_abbrev  0x00000000000028d3      0x10d ../box_bsp/\libhal_bsp.a(alt_get_fd.o)
 .debug_abbrev  0x00000000000029e0       0x8c ../box_bsp/\libhal_bsp.a(alt_icache_flush.o)
 .debug_abbrev  0x0000000000002a6c       0xdc ../box_bsp/\libhal_bsp.a(alt_instruction_exception_entry.o)
 .debug_abbrev  0x0000000000002b48       0xaa c:/intelfpga_lite/18.0/nios2eds/bin/gnu/h-x86_64-mingw32/bin/../lib/gcc/nios2-elf/5.3.0/../../../../../H-x86_64-mingw32/nios2-elf/lib\libsmallc.a(lib_a-atexit.o)
 .debug_abbrev  0x0000000000002bf2       0x8b c:/intelfpga_lite/18.0/nios2eds/bin/gnu/h-x86_64-mingw32/bin/../lib/gcc/nios2-elf/5.3.0/../../../../../H-x86_64-mingw32/nios2-elf/lib\libsmallc.a(lib_a-exit.o)
 .debug_abbrev  0x0000000000002c7d       0x7f c:/intelfpga_lite/18.0/nios2eds/bin/gnu/h-x86_64-mingw32/bin/../lib/gcc/nios2-elf/5.3.0/../../../../../H-x86_64-mingw32/nios2-elf/lib\libsmallc.a(lib_a-memcmp.o)
 .debug_abbrev  0x0000000000002cfc      0x1e6 c:/intelfpga_lite/18.0/nios2eds/bin/gnu/h-x86_64-mingw32/bin/../lib/gcc/nios2-elf/5.3.0/../../../../../H-x86_64-mingw32/nios2-elf/lib\libsmallc.a(lib_a-__atexit.o)
 .debug_abbrev  0x0000000000002ee2      0x1f6 c:/intelfpga_lite/18.0/nios2eds/bin/gnu/h-x86_64-mingw32/bin/../lib/gcc/nios2-elf/5.3.0/../../../../../H-x86_64-mingw32/nios2-elf/lib\libsmallc.a(lib_a-__call_atexit.o)
 .debug_abbrev  0x00000000000030d8       0xa9 ../box_bsp/\libhal_bsp.a(alt_exit.o)

.debug_line     0x0000000000000000     0x3a18
 *(.debug_line)
 .debug_line    0x0000000000000000       0x72 ../box_bsp//obj/HAL/src/crt0.o
 .debug_line    0x0000000000000072      0x116 obj/default/box.o
 .debug_line    0x0000000000000188      0x104 c:/intelfpga_lite/18.0/nios2eds/bin/gnu/h-x86_64-mingw32/bin/../lib/gcc/nios2-elf/5.3.0/../../../../../H-x86_64-mingw32/nios2-elf/lib\libsmallc.a(lib_a-itoa.o)
 .debug_line    0x000000000000028c      0x200 c:/intelfpga_lite/18.0/nios2eds/bin/gnu/h-x86_64-mingw32/bin/../lib/gcc/nios2-elf/5.3.0/../../../../../H-x86_64-mingw32/nios2-elf/lib\libsmallc.a(lib_a-printf.o)
 .debug_line    0x000000000000048c      0x134 c:/intelfpga_lite/18.0/nios2eds/bin/gnu/h-x86_64-mingw32/bin/../lib/gcc/nios2-elf/5.3.0/../../../../../H-x86_64-mingw32/nios2-elf/lib\libsmallc.a(lib_a-utoa.o)
 .debug_line    0x00000000000005c0      0x34f c:/intelfpga_lite/18.0/nios2eds/bin/gnu/h-x86_64-mingw32/bin/../lib/gcc/nios2-elf/5.3.0/../../../../../H-x86_64-mingw32/nios2-elf/lib\libsmallc.a(lib_a-vfprintf.o)
 .debug_line    0x000000000000090f      0x1ed c:/intelfpga_lite/18.0/nios2eds/bin/gnu/h-x86_64-mingw32/bin/../lib/gcc/nios2-elf/5.3.0/../../../../../H-x86_64-mingw32/nios2-elf/lib\libsmallc.a(lib_a-fvwrite_small_dev.o)
 .debug_line    0x0000000000000afc      0x153 c:/intelfpga_lite/18.0/nios2eds/bin/gnu/h-x86_64-mingw32/bin/../lib/gcc/nios2-elf/5.3.0/../../../../../H-x86_64-mingw32/nios2-elf/lib\libsmallc.a(lib_a-impure.o)
 .debug_line    0x0000000000000c4f      0x15b c:/intelfpga_lite/18.0/nios2eds/bin/gnu/h-x86_64-mingw32/bin/../lib/gcc/nios2-elf/5.3.0/../../../../../H-x86_64-mingw32/nios2-elf/lib\libsmallc.a(lib_a-memcpy.o)
 .debug_line    0x0000000000000daa      0x159 c:/intelfpga_lite/18.0/nios2eds/bin/gnu/h-x86_64-mingw32/bin/../lib/gcc/nios2-elf/5.3.0/../../../../../H-x86_64-mingw32/nios2-elf/lib\libsmallc.a(lib_a-strlen.o)
 .debug_line    0x0000000000000f03      0x1ea c:/intelfpga_lite/18.0/nios2eds/bin/gnu/h-x86_64-mingw32/bin/../lib/gcc/nios2-elf/5.3.0/../../../../../H-x86_64-mingw32/nios2-elf/lib\libsmallc.a(lib_a-writer.o)
 .debug_line    0x00000000000010ed       0x5c c:/intelfpga_lite/18.0/nios2eds/bin/gnu/h-x86_64-mingw32/bin/../lib/gcc/nios2-elf/5.3.0/../../../../../H-x86_64-mingw32/nios2-elf/lib\libsmallc.a(lib_a-int_errno.o)
 .debug_line    0x0000000000001149      0x102 c:/intelfpga_lite/18.0/nios2eds/bin/gnu/h-x86_64-mingw32/bin/../lib/gcc/nios2-elf/5.3.0\libgcc.a(lib2-divmod.o)
 .debug_line    0x000000000000124b       0x8e ../box_bsp/\libhal_bsp.a(alt_load.o)
 .debug_line    0x00000000000012d9       0xa4 ../box_bsp/\libhal_bsp.a(alt_main.o)
 .debug_line    0x000000000000137d       0xad ../box_bsp/\libhal_bsp.a(alt_usleep.o)
 .debug_line    0x000000000000142a      0x1db ../box_bsp/\libhal_bsp.a(alt_write.o)
 .debug_line    0x0000000000001605      0x1c8 ../box_bsp/\libhal_bsp.a(alt_sys_init.o)
 .debug_line    0x00000000000017cd      0x112 ../box_bsp/\libhal_bsp.a(altera_avalon_jtag_uart_fd.o)
 .debug_line    0x00000000000018df       0xfd ../box_bsp/\libhal_bsp.a(altera_avalon_jtag_uart_read.o)
 .debug_line    0x00000000000019dc       0xf4 ../box_bsp/\libhal_bsp.a(altera_avalon_jtag_uart_write.o)
 .debug_line    0x0000000000001ad0       0xfd ../box_bsp/\libhal_bsp.a(altera_avalon_timer_sc.o)
 .debug_line    0x0000000000001bcd      0x4be ../box_bsp/\libhal_bsp.a(altera_up_avalon_video_pixel_buffer_dma.o)
 .debug_line    0x000000000000208b       0xa0 ../box_bsp/\libhal_bsp.a(alt_busy_sleep.o)
 .debug_line    0x000000000000212b      0x165 ../box_bsp/\libhal_bsp.a(alt_close.o)
 .debug_line    0x0000000000002290       0x61 ../box_bsp/\libhal_bsp.a(alt_dcache_flush_all.o)
 .debug_line    0x00000000000022f1       0xf8 ../box_bsp/\libhal_bsp.a(alt_dev.o)
 .debug_line    0x00000000000023e9       0xcf ../box_bsp/\libhal_bsp.a(alt_dev_llist_insert.o)
 .debug_line    0x00000000000024b8       0x59 ../box_bsp/\libhal_bsp.a(alt_do_ctors.o)
 .debug_line    0x0000000000002511       0x59 ../box_bsp/\libhal_bsp.a(alt_do_dtors.o)
 .debug_line    0x000000000000256a       0x51 ../box_bsp/\libhal_bsp.a(alt_errno.o)
 .debug_line    0x00000000000025bb       0xb5 ../box_bsp/\libhal_bsp.a(alt_find_dev.o)
 .debug_line    0x0000000000002670       0x50 ../box_bsp/\libhal_bsp.a(alt_icache_flush_all.o)
 .debug_line    0x00000000000026c0       0xeb ../box_bsp/\libhal_bsp.a(alt_iic.o)
 .debug_line    0x00000000000027ab       0xdb ../box_bsp/\libhal_bsp.a(alt_iic_isr_register.o)
 .debug_line    0x0000000000002886      0x133 ../box_bsp/\libhal_bsp.a(alt_io_redirect.o)
 .debug_line    0x00000000000029b9       0x6b ../box_bsp/\libhal_bsp.a(alt_irq_entry.o)
 .debug_line    0x0000000000002a24       0xaa ../box_bsp/\libhal_bsp.a(alt_irq_handler.o)
 .debug_line    0x0000000000002ace       0x50 ../box_bsp/\libhal_bsp.a(alt_irq_vars.o)
 .debug_line    0x0000000000002b1e      0x128 ../box_bsp/\libhal_bsp.a(alt_open.o)
 .debug_line    0x0000000000002c46       0xae ../box_bsp/\libhal_bsp.a(alt_release_fd.o)
 .debug_line    0x0000000000002cf4       0xff ../box_bsp/\libhal_bsp.a(alt_tick.o)
 .debug_line    0x0000000000002df3       0x51 ../box_bsp/\libhal_bsp.a(altera_nios2_gen2_irq.o)
 .debug_line    0x0000000000002e44       0xb3 ../box_bsp/\libhal_bsp.a(alt_exception_entry.o)
 .debug_line    0x0000000000002ef7       0xd1 ../box_bsp/\libhal_bsp.a(alt_find_file.o)
 .debug_line    0x0000000000002fc8       0xd4 ../box_bsp/\libhal_bsp.a(alt_get_fd.o)
 .debug_line    0x000000000000309c       0x81 ../box_bsp/\libhal_bsp.a(alt_icache_flush.o)
 .debug_line    0x000000000000311d       0xba ../box_bsp/\libhal_bsp.a(alt_instruction_exception_entry.o)
 .debug_line    0x00000000000031d7       0xe4 c:/intelfpga_lite/18.0/nios2eds/bin/gnu/h-x86_64-mingw32/bin/../lib/gcc/nios2-elf/5.3.0/../../../../../H-x86_64-mingw32/nios2-elf/lib\libsmallc.a(lib_a-atexit.o)
 .debug_line    0x00000000000032bb      0x156 c:/intelfpga_lite/18.0/nios2eds/bin/gnu/h-x86_64-mingw32/bin/../lib/gcc/nios2-elf/5.3.0/../../../../../H-x86_64-mingw32/nios2-elf/lib\libsmallc.a(lib_a-exit.o)
 .debug_line    0x0000000000003411      0x15d c:/intelfpga_lite/18.0/nios2eds/bin/gnu/h-x86_64-mingw32/bin/../lib/gcc/nios2-elf/5.3.0/../../../../../H-x86_64-mingw32/nios2-elf/lib\libsmallc.a(lib_a-memcmp.o)
 .debug_line    0x000000000000356e      0x20a c:/intelfpga_lite/18.0/nios2eds/bin/gnu/h-x86_64-mingw32/bin/../lib/gcc/nios2-elf/5.3.0/../../../../../H-x86_64-mingw32/nios2-elf/lib\libsmallc.a(lib_a-__atexit.o)
 .debug_line    0x0000000000003778      0x22f c:/intelfpga_lite/18.0/nios2eds/bin/gnu/h-x86_64-mingw32/bin/../lib/gcc/nios2-elf/5.3.0/../../../../../H-x86_64-mingw32/nios2-elf/lib\libsmallc.a(lib_a-__call_atexit.o)
 .debug_line    0x00000000000039a7       0x71 ../box_bsp/\libhal_bsp.a(alt_exit.o)

.debug_frame    0x0000000000000000      0xf44
 *(.debug_frame)
 .debug_frame   0x0000000000000000       0x50 obj/default/box.o
 .debug_frame   0x0000000000000050       0x40 c:/intelfpga_lite/18.0/nios2eds/bin/gnu/h-x86_64-mingw32/bin/../lib/gcc/nios2-elf/5.3.0/../../../../../H-x86_64-mingw32/nios2-elf/lib\libsmallc.a(lib_a-itoa.o)
 .debug_frame   0x0000000000000090       0x48 c:/intelfpga_lite/18.0/nios2eds/bin/gnu/h-x86_64-mingw32/bin/../lib/gcc/nios2-elf/5.3.0/../../../../../H-x86_64-mingw32/nios2-elf/lib\libsmallc.a(lib_a-printf.o)
 .debug_frame   0x00000000000000d8       0x58 c:/intelfpga_lite/18.0/nios2eds/bin/gnu/h-x86_64-mingw32/bin/../lib/gcc/nios2-elf/5.3.0/../../../../../H-x86_64-mingw32/nios2-elf/lib\libsmallc.a(lib_a-utoa.o)
 .debug_frame   0x0000000000000130       0x8c c:/intelfpga_lite/18.0/nios2eds/bin/gnu/h-x86_64-mingw32/bin/../lib/gcc/nios2-elf/5.3.0/../../../../../H-x86_64-mingw32/nios2-elf/lib\libsmallc.a(lib_a-vfprintf.o)
 .debug_frame   0x00000000000001bc       0x58 c:/intelfpga_lite/18.0/nios2eds/bin/gnu/h-x86_64-mingw32/bin/../lib/gcc/nios2-elf/5.3.0/../../../../../H-x86_64-mingw32/nios2-elf/lib\libsmallc.a(lib_a-fvwrite_small_dev.o)
 .debug_frame   0x0000000000000214       0x20 c:/intelfpga_lite/18.0/nios2eds/bin/gnu/h-x86_64-mingw32/bin/../lib/gcc/nios2-elf/5.3.0/../../../../../H-x86_64-mingw32/nios2-elf/lib\libsmallc.a(lib_a-memcpy.o)
 .debug_frame   0x0000000000000234       0x20 c:/intelfpga_lite/18.0/nios2eds/bin/gnu/h-x86_64-mingw32/bin/../lib/gcc/nios2-elf/5.3.0/../../../../../H-x86_64-mingw32/nios2-elf/lib\libsmallc.a(lib_a-strlen.o)
 .debug_frame   0x0000000000000254       0x38 c:/intelfpga_lite/18.0/nios2eds/bin/gnu/h-x86_64-mingw32/bin/../lib/gcc/nios2-elf/5.3.0/../../../../../H-x86_64-mingw32/nios2-elf/lib\libsmallc.a(lib_a-writer.o)
 .debug_frame   0x000000000000028c       0x50 c:/intelfpga_lite/18.0/nios2eds/bin/gnu/h-x86_64-mingw32/bin/../lib/gcc/nios2-elf/5.3.0\libgcc.a(lib2-divmod.o)
 .debug_frame   0x00000000000002dc       0x5c ../box_bsp/\libhal_bsp.a(alt_load.o)
 .debug_frame   0x0000000000000338       0x2c ../box_bsp/\libhal_bsp.a(alt_main.o)
 .debug_frame   0x0000000000000364       0x38 ../box_bsp/\libhal_bsp.a(alt_usleep.o)
 .debug_frame   0x000000000000039c       0x60 ../box_bsp/\libhal_bsp.a(alt_write.o)
 .debug_frame   0x00000000000003fc       0x88 ../box_bsp/\libhal_bsp.a(alt_sys_init.o)
 .debug_frame   0x0000000000000484       0x60 ../box_bsp/\libhal_bsp.a(altera_avalon_jtag_uart_fd.o)
 .debug_frame   0x00000000000004e4       0x34 ../box_bsp/\libhal_bsp.a(altera_avalon_jtag_uart_read.o)
 .debug_frame   0x0000000000000518       0x34 ../box_bsp/\libhal_bsp.a(altera_avalon_jtag_uart_write.o)
 .debug_frame   0x000000000000054c       0x60 ../box_bsp/\libhal_bsp.a(altera_avalon_timer_sc.o)
 .debug_frame   0x00000000000005ac      0x270 ../box_bsp/\libhal_bsp.a(altera_up_avalon_video_pixel_buffer_dma.o)
 .debug_frame   0x000000000000081c       0x38 ../box_bsp/\libhal_bsp.a(alt_busy_sleep.o)
 .debug_frame   0x0000000000000854       0x60 ../box_bsp/\libhal_bsp.a(alt_close.o)
 .debug_frame   0x00000000000008b4       0x34 ../box_bsp/\libhal_bsp.a(alt_dcache_flush_all.o)
 .debug_frame   0x00000000000008e8       0x34 ../box_bsp/\libhal_bsp.a(alt_dev.o)
 .debug_frame   0x000000000000091c       0x60 ../box_bsp/\libhal_bsp.a(alt_dev_llist_insert.o)
 .debug_frame   0x000000000000097c       0x38 ../box_bsp/\libhal_bsp.a(alt_do_ctors.o)
 .debug_frame   0x00000000000009b4       0x38 ../box_bsp/\libhal_bsp.a(alt_do_dtors.o)
 .debug_frame   0x00000000000009ec       0x38 ../box_bsp/\libhal_bsp.a(alt_find_dev.o)
 .debug_frame   0x0000000000000a24       0x38 ../box_bsp/\libhal_bsp.a(alt_icache_flush_all.o)
 .debug_frame   0x0000000000000a5c       0xa4 ../box_bsp/\libhal_bsp.a(alt_iic.o)
 .debug_frame   0x0000000000000b00       0x38 ../box_bsp/\libhal_bsp.a(alt_iic_isr_register.o)
 .debug_frame   0x0000000000000b38       0x60 ../box_bsp/\libhal_bsp.a(alt_io_redirect.o)
 .debug_frame   0x0000000000000b98       0x38 ../box_bsp/\libhal_bsp.a(alt_irq_handler.o)
 .debug_frame   0x0000000000000bd0       0x84 ../box_bsp/\libhal_bsp.a(alt_open.o)
 .debug_frame   0x0000000000000c54       0x34 ../box_bsp/\libhal_bsp.a(alt_release_fd.o)
 .debug_frame   0x0000000000000c88       0x5c ../box_bsp/\libhal_bsp.a(alt_tick.o)
 .debug_frame   0x0000000000000ce4       0x34 ../box_bsp/\libhal_bsp.a(altera_nios2_gen2_irq.o)
 .debug_frame   0x0000000000000d18       0x38 ../box_bsp/\libhal_bsp.a(alt_find_file.o)
 .debug_frame   0x0000000000000d50       0x34 ../box_bsp/\libhal_bsp.a(alt_get_fd.o)
 .debug_frame   0x0000000000000d84       0x34 ../box_bsp/\libhal_bsp.a(alt_icache_flush.o)
 .debug_frame   0x0000000000000db8       0x5c ../box_bsp/\libhal_bsp.a(alt_instruction_exception_entry.o)
 .debug_frame   0x0000000000000e14       0x20 c:/intelfpga_lite/18.0/nios2eds/bin/gnu/h-x86_64-mingw32/bin/../lib/gcc/nios2-elf/5.3.0/../../../../../H-x86_64-mingw32/nios2-elf/lib\libsmallc.a(lib_a-atexit.o)
 .debug_frame   0x0000000000000e34       0x28 c:/intelfpga_lite/18.0/nios2eds/bin/gnu/h-x86_64-mingw32/bin/../lib/gcc/nios2-elf/5.3.0/../../../../../H-x86_64-mingw32/nios2-elf/lib\libsmallc.a(lib_a-exit.o)
 .debug_frame   0x0000000000000e5c       0x20 c:/intelfpga_lite/18.0/nios2eds/bin/gnu/h-x86_64-mingw32/bin/../lib/gcc/nios2-elf/5.3.0/../../../../../H-x86_64-mingw32/nios2-elf/lib\libsmallc.a(lib_a-memcmp.o)
 .debug_frame   0x0000000000000e7c       0x48 c:/intelfpga_lite/18.0/nios2eds/bin/gnu/h-x86_64-mingw32/bin/../lib/gcc/nios2-elf/5.3.0/../../../../../H-x86_64-mingw32/nios2-elf/lib\libsmallc.a(lib_a-__atexit.o)
 .debug_frame   0x0000000000000ec4       0x54 c:/intelfpga_lite/18.0/nios2eds/bin/gnu/h-x86_64-mingw32/bin/../lib/gcc/nios2-elf/5.3.0/../../../../../H-x86_64-mingw32/nios2-elf/lib\libsmallc.a(lib_a-__call_atexit.o)
 .debug_frame   0x0000000000000f18       0x2c ../box_bsp/\libhal_bsp.a(alt_exit.o)

.debug_str      0x0000000000000000     0x2269
 *(.debug_str)
 .debug_str     0x0000000000000000      0x253 obj/default/box.o
                                        0x2cc (size before relaxing)
 .debug_str     0x0000000000000253      0x12c c:/intelfpga_lite/18.0/nios2eds/bin/gnu/h-x86_64-mingw32/bin/../lib/gcc/nios2-elf/5.3.0/../../../../../H-x86_64-mingw32/nios2-elf/lib\libsmallc.a(lib_a-itoa.o)
                                        0x1da (size before relaxing)
 .debug_str     0x000000000000037f      0x3b2 c:/intelfpga_lite/18.0/nios2eds/bin/gnu/h-x86_64-mingw32/bin/../lib/gcc/nios2-elf/5.3.0/../../../../../H-x86_64-mingw32/nios2-elf/lib\libsmallc.a(lib_a-printf.o)
                                        0x4ea (size before relaxing)
 .debug_str     0x0000000000000731       0x50 c:/intelfpga_lite/18.0/nios2eds/bin/gnu/h-x86_64-mingw32/bin/../lib/gcc/nios2-elf/5.3.0/../../../../../H-x86_64-mingw32/nios2-elf/lib\libsmallc.a(lib_a-utoa.o)
                                        0x1e4 (size before relaxing)
 .debug_str     0x0000000000000781      0x1e9 c:/intelfpga_lite/18.0/nios2eds/bin/gnu/h-x86_64-mingw32/bin/../lib/gcc/nios2-elf/5.3.0/../../../../../H-x86_64-mingw32/nios2-elf/lib\libsmallc.a(lib_a-vfprintf.o)
                                        0x665 (size before relaxing)
 .debug_str     0x000000000000096a       0x75 c:/intelfpga_lite/18.0/nios2eds/bin/gnu/h-x86_64-mingw32/bin/../lib/gcc/nios2-elf/5.3.0/../../../../../H-x86_64-mingw32/nios2-elf/lib\libsmallc.a(lib_a-fvwrite_small_dev.o)
                                        0x4ba (size before relaxing)
 .debug_str     0x00000000000009df       0xe1 c:/intelfpga_lite/18.0/nios2eds/bin/gnu/h-x86_64-mingw32/bin/../lib/gcc/nios2-elf/5.3.0/../../../../../H-x86_64-mingw32/nios2-elf/lib\libsmallc.a(lib_a-impure.o)
                                        0x4a4 (size before relaxing)
 .debug_str     0x0000000000000ac0       0xd8 c:/intelfpga_lite/18.0/nios2eds/bin/gnu/h-x86_64-mingw32/bin/../lib/gcc/nios2-elf/5.3.0/../../../../../H-x86_64-mingw32/nios2-elf/lib\libsmallc.a(lib_a-memcpy.o)
                                        0x1d9 (size before relaxing)
 .debug_str     0x0000000000000b98       0x3a c:/intelfpga_lite/18.0/nios2eds/bin/gnu/h-x86_64-mingw32/bin/../lib/gcc/nios2-elf/5.3.0/../../../../../H-x86_64-mingw32/nios2-elf/lib\libsmallc.a(lib_a-strlen.o)
                                        0x1cb (size before relaxing)
 .debug_str     0x0000000000000bd2       0x42 c:/intelfpga_lite/18.0/nios2eds/bin/gnu/h-x86_64-mingw32/bin/../lib/gcc/nios2-elf/5.3.0/../../../../../H-x86_64-mingw32/nios2-elf/lib\libsmallc.a(lib_a-writer.o)
                                        0x49e (size before relaxing)
 .debug_str     0x0000000000000c14       0x3c c:/intelfpga_lite/18.0/nios2eds/bin/gnu/h-x86_64-mingw32/bin/../lib/gcc/nios2-elf/5.3.0/../../../../../H-x86_64-mingw32/nios2-elf/lib\libsmallc.a(lib_a-int_errno.o)
                                        0x1be (size before relaxing)
 .debug_str     0x0000000000000c50      0x16d c:/intelfpga_lite/18.0/nios2eds/bin/gnu/h-x86_64-mingw32/bin/../lib/gcc/nios2-elf/5.3.0\libgcc.a(lib2-divmod.o)
                                        0x1b8 (size before relaxing)
 .debug_str     0x0000000000000dbd      0x14b ../box_bsp/\libhal_bsp.a(alt_load.o)
                                        0x22f (size before relaxing)
 .debug_str     0x0000000000000f08       0x44 ../box_bsp/\libhal_bsp.a(alt_main.o)
                                        0x1ba (size before relaxing)
 .debug_str     0x0000000000000f4c       0x27 ../box_bsp/\libhal_bsp.a(alt_usleep.o)
                                        0x165 (size before relaxing)
 .debug_str     0x0000000000000f73      0x10d ../box_bsp/\libhal_bsp.a(alt_write.o)
                                        0x315 (size before relaxing)
 .debug_str     0x0000000000001080      0x1fd ../box_bsp/\libhal_bsp.a(alt_sys_init.o)
                                        0x4a6 (size before relaxing)
 .debug_str     0x000000000000127d       0x70 ../box_bsp/\libhal_bsp.a(altera_avalon_jtag_uart_fd.o)
                                        0x2f2 (size before relaxing)
 .debug_str     0x00000000000012ed       0x48 ../box_bsp/\libhal_bsp.a(altera_avalon_jtag_uart_read.o)
                                        0x23c (size before relaxing)
 .debug_str     0x0000000000001335       0x4a ../box_bsp/\libhal_bsp.a(altera_avalon_jtag_uart_write.o)
                                        0x232 (size before relaxing)
 .debug_str     0x000000000000137f       0xb6 ../box_bsp/\libhal_bsp.a(altera_avalon_timer_sc.o)
                                        0x268 (size before relaxing)
 .debug_str     0x0000000000001435      0x270 ../box_bsp/\libhal_bsp.a(altera_up_avalon_video_pixel_buffer_dma.o)
                                        0x52e (size before relaxing)
 .debug_str     0x00000000000016a5       0x42 ../box_bsp/\libhal_bsp.a(alt_busy_sleep.o)
                                        0x188 (size before relaxing)
 .debug_str     0x00000000000016e7       0x1b ../box_bsp/\libhal_bsp.a(alt_close.o)
                                        0x228 (size before relaxing)
 .debug_str     0x0000000000001702       0x34 ../box_bsp/\libhal_bsp.a(alt_dcache_flush_all.o)
                                        0x172 (size before relaxing)
 .debug_str     0x0000000000001736       0x50 ../box_bsp/\libhal_bsp.a(alt_dev.o)
                                        0x322 (size before relaxing)
 .debug_str     0x0000000000001786       0x45 ../box_bsp/\libhal_bsp.a(alt_dev_llist_insert.o)
                                        0x1e9 (size before relaxing)
 .debug_str     0x00000000000017cb       0x48 ../box_bsp/\libhal_bsp.a(alt_do_ctors.o)
                                         0xed (size before relaxing)
 .debug_str     0x0000000000001813       0x4c ../box_bsp/\libhal_bsp.a(alt_do_dtors.o)
                                         0xec (size before relaxing)
 .debug_str     0x000000000000185f       0x14 ../box_bsp/\libhal_bsp.a(alt_errno.o)
                                        0x162 (size before relaxing)
 .debug_str     0x0000000000001873       0x24 ../box_bsp/\libhal_bsp.a(alt_find_dev.o)
                                        0x209 (size before relaxing)
 .debug_str     0x0000000000001897       0x34 ../box_bsp/\libhal_bsp.a(alt_icache_flush_all.o)
                                        0x172 (size before relaxing)
 .debug_str     0x00000000000018cb       0xbd ../box_bsp/\libhal_bsp.a(alt_iic.o)
                                        0x25b (size before relaxing)
 .debug_str     0x0000000000001988       0x4c ../box_bsp/\libhal_bsp.a(alt_iic_isr_register.o)
                                        0x205 (size before relaxing)
 .debug_str     0x00000000000019d4       0x56 ../box_bsp/\libhal_bsp.a(alt_io_redirect.o)
                                        0x333 (size before relaxing)
 .debug_str     0x0000000000001a2a       0x3a ../box_bsp/\libhal_bsp.a(alt_irq_handler.o)
                                        0x1b4 (size before relaxing)
 .debug_str     0x0000000000001a64       0x17 ../box_bsp/\libhal_bsp.a(alt_irq_vars.o)
                                        0x157 (size before relaxing)
 .debug_str     0x0000000000001a7b       0x2f ../box_bsp/\libhal_bsp.a(alt_open.o)
                                        0x268 (size before relaxing)
 .debug_str     0x0000000000001aaa       0x28 ../box_bsp/\libhal_bsp.a(alt_release_fd.o)
                                        0x1f0 (size before relaxing)
 .debug_str     0x0000000000001ad2       0x78 ../box_bsp/\libhal_bsp.a(alt_tick.o)
                                        0x26f (size before relaxing)
 .debug_str     0x0000000000001b4a       0x3b ../box_bsp/\libhal_bsp.a(altera_nios2_gen2_irq.o)
                                        0x179 (size before relaxing)
 .debug_str     0x0000000000001b85       0x26 ../box_bsp/\libhal_bsp.a(alt_find_file.o)
                                        0x217 (size before relaxing)
 .debug_str     0x0000000000001bab       0x30 ../box_bsp/\libhal_bsp.a(alt_get_fd.o)
                                        0x239 (size before relaxing)
 .debug_str     0x0000000000001bdb       0x2c ../box_bsp/\libhal_bsp.a(alt_icache_flush.o)
                                        0x178 (size before relaxing)
 .debug_str     0x0000000000001c07      0x48b ../box_bsp/\libhal_bsp.a(alt_instruction_exception_entry.o)
                                        0x5bd (size before relaxing)
 .debug_str     0x0000000000002092       0x7e c:/intelfpga_lite/18.0/nios2eds/bin/gnu/h-x86_64-mingw32/bin/../lib/gcc/nios2-elf/5.3.0/../../../../../H-x86_64-mingw32/nios2-elf/lib\libsmallc.a(lib_a-atexit.o)
                                        0x202 (size before relaxing)
 .debug_str     0x0000000000002110       0x49 c:/intelfpga_lite/18.0/nios2eds/bin/gnu/h-x86_64-mingw32/bin/../lib/gcc/nios2-elf/5.3.0/../../../../../H-x86_64-mingw32/nios2-elf/lib\libsmallc.a(lib_a-exit.o)
                                        0x1d6 (size before relaxing)
 .debug_str     0x0000000000002159       0x41 c:/intelfpga_lite/18.0/nios2eds/bin/gnu/h-x86_64-mingw32/bin/../lib/gcc/nios2-elf/5.3.0/../../../../../H-x86_64-mingw32/nios2-elf/lib\libsmallc.a(lib_a-memcmp.o)
                                        0x1c5 (size before relaxing)
 .debug_str     0x000000000000219a       0x43 c:/intelfpga_lite/18.0/nios2eds/bin/gnu/h-x86_64-mingw32/bin/../lib/gcc/nios2-elf/5.3.0/../../../../../H-x86_64-mingw32/nios2-elf/lib\libsmallc.a(lib_a-__atexit.o)
                                        0x4e5 (size before relaxing)
 .debug_str     0x00000000000021dd       0x62 c:/intelfpga_lite/18.0/nios2eds/bin/gnu/h-x86_64-mingw32/bin/../lib/gcc/nios2-elf/5.3.0/../../../../../H-x86_64-mingw32/nios2-elf/lib\libsmallc.a(lib_a-__call_atexit.o)
                                        0x4d1 (size before relaxing)
 .debug_str     0x000000000000223f       0x2a ../box_bsp/\libhal_bsp.a(alt_exit.o)
                                        0x16e (size before relaxing)

.debug_loc      0x0000000000000000     0x18d2
 *(.debug_loc)
 .debug_loc     0x0000000000000000      0x13c c:/intelfpga_lite/18.0/nios2eds/bin/gnu/h-x86_64-mingw32/bin/../lib/gcc/nios2-elf/5.3.0/../../../../../H-x86_64-mingw32/nios2-elf/lib\libsmallc.a(lib_a-itoa.o)
 .debug_loc     0x000000000000013c       0xc6 c:/intelfpga_lite/18.0/nios2eds/bin/gnu/h-x86_64-mingw32/bin/../lib/gcc/nios2-elf/5.3.0/../../../../../H-x86_64-mingw32/nios2-elf/lib\libsmallc.a(lib_a-printf.o)